Microchip MPLAB XC8 Compiler V1.45 ()

Linker command line:

-W-3 --edf=C:\Program Files (x86)\Microchip\xc8\v1.45\dat\en_msgs.txt -cs \
  -h+dist/default/production\Node915.X.production.sym \
  --cmf=dist/default/production\Node915.X.production.cmf -z -Q18LF46K22 \
  -oC:\Users\NATTAPAK\AppData\Local\Temp\s8b4.2 \
  -Mdist/default/production/Node915.X.production.map -E1 -ver=XC8 \
  -ASTACK=06AEh-0f37h -pstack=STACK -ACODE=00h-0FFFFh -ACONST=00h-0FFFFh \
  -ASMALLCONST=01000h-010FFhx240 -AMEDIUMCONST=01000h-0FFFFh \
  -ACOMRAM=01h-05Fh -AABS1=00h-0F37h -ABIGRAM=01h-0F37h \
  -ARAM=060h-0FFh,0100h-01FFhx14,0F00h-0F37h -ABANK0=060h-0FFh \
  -ABANK1=0100h-01FFh -ABANK2=0200h-02FFh -ABANK3=0300h-03FFh \
  -ABANK4=0400h-04FFh -ABANK5=0500h-05FFh -ABANK6=0600h-06FFh \
  -ABANK7=0700h-07FFh -ABANK8=0800h-08FFh -ABANK9=0900h-09FFh \
  -ABANK10=0A00h-0AFFh -ABANK11=0B00h-0BFFh -ABANK12=0C00h-0CFFh \
  -ABANK13=0D00h-0DFFh -ABANK14=0E00h-0EFFh -ABANK15=0F00h-0F37h \
  -ASFR=0F38h-0F5Fh,0F60h-0FFFh \
  -preset_vec=00h,intcode=08h,intcodelo,powerup,init -pramtop=01000h \
  -psmallconst=SMALLCONST -pmediumconst=MEDIUMCONST -pconst=CONST \
  -AFARRAM=00h-00h -ACONFIG=0300000h-030000Dh -pconfig=CONFIG \
  -AIDLOC=0200000h-0200007h -pidloc=IDLOC -AEEDATA=0F00000h-0F003FFh \
  -peeprom_data=EEDATA \
  -prdata=COMRAM,nvrram=COMRAM,nvbit=COMRAM,rbss=COMRAM,rbit=COMRAM \
  -pfarbss=FARRAM,fardata=FARRAM,nvFARRAM=FARRAM \
  -pintsave_regs=BIGRAM,bigbss=BIGRAM,bigdata=BIGRAM -pbss=RAM \
  -pidata=CODE,irdata=CODE,ibigdata=CODE,ifardata=CODE -prparam=COMRAM \
  C:\Users\NATTAPAK\AppData\Local\Temp\s8b4.obj \
  dist/default/production\Node915.X.production.obj 

Object code version is 3.11

Machine type is 18LF46K22

Call graph: (short form)




                Name                               Link     Load   Length Selector   Space Scale
C:\Users\NATTAPAK\AppData\Local\Temp\s8b4.obj
                stack                               6AE      6AE      88A      6AE       2
                init                                 7E       7E        8        4       0
                reset_vec                             0        0        4        0       0
                idloc                            200000   200000        8   200000       0
                config                           300000   300000        E   300000       0
dist/default/production\Node915.X.production.obj
                intcode                               8        8       76        4       0
                temp                                 48       48        C        1       1
                mediumconst                        FE1E     FE1E      1E2     7F0F       0
                text212                            7EB4     7EB4        2        4       0
                text211                            7E82     7E82        6        4       0
                text210                            7B7A     7B7A       20        4       0
                text209                            7E5C     7E5C        8        4       0
                text208                            7EB2     7EB2        2        4       0
                text207                            7E7C     7E7C        6        4       0
                text206                            7B5A     7B5A       20        4       0
                text205                            7E54     7E54        8        4       0
                text204                            7EB0     7EB0        2        4       0
                text203                            7E76     7E76        6        4       0
                text202                            7B3A     7B3A       20        4       0
                text201                            7E42     7E42        A        4       0
                text200                            7B1A     7B1A       20        4       0
                text199                            40EC     40EC      170        4       0
                text198                            4FBC     4FBC      100        4       0
                text197                            7BF4     7BF4       1C        4       0
                text196                            73C2     73C2       44        4       0
                text195                            6FAE     6FAE       56        4       0
                text194                            7EAE     7EAE        2        4       0
                text193                            7AFA     7AFA       20        4       0
                text192                            7CE4     7CE4       14        4       0
                text190                            6280     6280       8C        4       0
                text189                            7056     7056       52        4       0
                text188                            6C7C     6C7C       60        4       0
                text187                            773A     773A       30        4       0
                text186                            737E     737E       44        4       0
                text185                            733A     733A       44        4       0
                text184                            7A78     7A78       22        4       0
                text183                            3DE4     3DE4      18A        4       0
                text182                            4EBA     4EBA      102        4       0
                text181                            7ADA     7ADA       20        4       0
                text180                            7196     7196       4A        4       0
                text179                            615A     615A       96        4       0
                text178                            60C4     60C4       96        4       0
                text177                            7912     7912       28        4       0
                text176                            6526     6526       84        4       0
                text175                            6EAA     6EAA       58        4       0
                text174                            452C     452C      15E        4       0
                text173                            7E9C     7E9C        4        4       0
                text172                            7E98     7E98        4        4       0
                text171                            7C44     7C44       1A        4       0
                text170                            770A     770A       30        4       0
                text169                            7228     7228       46        4       0
                text168                            7E94     7E94        4        4       0
                text167                            7E90     7E90        4        4       0
                text166                            7D0A     7D0A       12        4       0
                text165                            7D88     7D88        E        4       0
                text164                            7ABA     7ABA       20        4       0
                text163                            6A2A     6A2A       68        4       0
                text162                            539E     539E       F0        4       0
                text161                            7D96     7D96        C        4       0
                text160                            78EA     78EA       28        4       0
                text159                            50BC     50BC       FE        4       0
                text158                            72F6     72F6       44        4       0
                text157                            388E     388E      1EE        4       0
                text156                            7E38     7E38        A        4       0
                text155                            7E2E     7E2E        A        4       0
                text154                            7004     7004       52        4       0
                text153                            548E     548E       EA        4       0
                text152                            3F6E     3F6E      17E        4       0
                text151                            5E3C     5E3C       A8        4       0
                text150                            5744     5744       DE        4       0
                text149                            7D5C     7D5C       10        4       0
                text148                            6C1C     6C1C       60        4       0
                text147                            2B84     2B84      2A4        4       0
                text146                            43C8     43C8      164        4       0
                text145                            2282     2282      34A        4       0
                text144                            757C     757C       36        4       0
                text143                            6B5A     6B5A       62        4       0
                text142                            468A     468A      14C        4       0
                text141                            1ED8     1ED8      3AA        4       0
                text140                            6AF8     6AF8       62        4       0
                text139                            72B2     72B2       44        4       0
                text138                            6DF4     6DF4       5C        4       0
                text137                            7A56     7A56       22        4       0
                text136                            3C54     3C54      190        4       0
                text135                            69C2     69C2       68        4       0
                text134                            6958     6958       6A        4       0
                text133                            52AE     52AE       F0        4       0
                text132                             D12      D12      500        4       0
                text131                            2E28     2E28      23A        4       0
                text130                            70F8     70F8       50        4       0
                text129                            68EA     68EA       6E        4       0
                text128                            7E24     7E24        A        4       0
                text127                            7E1A     7E1A        A        4       0
                text126                            630C     630C       8A        4       0
                text125                            7E10     7E10        A        4       0
                text124                            7E06     7E06        A        4       0
                text123                            7DFC     7DFC        A        4       0
                text122                            4DB2     4DB2      108        4       0
                text121                            369E     369E      1F0        4       0
                text120                            7C2A     7C2A       1A        4       0
                text119                            5EE4     5EE4       A4        4       0
                text118                            7CD0     7CD0       14        4       0
                text117                            7E70     7E70        6        4       0
                text116                            7EAC     7EAC        2        4       0
                text115                            28C2     28C2      2C2        4       0
                text114                            7488     7488       40        4       0
                text113                            4914     4914      130        4       0
                text112                            6D3A     6D3A       5E        4       0
                text111                            65AA     65AA       82        4       0
                text110                            5D90     5D90       AC        4       0
                text109                            641C     641C       86        4       0
                text108                            6E50     6E50       5A        4       0
                text107                            5A9E     5A9E       CA        4       0
                text106                            51BA     51BA       F4        4       0
                text105                            6396     6396       86        4       0
                text104                            3A7C     3A7C      1D8        4       0
                text103                            5822     5822       D6        4       0
                text102                            7E6A     7E6A        6        4       0
                text101                            16C6     16C6      462        4       0
                text100                            1B28     1B28      3B0        4       0
                text99                             6BBC     6BBC       60        4       0
                text98                             7A34     7A34       22        4       0
                text97                             59CC     59CC       D2        4       0
                text96                             7DF2     7DF2        A        4       0
                text95                             7960     7960       26        4       0
                text94                             7C10     7C10       1A        4       0
                text93                             79AA     79AA       24        4       0
                text92                             726E     726E       44        4       0
                text91                             5B68     5B68       BA        4       0
                text90                             7DE8     7DE8        A        4       0
                text89                             7DDE     7DDE        A        4       0
                text88                             7A9A     7A9A       20        4       0
                text87                             7C8E     7C8E       18        4       0
                text86                             1212     1212      4B4        4       0
                text85                             7648     7648       32        4       0
                text84                             7BD6     7BD6       1E        4       0
                text83                             77F2     77F2       2C        4       0
                text82                             7986     7986       24        4       0
                text81                             64A2     64A2       84        4       0
                text80                             76DA     76DA       30        4       0
                text79                             34A8     34A8      1F6        4       0
                text78                             7CA6     7CA6       16        4       0
                text77                             7BB8     7BB8       1E        4       0
                text76                             687A     687A       70        4       0
                text75                             7C76     7C76       18        4       0
                text74                             3294     3294      214        4       0
                text73                             78C2     78C2       28        4       0
                text72                             7406     7406       42        4       0
                text71                             789A     789A       28        4       0
                text70                             25CC     25CC      2F6        4       0
                text69                             7EAA     7EAA        2        4       0
                text68                             76AA     76AA       30        4       0
                text67                             7DD4     7DD4        A        4       0
                text66                             7DCA     7DCA        A        4       0
                text65                             6D98     6D98       5C        4       0
                text64                             7848     7848       2A        4       0
                text63                             3062     3062      232        4       0
                text62                             7E64     7E64        6        4       0
                text61                             7CF8     7CF8       12        4       0
                text60                             7CBC     7CBC       14        4       0
                text59                             66A8     66A8       7A        4       0
                text58                             662C     662C       7C        4       0
                text57                             7EA8     7EA8        2        4       0
                text56                             7EA6     7EA6        2        4       0
                text55                             7A12     7A12       22        4       0
                text54                             6808     6808       72        4       0
                text53                               86       86      C8C        4       0
                text52                             4A44     4A44      12E        4       0
                text51                             6CDC     6CDC       5E        4       0
                text50                             5CDA     5CDA       B6        4       0
                text49                             6A92     6A92       66        4       0
                text48                             565E     565E       E6        4       0
                text47                             4B72     4B72      128        4       0
                text46                             7616     7616       32        4       0
                text45                             61F0     61F0       90        4       0
                text44                             7448     7448       40        4       0
                text43                             767A     767A       30        4       0
                text42                             7148     7148       4E        4       0
                text41                             6F58     6F58       56        4       0
                text40                             79F0     79F0       22        4       0
                text39                             75E4     75E4       32        4       0
                text38                             7872     7872       28        4       0
                text37                             70A8     70A8       50        4       0
                text36                             75B2     75B2       32        4       0
                text35                             6722     6722       74        4       0
                text34                             7506     7506       3E        4       0
                text33                             71E0     71E0       48        4       0
                text32                             5C22     5C22       B8        4       0
                text31                             58F8     58F8       D4        4       0
                text30                             425C     425C      16C        4       0
                text29                             4C9A     4C9A      118        4       0
                text28                             793A     793A       26        4       0
                text27                             47D6     47D6      13E        4       0
                text26                             602A     602A       9A        4       0
                text25                             5578     5578       E6        4       0
                text24                             74C8     74C8       3E        4       0
                text23                             7798     7798       2E        4       0
                text22                             7C5E     7C5E       18        4       0
                text21                             776A     776A       2E        4       0
                text20                             7DC0     7DC0        A        4       0
                text19                             7DB6     7DB6        A        4       0
                text18                             781E     781E       2A        4       0
                text17                             7E8C     7E8C        4        4       0
                text16                             7D4C     7D4C       10        4       0
                text15                             7D3C     7D3C       10        4       0
                text14                             7DAC     7DAC        A        4       0
                text13                             7D2C     7D2C       10        4       0
                text12                             7EA4     7EA4        2        4       0
                text11                             7EA2     7EA2        2        4       0
                text10                             7EA0     7EA0        2        4       0
                text9                              7E4C     7E4C        8        4       0
                text8                              7DA2     7DA2        A        4       0
                text7                              7D1C     7D1C       10        4       0
                text6                              79CE     79CE       22        4       0
                text5                              7D7A     7D7A        E        4       0
                text4                              6F02     6F02       56        4       0
                text3                              7D6C     7D6C        E        4       0
                text2                              77C6     77C6       2C        4       0
                text1                              7B9A     7B9A       1E        4       0
                text0                              6796     6796       72        4       0
                cstackCOMRAM                          1        1       3B        1       1
                cstackBANK0                          60       60       99       60       1
                cstackBANK1                         100      100       69      100       1
                bssBIGRAM                           490      490      21E      490       1
                bssBANK4                            400      400       90      400       1
                bssBANK3                            300      300       A0      300       1
                bssBANK2                            200      200       E7      200       1
                dataBANK1                           1BA      1BA       38      100       1
                bssBANK1                            169      169       51      100       1
                bssBANK0                             F9       F9        7       60       1
                dataCOMRAM                           54       54        4        1       1
                bssCOMRAM                            3C       3C        C        1       1
                cinit                              5F88     5F88       A2        4       0
                nvBANK1                             1F2      1F2        A      100       1
                idataBANK1                         7544     7544       38        4       0
                idataCOMRAM                        7E88     7E88        4        4       0

TOTAL           Name                               Link     Load   Length     Space
        CLASS   STACK          
                stack                               6AE      6AE      88A         2

        CLASS   CODE           
                intcode                               8        8       76         0
                init                                 7E       7E        8         0
                reset_vec                             0        0        4         0
                text212                            7EB4     7EB4        2         0
                text211                            7E82     7E82        6         0
                text210                            7B7A     7B7A       20         0
                text209                            7E5C     7E5C        8         0
                text208                            7EB2     7EB2        2         0
                text207                            7E7C     7E7C        6         0
                text206                            7B5A     7B5A       20         0
                text205                            7E54     7E54        8         0
                text204                            7EB0     7EB0        2         0
                text203                            7E76     7E76        6         0
                text202                            7B3A     7B3A       20         0
                text201                            7E42     7E42        A         0
                text200                            7B1A     7B1A       20         0
                text199                            40EC     40EC      170         0
                text198                            4FBC     4FBC      100         0
                text197                            7BF4     7BF4       1C         0
                text196                            73C2     73C2       44         0
                text195                            6FAE     6FAE       56         0
                text194                            7EAE     7EAE        2         0
                text193                            7AFA     7AFA       20         0
                text192                            7CE4     7CE4       14         0
                text190                            6280     6280       8C         0
                text189                            7056     7056       52         0
                text188                            6C7C     6C7C       60         0
                text187                            773A     773A       30         0
                text186                            737E     737E       44         0
                text185                            733A     733A       44         0
                text184                            7A78     7A78       22         0
                text183                            3DE4     3DE4      18A         0
                text182                            4EBA     4EBA      102         0
                text181                            7ADA     7ADA       20         0
                text180                            7196     7196       4A         0
                text179                            615A     615A       96         0
                text178                            60C4     60C4       96         0
                text177                            7912     7912       28         0
                text176                            6526     6526       84         0
                text175                            6EAA     6EAA       58         0
                text174                            452C     452C      15E         0
                text173                            7E9C     7E9C        4         0
                text172                            7E98     7E98        4         0
                text171                            7C44     7C44       1A         0
                text170                            770A     770A       30         0
                text169                            7228     7228       46         0
                text168                            7E94     7E94        4         0
                text167                            7E90     7E90        4         0
                text166                            7D0A     7D0A       12         0
                text165                            7D88     7D88        E         0
                text164                            7ABA     7ABA       20         0
                text163                            6A2A     6A2A       68         0
                text162                            539E     539E       F0         0
                text161                            7D96     7D96        C         0
                text160                            78EA     78EA       28         0
                text159                            50BC     50BC       FE         0
                text158                            72F6     72F6       44         0
                text157                            388E     388E      1EE         0
                text156                            7E38     7E38        A         0
                text155                            7E2E     7E2E        A         0
                text154                            7004     7004       52         0
                text153                            548E     548E       EA         0
                text152                            3F6E     3F6E      17E         0
                text151                            5E3C     5E3C       A8         0
                text150                            5744     5744       DE         0
                text149                            7D5C     7D5C       10         0
                text148                            6C1C     6C1C       60         0
                text147                            2B84     2B84      2A4         0
                text146                            43C8     43C8      164         0
                text145                            2282     2282      34A         0
                text144                            757C     757C       36         0
                text143                            6B5A     6B5A       62         0
                text142                            468A     468A      14C         0
                text141                            1ED8     1ED8      3AA         0
                text140                            6AF8     6AF8       62         0
                text139                            72B2     72B2       44         0
                text138                            6DF4     6DF4       5C         0
                text137                            7A56     7A56       22         0
                text136                            3C54     3C54      190         0
                text135                            69C2     69C2       68         0
                text134                            6958     6958       6A         0
                text133                            52AE     52AE       F0         0
                text132                             D12      D12      500         0
                text131                            2E28     2E28      23A         0
                text130                            70F8     70F8       50         0
                text129                            68EA     68EA       6E         0
                text128                            7E24     7E24        A         0
                text127                            7E1A     7E1A        A         0
                text126                            630C     630C       8A         0
                text125                            7E10     7E10        A         0
                text124                            7E06     7E06        A         0
                text123                            7DFC     7DFC        A         0
                text122                            4DB2     4DB2      108         0
                text121                            369E     369E      1F0         0
                text120                            7C2A     7C2A       1A         0
                text119                            5EE4     5EE4       A4         0
                text118                            7CD0     7CD0       14         0
                text117                            7E70     7E70        6         0
                text116                            7EAC     7EAC        2         0
                text115                            28C2     28C2      2C2         0
                text114                            7488     7488       40         0
                text113                            4914     4914      130         0
                text112                            6D3A     6D3A       5E         0
                text111                            65AA     65AA       82         0
                text110                            5D90     5D90       AC         0
                text109                            641C     641C       86         0
                text108                            6E50     6E50       5A         0
                text107                            5A9E     5A9E       CA         0
                text106                            51BA     51BA       F4         0
                text105                            6396     6396       86         0
                text104                            3A7C     3A7C      1D8         0
                text103                            5822     5822       D6         0
                text102                            7E6A     7E6A        6         0
                text101                            16C6     16C6      462         0
                text100                            1B28     1B28      3B0         0
                text99                             6BBC     6BBC       60         0
                text98                             7A34     7A34       22         0
                text97                             59CC     59CC       D2         0
                text96                             7DF2     7DF2        A         0
                text95                             7960     7960       26         0
                text94                             7C10     7C10       1A         0
                text93                             79AA     79AA       24         0
                text92                             726E     726E       44         0
                text91                             5B68     5B68       BA         0
                text90                             7DE8     7DE8        A         0
                text89                             7DDE     7DDE        A         0
                text88                             7A9A     7A9A       20         0
                text87                             7C8E     7C8E       18         0
                text86                             1212     1212      4B4         0
                text85                             7648     7648       32         0
                text84                             7BD6     7BD6       1E         0
                text83                             77F2     77F2       2C         0
                text82                             7986     7986       24         0
                text81                             64A2     64A2       84         0
                text80                             76DA     76DA       30         0
                text79                             34A8     34A8      1F6         0
                text78                             7CA6     7CA6       16         0
                text77                             7BB8     7BB8       1E         0
                text76                             687A     687A       70         0
                text75                             7C76     7C76       18         0
                text74                             3294     3294      214         0
                text73                             78C2     78C2       28         0
                text72                             7406     7406       42         0
                text71                             789A     789A       28         0
                text70                             25CC     25CC      2F6         0
                text69                             7EAA     7EAA        2         0
                text68                             76AA     76AA       30         0
                text67                             7DD4     7DD4        A         0
                text66                             7DCA     7DCA        A         0
                text65                             6D98     6D98       5C         0
                text64                             7848     7848       2A         0
                text63                             3062     3062      232         0
                text62                             7E64     7E64        6         0
                text61                             7CF8     7CF8       12         0
                text60                             7CBC     7CBC       14         0
                text59                             66A8     66A8       7A         0
                text58                             662C     662C       7C         0
                text57                             7EA8     7EA8        2         0
                text56                             7EA6     7EA6        2         0
                text55                             7A12     7A12       22         0
                text54                             6808     6808       72         0
                text53                               86       86      C8C         0
                text52                             4A44     4A44      12E         0
                text51                             6CDC     6CDC       5E         0
                text50                             5CDA     5CDA       B6         0
                text49                             6A92     6A92       66         0
                text48                             565E     565E       E6         0
                text47                             4B72     4B72      128         0
                text46                             7616     7616       32         0
                text45                             61F0     61F0       90         0
                text44                             7448     7448       40         0
                text43                             767A     767A       30         0
                text42                             7148     7148       4E         0
                text41                             6F58     6F58       56         0
                text40                             79F0     79F0       22         0
                text39                             75E4     75E4       32         0
                text38                             7872     7872       28         0
                text37                             70A8     70A8       50         0
                text36                             75B2     75B2       32         0
                text35                             6722     6722       74         0
                text34                             7506     7506       3E         0
                text33                             71E0     71E0       48         0
                text32                             5C22     5C22       B8         0
                text31                             58F8     58F8       D4         0
                text30                             425C     425C      16C         0
                text29                             4C9A     4C9A      118         0
                text28                             793A     793A       26         0
                text27                             47D6     47D6      13E         0
                text26                             602A     602A       9A         0
                text25                             5578     5578       E6         0
                text24                             74C8     74C8       3E         0
                text23                             7798     7798       2E         0
                text22                             7C5E     7C5E       18         0
                text21                             776A     776A       2E         0
                text20                             7DC0     7DC0        A         0
                text19                             7DB6     7DB6        A         0
                text18                             781E     781E       2A         0
                text17                             7E8C     7E8C        4         0
                text16                             7D4C     7D4C       10         0
                text15                             7D3C     7D3C       10         0
                text14                             7DAC     7DAC        A         0
                text13                             7D2C     7D2C       10         0
                text12                             7EA4     7EA4        2         0
                text11                             7EA2     7EA2        2         0
                text10                             7EA0     7EA0        2         0
                text9                              7E4C     7E4C        8         0
                text8                              7DA2     7DA2        A         0
                text7                              7D1C     7D1C       10         0
                text6                              79CE     79CE       22         0
                text5                              7D7A     7D7A        E         0
                text4                              6F02     6F02       56         0
                text3                              7D6C     7D6C        E         0
                text2                              77C6     77C6       2C         0
                text1                              7B9A     7B9A       1E         0
                text0                              6796     6796       72         0
                cinit                              5F88     5F88       A2         0
                idataBANK1                         7544     7544       38         0
                idataCOMRAM                        7E88     7E88        4         0

        CLASS   CONST          

        CLASS   SMALLCONST     

        CLASS   MEDIUMCONST    
                mediumconst                        FE1E     FE1E      1E2         0

        CLASS   COMRAM         
                temp                                 48       48        C         1
                cstackCOMRAM                          1        1       3B         1
                dataCOMRAM                           54       54        4         1
                bssCOMRAM                            3C       3C        C         1

        CLASS   ABS1           

        CLASS   BIGRAM         
                bssBIGRAM                           490      490      21E         1

        CLASS   RAM            

        CLASS   BANK0          
                cstackBANK0                          60       60       99         1
                bssBANK0                             F9       F9        7         1

        CLASS   BANK1          
                cstackBANK1                         100      100       69         1
                dataBANK1                           1BA      1BA       38         1
                bssBANK1                            169      169       51         1
                nvBANK1                             1F2      1F2        A         1

        CLASS   BANK2          
                bssBANK2                            200      200       E7         1

        CLASS   BANK3          
                bssBANK3                            300      300       A0         1

        CLASS   BANK4          
                bssBANK4                            400      400       90         1

        CLASS   BANK5          

        CLASS   BANK6          

        CLASS   BANK7          

        CLASS   BANK8          

        CLASS   BANK9          

        CLASS   BANK10         

        CLASS   BANK11         

        CLASS   BANK12         

        CLASS   BANK13         

        CLASS   BANK14         

        CLASS   BANK15         

        CLASS   SFR            

        CLASS   FARRAM         

        CLASS   CONFIG         
                config                           300000   300000        E         0

        CLASS   IDLOC          
                idloc                            200000   200000        8         0

        CLASS   EEDATA         



SEGMENTS        Name                           Load    Length   Top    Selector   Space  Class

                reset_vec                      000000  000004  000004         0       0  CODE    
                cstackCOMRAM                   000001  000057  000058         1       1  COMRAM  
                intcode                        000008  007EAE  007EB6         4       0  CODE    
                cstackBANK0                    000060  0000A0  000100        60       1  BANK0   
                cstackBANK1                    000100  0000FC  0001FC       100       1  BANK1   
                bssBANK2                       000200  0000E7  0002E7       200       1  BANK2   
                bssBANK3                       000300  0000A0  0003A0       300       1  BANK3   
                bssBANK4                       000400  000090  000490       400       1  BANK4   
                bssBIGRAM                      000490  00021E  0006AE       490       1  BIGRAM  
                stack                          0006AE  00088A  000F38       6AE       2  STACK   
                mediumconst                    00FE1E  0001E2  010000      7F0F       0  MEDIUMCO
                idloc                          200000  000008  200008    200000       0  IDLOC   
                config                         300000  00000E  30000E    300000       0  CONFIG  


UNUSED ADDRESS RANGES

        Name                Unused          Largest block    Delta
        BANK1            0001FC-0001FF                4
        BANK10           000A00-000AFF              100
        BANK11           000B00-000BFF              100
        BANK12           000C00-000CFF              100
        BANK13           000D00-000DFF              100
        BANK14           000E00-000EFF              100
        BANK15           000F00-000F37               38
        BANK2            0002E7-0002FF               19
        BANK3            0003A0-0003FF               60
        BANK6            0006AE-0006FF               52
        BANK7            000700-0007FF              100
        BANK8            000800-0008FF              100
        BANK9            000900-0009FF              100
        BIGRAM           000058-00005F                8
                         0001FC-0001FF                4
                         0002E7-0002FF               19
                         0003A0-0003FF               60
                         0006AE-000F37              88A
        CODE             000004-000007                4
                         007EB6-00FE1D             7F68
        COMRAM           000058-00005F                8
        CONST            000004-000007                4
                         007EB6-00FE1D             7F68
        EEDATA           F00000-F003FF              400
        MEDIUMCONST      007EB6-00FE1D             7F68
        RAM              0001FC-0001FF                4
                         0002E7-0002FF               19
                         0003A0-0003FF               60
                         0006AE-000F37              100
        SFR              000F38-000FFF               28
        SMALLCONST       007EB6-00FE1D              100

                                  Symbol Table

?_ComputeMic                                              cstackBANK0  0000C7
?_ExecuteDevStatus                                        cstackBANK0  000060
?_ExecuteDutyCycle                                        cstackBANK0  000060
?_ExecuteLinkAdr                                          cstackBANK0  000070
?_ExecuteLinkCheck                                        cstackBANK0  000060
?_ExecuteNewChannel                                       cstackBANK0  0000B3
?_ExecuteRxParamSetupReq                                  cstackBANK0  0000A6
?_ExecuteRxTimingSetup                                    cstackBANK0  000067
?_ExtractMic                                              cstackBANK0  00006B
?_GenerateUSFrequency1                                    cstackBANK0  0000A6
?_GenerateUSFrequency2                                    cstackBANK0  0000A6
?_GenerateUSFrequencyReception                            cstackBANK0  0000A6
?_GetRx1Freq                                              cstackBANK0  0000AF
?_MacExecuteCommands                                      cstackBANK0  0000BD
?_RADIO_ReadRandom                                        cstackBANK0  00006C
?_RADIO_ReceiveStart                                      cstackBANK0  0000B1
?_RADIO_Transmit                                          cstackBANK0  0000B1
?_Random                                                  cstackBANK0  0000AD
?_SwTimerReadValue                                        cstackBANK0  000091
?_SwTimersInterrupt                                       cstackBANK0  000080
?_TMR1_ReadTimer                                          cstackBANK0  000060
?_TMR_GetDeltaTime                                        cstackBANK0  000068
?_TMR_SwapTimer                                           cstackBANK0  000068
?___awdiv                                                 cstackBANK0  000060
?___lldiv                                                 cstackBANK0  000060
?___llmod                                                 cstackBANK0  000060
?___lmul                                                  cstackBANK0  00009A
?___lwmod                                                 cstackBANK0  0000A8
?___wmul                                                  cstackBANK0  000060
?_rand                                                    cstackBANK0  0000A6
?i2_SwTimersInterrupt                                     cstackCOMRAM 000021
?i2_TMR1_ReadTimer                                        cstackCOMRAM 000001
?i2_TMR_GetDeltaTime                                      cstackCOMRAM 000009
?i2_TMR_SwapTimer                                         cstackCOMRAM 000009
AESCmac@flag                                              cstackBANK1  000162
AESCmac@i                                                 cstackBANK1  000165
AESCmac@input                                             cstackBANK0  0000BD
AESCmac@j                                                 cstackBANK1  000164
AESCmac@k1                                                cstackBANK1  000110
AESCmac@k2                                                cstackBANK1  000100
AESCmac@key                                               cstackBANK0  0000B9
AESCmac@mLast                                             cstackBANK1  000120
AESCmac@n                                                 cstackBANK1  000163
AESCmac@output                                            cstackBANK0  0000BB
AESCmac@padded                                            cstackBANK1  000130
AESCmac@ptr                                               cstackBANK1  000160
AESCmac@size                                              cstackBANK0  0000BF
AESCmac@x                                                 cstackBANK1  000150
AESCmac@y                                                 cstackBANK1  000140
AESEncode@aux                                             cstackBANK0  000078
AESEncode@aux1                                            cstackBANK0  00007A
AESEncode@aux2                                            cstackBANK0  000079
AESEncode@aux3                                            cstackBANK0  00007B
AESEncode@block                                           cstackBANK0  000066
AESEncode@i                                               cstackBANK0  00007C
AESEncode@key                                             cstackBANK0  000068
AESEncodeLoRa@block                                       cstackBANK0  00007D
AESEncodeLoRa@key                                         cstackBANK0  00007F
AESEncodeLoRa@useKey                                      cstackBANK0  000081
AssembleEncryptionBlock@blockId                           cstackBANK0  00006F
AssembleEncryptionBlock@bufferIndex                       cstackBANK0  000073
AssembleEncryptionBlock@dir                               cstackBANK0  000072
AssembleEncryptionBlock@firstByte                         cstackBANK0  000070
AssembleEncryptionBlock@frameCounter                      cstackBANK0  00006B
AssembleEncryptionBlock@multicastStatus                   cstackBANK0  000071
AssemblePacket@buffer                                     cstackBANK0  0000C8
AssemblePacket@bufferIndex                                cstackBANK0  0000D2
AssemblePacket@bufferLength                               cstackBANK0  0000CA
AssemblePacket@confirmed                                  cstackBANK0  0000CE
AssemblePacket@fCtrl                                      cstackBANK0  0000D0
AssemblePacket@macCmdIdx                                  cstackBANK0  0000D1
AssemblePacket@mhdr                                       cstackBANK0  0000CF
AssemblePacket@port                                       cstackBANK0  0000C7
CheckFlags@hdr                                            cstackBANK0  000060
CheckMcastFlags@hdr                                       cstackBANK0  000060
ComputeMic@buffer                                         cstackBANK0  0000C9
ComputeMic@bufferLength                                   cstackBANK0  0000CB
ComputeMic@key                                            cstackBANK0  0000C7
ComputeMic@mic                                            cstackBANK0  0000CC
ComputeSessionKeys@joinAcceptBuffer                       cstackBANK0  000091
ConfigureRadio@dataRate                                   cstackBANK0  000068
ConfigureRadio@freq                                       cstackBANK0  000064
ConfigureRadioRx@dataRate                                 cstackBANK0  00006D
ConfigureRadioRx@freq                                     cstackBANK0  000069
CountfOptsLength@i                                        cstackBANK0  000067
CountfOptsLength@macCommandLength                         cstackBANK0  000066
EnableChannels2@channelMask                               cstackBANK0  000065
EnableChannels2@endIndex                                  cstackBANK0  000064
EnableChannels2@i                                         cstackBANK0  00006A
EnableChannels2@startIndex                                cstackBANK0  000069
EnableChannels@channel                                    cstackBANK0  00006E
EnableChannels@channelMask                                cstackBANK0  00006B
EnableChannels@channelMaskCntl                            cstackBANK0  00006D
EnableChannels@i                                          cstackBANK0  00006F
EncKeySchedule@key                                        cstackBANK0  000060
EncodeShiftRow@stateTable                                 cstackBANK0  000060
EncodeShiftRow@temp                                       cstackBANK0  000062
EncryptFRMPayload@buffer                                  cstackBANK0  000091
EncryptFRMPayload@bufferLength                            cstackBANK0  000093
EncryptFRMPayload@bufferToBeEncrypted                     cstackBANK0  00009C
EncryptFRMPayload@dir                                     cstackBANK0  000094
EncryptFRMPayload@frameCounter                            cstackBANK0  000095
EncryptFRMPayload@i                                       cstackBANK0  0000A7
EncryptFRMPayload@j                                       cstackBANK0  0000A8
EncryptFRMPayload@k                                       cstackBANK0  0000A6
EncryptFRMPayload@key                                     cstackBANK0  000099
EncryptFRMPayload@macBufferIndex                          cstackBANK0  00009B
EncryptFRMPayload@multicastStatus                         cstackBANK0  00009E
ExecuteDevStatus@ptr                                      cstackBANK0  000060
ExecuteDutyCycle@maxDCycle                                cstackBANK0  000062
ExecuteDutyCycle@ptr                                      cstackBANK0  000060
ExecuteLinkAdr@auxChannelMask                             cstackBANK0  00007D
ExecuteLinkAdr@auxMaxDataRate                             cstackBANK0  00007C
ExecuteLinkAdr@auxMinDataRate                             cstackBANK0  000079
ExecuteLinkAdr@channelMask                                cstackBANK0  000077
ExecuteLinkAdr@dataRate                                   cstackBANK0  00007B
ExecuteLinkAdr@endingIndex                                cstackBANK0  000074
ExecuteLinkAdr@i                                          cstackBANK0  000081
ExecuteLinkAdr@ptr                                        cstackBANK0  000070
ExecuteLinkAdr@redundancy                                 cstackBANK0  00007F
ExecuteLinkAdr@startingIndex                              cstackBANK0  000076
ExecuteLinkAdr@txPower                                    cstackBANK0  00007A
ExecuteLinkAdr@txPowerNew                                 cstackBANK0  000075
ExecuteLinkCheck@ptr                                      cstackBANK0  000060
ExecuteNewChannel@channelIndex                            cstackBANK0  0000BC
ExecuteNewChannel@drRange                                 cstackBANK0  0000B7
ExecuteNewChannel@frequency                               cstackBANK0  0000B8
ExecuteNewChannel@ptr                                     cstackBANK0  0000B3
ExecuteRxParamSetupReq@dlSettings                         cstackBANK0  0000AE
ExecuteRxParamSetupReq@frequency                          cstackBANK0  0000AA
ExecuteRxParamSetupReq@ptr                                cstackBANK0  0000A6
ExecuteRxTimingSetup@delay                                cstackBANK0  000069
ExecuteRxTimingSetup@ptr                                  cstackBANK0  000067
ExtractMic@buffer                                         cstackBANK0  00006B
ExtractMic@bufferLength                                   cstackBANK0  00006D
ExtractMic@mic                                            cstackBANK0  000073
FillSubKey@carry                                          cstackBANK0  000066
FillSubKey@i                                              cstackBANK0  000067
FillSubKey@key                                            cstackBANK0  000062
FillSubKey@size                                           cstackBANK0  000064
FillSubKey@source                                         cstackBANK0  000060
FindSmallestDataRate@dataRate                             cstackBANK0  000063
FindSmallestDataRate@found                                cstackBANK0  000061
FindSmallestDataRate@i                                    cstackBANK0  000062
GenerateSubkey@F7103                                      dataBANK1    0001BA
GenerateSubkey@const_Rb                                   cstackBANK0  000098
GenerateSubkey@i                                          cstackBANK0  0000B8
GenerateSubkey@k1                                         cstackBANK0  000093
GenerateSubkey@k2                                         cstackBANK0  000095
GenerateSubkey@key                                        cstackBANK0  000091
GenerateSubkey@l                                          cstackBANK0  0000A8
GenerateUSFrequency1@channelFrequency                     cstackBANK0  0000AA
GenerateUSFrequency1@channelIndex                         cstackBANK0  0000AE
GenerateUSFrequency2@channelFrequency                     cstackBANK0  0000AE
GenerateUSFrequency2@channelIndex                         cstackBANK0  0000B2
GenerateUSFrequencyReception@channelFrequency             cstackBANK0  0000AA
GenerateUSFrequencyReception@channelIndex                 cstackBANK0  0000AE
GetRx1Freq@channelIndex                                   cstackBANK0  0000B3
HALResetPinOutputValue@value                              cstackBANK0  000060
HALSPISend@data                                           cstackBANK0  000061
INT1_SetInterruptHandler@InterruptHandler                 cstackBANK0  000060
INT2_SetInterruptHandler@InterruptHandler                 cstackBANK0  000060
INTERRUPT_GetDioStatus@a                                  cstackBANK0  000060
IOCB4_SetInterruptHandler@InterruptHandler                cstackBANK0  000060
IncludeMacCommandsResponse@bIncludeInFopts                cstackBANK0  000064
IncludeMacCommandsResponse@bufferIndex                    cstackBANK0  00006E
IncludeMacCommandsResponse@i                              cstackBANK0  00006D
IncludeMacCommandsResponse@macBuffer                      cstackBANK0  000060
IncludeMacCommandsResponse@pBufferIndex                   cstackBANK0  000062
LORAWAN_GetMaxPayloadSize@macCommandsLength               cstackBANK0  000069
LORAWAN_GetMaxPayloadSize@result                          cstackBANK0  00006A
LORAWAN_Init@RxJoinResponse                               cstackBANK0  0000B3
LORAWAN_Init@RxPayload                                    cstackBANK0  0000B1
LORAWAN_Join@activationTypeNew                            cstackBANK0  0000DD
LORAWAN_Join@bufferIndex                                  cstackBANK0  0000DB
LORAWAN_Join@result                                       cstackBANK0  0000DC
LORAWAN_LinkCheckConfigure@iCtr                           cstackBANK0  0000B0
LORAWAN_LinkCheckConfigure@period                         cstackBANK0  0000A6
LORAWAN_RxDone@buffer                                     cstackBANK1  000166
LORAWAN_RxDone@bufferIndex                                cstackBANK0  0000E6
LORAWAN_RxDone@bufferLength                               cstackBANK1  000168
LORAWAN_RxDone@channelIndex                               cstackBANK0  0000E0
LORAWAN_RxDone@computedMic                                cstackBANK0  0000EA
LORAWAN_RxDone@extractedMic                               cstackBANK0  0000E2
LORAWAN_RxDone@fPort                                      cstackBANK0  0000DF
LORAWAN_RxDone@frmPayloadLength                           cstackBANK0  0000F0
LORAWAN_RxDone@hdr                                        cstackBANK0  0000F1
LORAWAN_RxDone@joinAccept                                 cstackBANK0  0000EE
LORAWAN_RxDone@mhdr                                       cstackBANK0  0000E1
LORAWAN_RxDone@packet                                     cstackBANK0  0000E8
LORAWAN_RxDone@temp                                       cstackBANK0  0000E7
LORAWAN_Send@buffer                                       cstackBANK0  0000D4
LORAWAN_Send@bufferLength                                 cstackBANK0  0000D6
LORAWAN_Send@confirmed                                    cstackBANK0  0000D9
LORAWAN_Send@port                                         cstackBANK0  0000D3
LORAWAN_Send@result                                       cstackBANK0  0000D8
LORAWAN_SetApplicationSessionKey@applicationSessionKeyNew cstackBANK0  00006B
LORAWAN_SetChannelIdStatus@channelId                      cstackBANK0  000066
LORAWAN_SetChannelIdStatus@result                         cstackBANK0  000065
LORAWAN_SetChannelIdStatus@statusNew                      cstackBANK0  000064
LORAWAN_SetDataRange@channelId                            cstackBANK0  000069
LORAWAN_SetDataRange@dataRangeNew                         cstackBANK0  000067
LORAWAN_SetDataRange@result                               cstackBANK0  000068
LORAWAN_SetDeviceAddress@deviceAddressNew                 cstackBANK0  000060
LORAWAN_SetNetworkSessionKey@networkSessionKeyNew         cstackBANK0  00006B
LORAWAN_TxDone@delta                                      cstackBANK0  0000A1
LORAWAN_TxDone@i                                          cstackBANK0  0000A5
LORAWAN_TxDone@timeOnAir                                  cstackBANK0  00009A
MacExecuteCommands@buffer                                 cstackBANK0  0000BD
MacExecuteCommands@done                                   cstackBANK0  0000C2
MacExecuteCommands@fOptsLen                               cstackBANK0  0000BF
MacExecuteCommands@ptr                                    cstackBANK0  0000C3
PrepareJoinRequestFrame@bufferIndex                       cstackBANK0  0000DA
PrepareJoinRequestFrame@iCtr                              cstackBANK0  0000D9
PrepareJoinRequestFrame@mhdr                              cstackBANK0  0000D8
PrepareJoinRequestFrame@mic                               cstackBANK0  0000D4
PrepareSessionKeys@appNonce                               cstackBANK0  00006D
PrepareSessionKeys@index                                  cstackBANK0  000071
PrepareSessionKeys@networkId                              cstackBANK0  00006F
PrepareSessionKeys@sessionKey                             cstackBANK0  00006B
RADIO_DIO0@dioMapping                                     cstackBANK0  0000F7
RADIO_DIO0@opMode                                         cstackBANK0  0000F8
RADIO_DIO1@dioMapping                                     cstackBANK0  0000CB
RADIO_DIO2@dioMapping                                     cstackBANK0  00007C
RADIO_DIO2@opMode                                         cstackBANK0  00007B
RADIO_DIO3@dioMapping                                     cstackBANK0  000066
RADIO_DIO4@dioMapping                                     cstackBANK0  000067
RADIO_DIO5@dioMapping                                     cstackBANK0  000066
RADIO_FHSSChangeChannel@irqFlags                          cstackBANK0  000079
RADIO_FSKPacketSent@irqFlags                              cstackBANK0  0000B2
RADIO_FSKPacketSent@timeOnAir                             cstackBANK0  0000AA
RADIO_FSKPayloadReady@i                                   cstackBANK0  0000F4
RADIO_FSKPayloadReady@irqFlags                            cstackBANK0  0000F3
RADIO_Init@cnt                                            cstackBANK0  000080
RADIO_Init@frequency                                      cstackBANK0  00007B
RADIO_Init@radioBuffer                                    cstackBANK0  000079
RADIO_ReadRandom@i                                        cstackBANK0  000071
RADIO_ReadRandom@retVal                                   cstackBANK0  00006F
RADIO_ReceiveStart@rxWindowSize                           cstackBANK0  0000B1
RADIO_RegisterRead@readValue                              cstackBANK0  000063
RADIO_RegisterRead@reg                                    cstackBANK0  000062
RADIO_RegisterWrite@reg                                   cstackBANK0  000063
RADIO_RegisterWrite@value                                 cstackBANK0  000062
RADIO_RxDone@i                                            cstackBANK0  0000F4
RADIO_RxDone@irqFlags                                     cstackBANK0  0000F3
RADIO_SetBandwidth@bandwidth                              cstackBANK0  000060
RADIO_SetCRC@crc                                          cstackBANK0  000060
RADIO_SetChannelFrequency@frequency                       cstackBANK0  000060
RADIO_SetFrequencyHopPeriod@frequencyHopPeriod            cstackBANK0  000060
RADIO_SetIQInverted@iqInverted                            cstackBANK0  000060
RADIO_SetLoRaSyncWord@syncWord                            cstackBANK0  000060
RADIO_SetModulation@modulation                            cstackBANK0  000060
RADIO_SetOutputPower@power                                cstackBANK0  000060
RADIO_SetPABoost@paBoost                                  cstackBANK0  000060
RADIO_SetSpreadingFactor@spreadingFactor                  cstackBANK0  000060
RADIO_Transmit@buffer                                     cstackBANK0  0000B1
RADIO_Transmit@bufferLen                                  cstackBANK0  0000B3
RADIO_Transmit@i                                          cstackBANK0  0000C1
RADIO_Transmit@regValue                                   cstackBANK0  0000C0
RADIO_TxDone@timeOnAir                                    cstackBANK0  0000AA
RADIO_UnhandledInterrupt@modulation                       cstackBANK0  000064
RADIO_WriteConfiguration@i                                cstackBANK0  0000AB
RADIO_WriteConfiguration@regValue                         cstackBANK0  0000B0
RADIO_WriteConfiguration@symbolTimeout                    cstackBANK0  0000A6
RADIO_WriteConfiguration@tempValue                        cstackBANK0  0000AC
RADIO_WriteFSKBitRate@bitRate                             cstackBANK0  00006D
RADIO_WriteFSKBitRate@num                                 cstackBANK0  000071
RADIO_WriteFSKFrequencyDeviation@frequencyDeviation       cstackBANK0  00006D
RADIO_WriteFSKFrequencyDeviation@num                      cstackBANK0  000071
RADIO_WriteFrequency@frequency                            cstackBANK0  00006D
RADIO_WriteFrequency@num                                  cstackBANK0  000075
RADIO_WriteFrequency@num_mod                              cstackBANK0  000071
RADIO_WriteMode@blocking                                  cstackBANK0  000066
RADIO_WriteMode@currentMode                               cstackBANK0  000069
RADIO_WriteMode@currentModulation                         cstackBANK0  000067
RADIO_WriteMode@dioMapping                                cstackBANK0  000068
RADIO_WriteMode@newMode                                   cstackBANK0  00006A
RADIO_WriteMode@newModulation                             cstackBANK0  000065
RADIO_WriteMode@opMode                                    cstackBANK0  00006B
RADIO_WritePower@ocp                                      cstackBANK0  000064
RADIO_WritePower@paDac                                    cstackBANK0  000065
RADIO_WritePower@power                                    cstackBANK0  000066
Random@max                                                cstackBANK0  0000AD
RxData@dataLength                                         cstackBANK0  000062
RxData@pData                                              cstackBANK0  000060
RxData@status                                             cstackBANK0  000063
SPI2_Exchange8bit@data                                    cstackBANK0  000060
SearchAvailableChannel@channelIndex                       cstackBANK0  0000B0
SearchAvailableChannel@i                                  cstackBANK0  0000BC
SearchAvailableChannel@maxChannels                        cstackBANK0  0000BA
SearchAvailableChannel@randomNumber                       cstackBANK0  0000BB
SearchAvailableChannel@randomNumberCopy                   cstackBANK0  0000B7
SearchAvailableChannel@result                             cstackBANK0  0000B8
SearchAvailableChannel@startingIndex                      cstackBANK0  0000B9
SearchAvailableChannel@transmissionType                   cstackBANK0  0000AF
SelectChannelForTransmission@channelIndex                 cstackBANK0  0000C5
SelectChannelForTransmission@frequency                    cstackBANK0  0000BE
SelectChannelForTransmission@lastDataRate                 cstackBANK0  0000C2
SelectChannelForTransmission@result                       cstackBANK0  0000C3
SelectChannelForTransmission@transmissionType             cstackBANK0  0000C4
SwTimerCreate@retVal                                      cstackBANK0  000060
SwTimerReadValue@ticksCount                               cstackBANK0  000095
SwTimerReadValue@timerId                                  cstackBANK0  000099
SwTimerSetCallback@callback                               cstackBANK0  000060
SwTimerSetCallback@callbackParameter                      cstackBANK0  000062
SwTimerSetCallback@timerId                                cstackBANK0  000063
SwTimerSetTimeout@timeout                                 cstackBANK0  00006D
SwTimerSetTimeout@timerId                                 cstackBANK0  000075
SwTimerStart@ticksRemaining                               cstackBANK0  000095
SwTimerStart@timerId                                      cstackBANK0  000099
SwTimerStop@timerId                                       cstackBANK0  000060
SwTimersExecute@i                                         cstackBANK0  0000DE
SwTimersInterrupt@i                                       cstackBANK0  000090
SwTimersInterrupt@ticksToNextTimerEvent                   cstackBANK0  00008C
SwTimersInterrupt@timeElapsed                             cstackBANK0  000088
SystemBlockingWaitMs@ms                                   cstackBANK0  000060
TMR1_ReadTimer@readVal                                    cstackBANK0  000064
TMR1_ReadTimer@readValHigh                                cstackBANK0  000066
TMR1_ReadTimer@readValLow                                 cstackBANK0  000067
TMR1_SetInterruptHandler@InterruptHandler                 cstackBANK0  000060
TMR1_WriteTimer@timerVal                                  cstackBANK0  000060
TMR_GetDeltaTime@retVal                                   bssBANK1     000169
TMR_GetDeltaTime@tmrVal                                   bssCOMRAM    000044
TMR_OverrideRemaining@oldReloadVal                        cstackBANK0  000072
TMR_OverrideRemaining@ticksRemaining                      cstackBANK0  00006A
TMR_OverrideRemaining@tmrVal                              cstackBANK0  000070
TMR_SwapTimer@oldVal                                      bssBANK1     00016F
TMR_SwapTimer@retVal                                      bssBANK1     00016D
TMR_SwapTimer@timerVal                                    cstackBANK0  000068
UpdateCfList@joinAccept                                   cstackBANK0  000060
UpdateChannelIdStatus@channelId                           cstackBANK0  000063
UpdateChannelIdStatus@statusNew                           cstackBANK0  000062
UpdateCurrentDataRate@valueNew                            cstackBANK0  000060
UpdateDLSettings@dlRx1DrOffset                            cstackBANK0  000060
UpdateDLSettings@dlRx2Dr                                  cstackBANK0  000061
UpdateDataRange@channelId                                 cstackBANK0  000061
UpdateDataRange@dataRangeNew                              cstackBANK0  000060
UpdateJoinInProgress@state                                cstackBANK0  000060
UpdateMinMaxChDataRate@i                                  cstackBANK0  000061
UpdateReceiveDelays@delay                                 cstackBANK0  000066
UpdateReceiveWindow2Parameters@dataRate                   cstackBANK0  000064
UpdateReceiveWindow2Parameters@frequency                  cstackBANK0  000060
UpdateTxPower@txPowerNew                                  cstackBANK0  000060
ValidateChannelId@channelId                               cstackBANK0  000060
ValidateChannelId@result                                  cstackBANK0  000061
ValidateChannelMaskCntl@channelMask                       cstackBANK0  000060
ValidateChannelMaskCntl@channelMaskCntl                   cstackBANK0  000063
ValidateChannelMaskCntl@result                            cstackBANK0  000062
ValidateDataRange@channelId                               cstackBANK0  000066
ValidateDataRange@dataRangeNew                            cstackBANK0  000062
ValidateDataRange@dataRateMax                             cstackBANK0  000064
ValidateDataRange@dataRateMin                             cstackBANK0  000065
ValidateDataRange@result                                  cstackBANK0  000063
ValidateDataRate@dataRate                                 cstackBANK0  000060
ValidateDataRate@result                                   cstackBANK0  000061
ValidateDataRateReception@dataRate                        cstackBANK0  000061
ValidateDataRateReception@result                          cstackBANK0  000060
ValidateFrequency@frequencyNew                            cstackBANK0  000069
ValidateFrequency@result                                  cstackBANK0  00006D
ValidateRxOffset@result                                   cstackBANK0  000061
ValidateRxOffset@rxOffset                                 cstackBANK0  000060
_AESCmac                                                  text141      001ED8
_AESEncode                                                text145      002282
_AESEncode$514                                            cstackBANK0  000072
_AESEncode$515                                            cstackBANK0  000074
_AESEncode$516                                            cstackBANK0  000076
_AESEncodeLoRa                                            text144      00757C
_ANSELA                                                   (abs)        000F38
_ANSELB                                                   (abs)        000F39
_ANSELC                                                   (abs)        000F3A
_ANSELD                                                   (abs)        000F3B
_ANSELE                                                   (abs)        000F3C
_AckRetransmissionCallback                                text29       004C9A
_AssembleEncryptionBlock                                  text106      0051BA
_AssemblePacket                                           text100      001B28
_AutomaticReplyCallback                                   text28       00793A
_Channels                                                 bssBANK4     000400
_CheckFlags                                               text112      006D3A
_CheckMcastFlags                                          text111      0065AA
_ComputeMic                                               text140      006AF8
_ComputeSessionKeys                                       text109      00641C
_ConfigureRadio                                           text65       006D98
_ConfigureRadioRx                                         text64       007848
_CountfOptsLength                                         text107      005A9E
_CreateAllSoftwareTimers                                  text189      007056
_DIO0_ISR_Lora                                            text211      007E82
_DIO0_ISR_Lora_Init                                       text16       007D4C
_DIO1_ISR_Lora                                            text207      007E7C
_DIO1_ISR_Lora_Init                                       text15       007D3C
_DIO2_ISR_Lora                                            text203      007E76
_DIO2_ISR_Lora_Init                                       text13       007D2C
_DIO3_ISR_Lora_Init                                       text12       007EA4
_DIO4_ISR_Lora_Init                                       text11       007EA2
_DIO5_ISR_Lora_Init                                       text10       007EA0
_DefaultChannels915                                       mediumconst  00FF69
_EXT_INT_Initialize                                       text18       00781E
_EnableChannels                                           text91       005B68
_EnableChannels2                                          text92       00726E
_EncKeySchedule                                           text147      002B84
_EncKeySchedule$519                                       cstackBANK0  000064
_EncodeShiftRow                                           text146      0043C8
_EncryptFRMPayload                                        text104      003A7C
_ExecuteDevStatus                                         text96       007DF2
_ExecuteDutyCycle                                         text95       007960
_ExecuteLinkAdr                                           text86       001212
_ExecuteLinkCheck                                         text85       007648
_ExecuteNewChannel                                        text79       0034A8
_ExecuteRxParamSetupReq                                   text74       003294
_ExecuteRxTimingSetup                                     text71       00789A
_ExtractMic                                               text108      006E50
_FillSubKey                                               text143      006B5A
_FindSmallestDataRate                                     text103      005822
_GenerateSubkey                                           text142      00468A
_GenerateUSFrequency1                                     text130      0070F8
_GenerateUSFrequency2                                     text129      0068EA
[...]
      Temps:          0       0       0       0       0       0       0       0       0       0       0       0       0       0       0       0       0
      Totals:         0       0       0       0       0       0       0       0       0       0       0       0       0       0       0       0       0
Total ram usage:        0 bytes
 Hardware stack levels used:    1
 Hardware stack levels required when called:    2
 This function calls:
		_INT1_CallBack
 This function is called by:
		_INTERRUPT_InterruptManager
 This function uses a non-reentrant model


 *************** function _INT1_CallBack *****************
 Defined at:
		line 42 in file "mcc_generated_files/ext_int.c"
 Parameters:    Size  Location     Type
		None
 Auto vars:     Size  Location     Type
		None
 Return value:  Size  Location     Type
                  1    wreg      void 
 Registers used:
		wreg, status,2, status,0, pclath, tosl, cstack
 Tracked objects:
		On entry : 
		On exit  : 
		Unchanged: 
 Data sizes:     COMRAM   BANK0   BANK1   BANK2   BANK3   BANK4   BANK5   BANK6   BANK7   BANK8   BANK9  BANK10  BANK11  BANK12  BANK13  BANK14  BANK15
      Params:         0       0       0       0       0       0       0       0       0       0       0       0       0       0       0       0       0
      Locals:         0       0       0       0       0       0       0       0       0       0       0       0       0       0       0       0       0
      Temps:          0       0       0       0       0       0       0       0       0       0       0       0       0       0       0       0       0
      Totals:         0       0       0       0       0       0       0       0       0       0       0       0       0       0       0       0       0
Total ram usage:        0 bytes
 Hardware stack levels used:    1
 Hardware stack levels required when called:    1
 This function calls:
		Absolute function
		_DIO0_ISR_Lora
		_INT1_DefaultInterruptHandler
 This function is called by:
		_INT1_ISR
 This function uses a non-reentrant model


 *************** function _DIO0_ISR_Lora *****************
 Defined at:
		line 63 in file "mcc_generated_files/LoRaWAN/interrupt_manager_lora_addons.c"
 Parameters:    Size  Location     Type
		None
 Auto vars:     Size  Location     Type
		None
 Return value:  Size  Location     Type
                  1    wreg      void 
 Registers used:
		status,2, status,0
 Tracked objects:
		On entry : 
		On exit  : 
		Unchanged: 
 Data sizes:     COMRAM   BANK0   BANK1   BANK2   BANK3   BANK4   BANK5   BANK6   BANK7   BANK8   BANK9  BANK10  BANK11  BANK12  BANK13  BANK14  BANK15
      Params:         0       0       0       0       0       0       0       0       0       0       0       0       0       0       0       0       0
      Locals:         0       0       0       0       0       0       0       0       0       0       0       0       0       0       0       0       0
      Temps:          0       0       0       0       0       0       0       0       0       0       0       0       0       0       0       0       0
      Totals:         0       0       0       0       0       0       0       0       0       0       0       0       0       0       0       0       0
Total ram usage:        0 bytes
 Hardware stack levels used:    1
 This function calls:
		Nothing
 This function is called by:
		_DIO0_ISR_Lora_Init
		_INT1_CallBack
 This function uses a non-reentrant model


 *************** function _INT1_DefaultInterruptHandler *****************
 Defined at:
		line 55 in file "mcc_generated_files/ext_int.c"
 Parameters:    Size  Location     Type
		None
 Auto vars:     Size  Location     Type
		None
 Return value:  Size  Location     Type
                  1    wreg      void 
 Registers used:
		None
 Tracked objects:
		On entry : 
		On exit  : 
		Unchanged: 
 Data sizes:     COMRAM   BANK0   BANK1   BANK2   BANK3   BANK4   BANK5   BANK6   BANK7   BANK8   BANK9  BANK10  BANK11  BANK12  BANK13  BANK14  BANK15
      Params:         0       0       0       0       0       0       0       0       0       0       0       0       0       0       0       0       0
      Locals:         0       0       0       0       0       0       0       0       0       0       0       0       0       0       0       0       0
      Temps:          0       0       0       0       0       0       0       0       0       0       0       0       0       0       0       0       0
      Totals:         0       0       0       0       0       0       0       0       0       0       0       0       0       0       0       0       0
Total ram usage:        0 bytes
 Hardware stack levels used:    1
 This function calls:
		Nothing
 This function is called by:
		_EXT_INT_Initialize
		_INT1_CallBack
 This function uses a non-reentrant model



MODULE INFORMATION

Module		Function		Class		Link	Load	Size
mcc_generated_files/LoRaWAN/lorawan.c
		_UpdateReceiveWindow2Parameters		CODE           	7CA6	0000	23
		_ExecuteRxTimingSetup		CODE           	789A	0000	41
		_ComputeMic    		CODE           	6AF8	0000	99
		_SetReceptionNotOkState		CODE           	662C	0000	125
		_PrepareJoinRequestFrame		CODE           	3C54	0000	401
		_LORAWAN_ReceiveWindow2Callback		CODE           	58F8	0000	213
		_LORAWAN_LinkCheckConfigure		CODE           	452C	0000	351
		_LORAWAN_SetApplicationSessionKey		CODE           	7798	0000	47
		_CountfOptsLength		CODE           	5A9E	0000	203
		_AssembleEncryptionBlock		CODE           	51BA	0000	245
		_UpdateCurrentDataRate		CODE           	7DE8	0000	11
		_UnconfirmedTransmissionCallback		CODE           	6722	0000	117
		_LORAWAN_SetNetworkSessionKey		CODE           	776A	0000	47
		_MacExecuteCommands		CODE           	25CC	0000	759
		_IncludeMacCommandsResponse		CODE           	16C6	0000	1123
		_LORAWAN_GetMaxPayloadSize		CODE           	6BBC	0000	97
		_CheckMcastFlags		CODE           	65AA	0000	131
		_SetJoinFailState		CODE           	76AA	0000	49
		_AckRetransmissionCallback		CODE           	4C9A	0000	281
		_PrepareSessionKeys		CODE           	5D90	0000	173
		_UpdateMinMaxChDataRate		CODE           	548E	0000	235
		_EncryptFRMPayload		CODE           	3A7C	0000	473
		_ResetParametersForUnconfirmedTransmission		CODE           	7CBC	0000	21
		_AutomaticReplyCallback		CODE           	793A	0000	39
		_ResetParametersForConfirmedTransmission		CODE           	7CF8	0000	19
		_FindSmallestDataRate		CODE           	5822	0000	215
		_LORAWAN_SetDeviceAddress		CODE           	7C5E	0000	25
		_UpdateTxPower 		CODE           	7DDE	0000	11
		_CheckFlags    		CODE           	6D3A	0000	95
		_ExtractMic    		CODE           	6E50	0000	91
		_LORAWAN_ReceiveWindow1Callback		CODE           	5C22	0000	185
		_LORAWAN_Send  		CODE           	59CC	0000	211
		_LORAWAN_Join  		CODE           	5EE4	0000	165
		_ConfigureRadioRx		CODE           	7848	0000	43
		_UpdateReceiveDelays		CODE           	7406	0000	67
		_ComputeSessionKeys		CODE           	641C	0000	135
		_LORAWAN_LinkCheckCallback		CODE           	425C	0000	365
		_UpdateJoinSuccessState		CODE           	47D6	0000	319
		_LORAWAN_EnterContinuousReceive		CODE           	66A8	0000	123
		_ExecuteLinkCheck		CODE           	7648	0000	51
		_LORAWAN_Mainloop		CODE           	74C8	0000	63
		_AssemblePacket		CODE           	1B28	0000	945
		_UpdateRetransmissionAckTimeoutState		CODE           	6808	0000	115
		_Random        		CODE           	7A56	0000	35
		_LORAWAN_RxDone		CODE           	0086	0000	3213
		_UpdateJoinInProgress		CODE           	7C2A	0000	27

mcc_generated_files/LoRaWAN/lorawan.c estimated size: 11822

mcc_generated_files/LoRaWAN/interrupt_manager_lora_addons.c
		_INTERRUPT_GetDioStatus		CODE           	7CD0	0000	21
		_DIO0_ISR_Lora 		CODE           	7E82	0000	7
		_DIO1_ISR_Lora 		CODE           	7E7C	0000	7
		_DIO2_ISR_Lora 		CODE           	7E76	0000	7

mcc_generated_files/LoRaWAN/interrupt_manager_lora_addons.c estimated size: 42

mcc_generated_files/LoRaWAN/lorawan_aes.c
		_AESEncodeLoRa 		CODE           	757C	0000	55

mcc_generated_files/LoRaWAN/lorawan_aes.c estimated size: 55

C:\Program Files (x86)\Microchip\xc8\v1.45\sources\common\abdiv.c
		___abdiv       		CODE           	6A92	0000	103

C:\Program Files (x86)\Microchip\xc8\v1.45\sources\common\abdiv.c estimated size: 103

mcc_generated_files/LoRaWAN/sw_timer.c
		_SwTimerStop   		CODE           	7912	0000	41
		_SwTimerStart  		CODE           	60C4	0000	151
		_TMR_GetDeltaTime		CODE           	3DE4	0000	395
		_SwTimerReadValue		CODE           	7488	0000	65
		_SwTimerCreate 		CODE           	6280	0000	141
		_TMR_OverrideRemaining		CODE           	615A	0000	151
		_TMR_SwapTimer 		CODE           	7196	0000	75
		_SwTimerSetCallback		CODE           	72F6	0000	69
		_SwTimerSetTimeout		CODE           	733A	0000	69
		_SwTimersInterrupt		CODE           	4EBA	0000	259
		_SystemBlockingWaitMs		CODE           	770A	0000	49
		_SwTimersExecute		CODE           	5578	0000	231
		_SystemTimerInit		CODE           	7E4C	0000	9

mcc_generated_files/LoRaWAN/sw_timer.c estimated size: 1705

mcc_generated_files/interrupt_manager.c
		_INTERRUPT_Initialize		CODE           	7E8C	0000	5
		_INTERRUPT_InterruptManager		CODE           	0008	0000	119

mcc_generated_files/interrupt_manager.c estimated size: 124

C:\Program Files (x86)\Microchip\xc8\v1.45\sources\common\Umul16.c
		___wmul        		CODE           	78C2	0000	41

C:\Program Files (x86)\Microchip\xc8\v1.45\sources\common\Umul16.c estimated size: 41

mcc_generated_files/pin_manager.c
		_IOCB4_DefaultInterruptHandler		CODE           	7EB0	0000	3
		_PIN_MANAGER_Initialize		CODE           	6F02	0000	87
		_PIN_MANAGER_IOC		CODE           	7E42	0000	11
		_IOCB4_SetInterruptHandler		CODE           	7DAC	0000	11
		_IOCB4_ISR     		CODE           	7B3A	0000	33

mcc_generated_files/pin_manager.c estimated size: 145

C:\Program Files (x86)\Microchip\xc8\v1.45\sources\common\memcpy.c
		_memcpy        		CODE           	6C7C	0000	97

C:\Program Files (x86)\Microchip\xc8\v1.45\sources\common\memcpy.c estimated size: 97

C:\Program Files (x86)\Microchip\xc8\v1.45\sources\common\lwmod.c
		___lwmod       		CODE           	72B2	0000	69

C:\Program Files (x86)\Microchip\xc8\v1.45\sources\common\lwmod.c estimated size: 69

mcc_generated_files/LoRaWAN/lorawan_init.c
		_DIO0_ISR_Lora_Init		CODE           	7D4C	0000	17
		_DIO1_ISR_Lora_Init		CODE           	7D3C	0000	17
		_DIO2_ISR_Lora_Init		CODE           	7D2C	0000	17
		_DIO3_ISR_Lora_Init		CODE           	7EA4	0000	3
		_DIO4_ISR_Lora_Init		CODE           	7EA2	0000	3
		_LORAWAN_PlatformInit		CODE           	79CE	0000	35
		_DIO5_ISR_Lora_Init		CODE           	7EA0	0000	3

mcc_generated_files/LoRaWAN/lorawan_init.c estimated size: 95

mcc_generated_files/LoRaWAN/radio_driver_hal.c
		_HALDIO5PinValue		CODE           	7D96	0000	13
		_HALResetPinMakeInput		CODE           	7E9C	0000	5
		_HALResetPinMakeOutput		CODE           	7E98	0000	5
		_HALResetPinOutputValue		CODE           	7C44	0000	27
		_HALSPISend    		CODE           	7D88	0000	15
		_HALSPICSDeassert		CODE           	7E90	0000	5
		_HALSPICSAssert		CODE           	7E94	0000	5

mcc_generated_files/LoRaWAN/radio_driver_hal.c estimated size: 75

C:\Program Files (x86)\Microchip\xc8\v1.45\sources\common\llmod.c
		___llmod       		CODE           	6A2A	0000	105

C:\Program Files (x86)\Microchip\xc8\v1.45\sources\common\llmod.c estimated size: 105

mcc_generated_files/LoRaWAN/lorawan_na.c
		_ExecuteNewChannel		CODE           	34A8	0000	503
		_ExecuteLinkAdr		CODE           	1212	0000	1205
		_UpdateDataRange		CODE           	7986	0000	37
		_GenerateUSFrequency1		CODE           	70F8	0000	81
		_ValidateChannelMaskCntl		CODE           	7A9A	0000	33
		_LORAWAN_RxTimeout		CODE           	6CDC	0000	95
		_GenerateUSFrequency2		CODE           	68EA	0000	111
		_Retransmissions		CODE           	4A44	0000	303
		_ValidateChannelId		CODE           	7BD6	0000	31
		_InitDefault915Channels		CODE           	737E	0000	69
		_LORAWAN_SetDataRange		CODE           	76DA	0000	49
		_SelectChannelForTransmission		CODE           	369E	0000	497
		_ValidateDataRate		CODE           	7C8E	0000	25
		_UpdateCurrentDataRateAfterDataRangeChanges		CODE           	7C10	0000	27
		_ValidateRxOffset		CODE           	7C76	0000	25
		_ValidateDataRange		CODE           	64A2	0000	133
		_SetCallbackSoftwareTimers		CODE           	5744	0000	223
		_StartReTxTimer		CODE           	7EA8	0000	3
		_SearchAvailableChannel		CODE           	4DB2	0000	265
		_EnableChannels		CODE           	5B68	0000	187
		_ValidateFrequency		CODE           	687A	0000	113
		_EnableChannels2		CODE           	726E	0000	69
		_ValidateDataRateReception		CODE           	7BB8	0000	31
		_ExecuteRxParamSetupReq		CODE           	3294	0000	533
		_UpdateDLSettings		CODE           	7A12	0000	35
		_GetRx1Freq    		CODE           	75B2	0000	51
		_LORAWAN_Init  		CODE           	6C1C	0000	97
		_LORAWAN_Reset 		CODE           	3F6E	0000	383
		_ExecuteDutyCycle		CODE           	7960	0000	39
		_GenerateUSFrequencyReception		CODE           	70A8	0000	81
		_TransmissionErrorCallback		CODE           	602A	0000	155
		_UpdateCfList  		CODE           	7EA6	0000	3
		_LORAWAN_SetChannelIdStatus		CODE           	77F2	0000	45
		_StopAllSoftwareTimers		CODE           	7004	0000	83
		_UpdateChannelIdStatus		CODE           	79AA	0000	37
		_ConfigureRadio		CODE           	6D98	0000	93
		_LORAWAN_TxDone		CODE           	28C2	0000	707
		_ExecuteDevStatus		CODE           	7DF2	0000	11
		_CreateAllSoftwareTimers		CODE           	7056	0000	83

mcc_generated_files/LoRaWAN/lorawan_na.c estimated size: 6551

mcc_generated_files/LoRaWAN/lorawan_aes_cmac.c
		_GenerateSubkey		CODE           	468A	0000	333
		_AESCmac       		CODE           	1ED8	0000	939
		_FillSubKey    		CODE           	6B5A	0000	99

mcc_generated_files/LoRaWAN/lorawan_aes_cmac.c estimated size: 1371

C:\Program Files (x86)\Microchip\xc8\v1.45\sources\common\Umul32.c
		___lmul        		CODE           	6EAA	0000	89

C:\Program Files (x86)\Microchip\xc8\v1.45\sources\common\Umul32.c estimated size: 89

C:\Program Files (x86)\Microchip\xc8\v1.45\sources\common\rand.c
		_srand         		CODE           	7D5C	0000	17
		_rand          		CODE           	6DF4	0000	93

C:\Program Files (x86)\Microchip\xc8\v1.45\sources\common\rand.c estimated size: 110

mcc_generated_files/LoRaWAN/radio_driver_SX1276.c
		_RADIO_ReceiveStart		CODE           	3062	0000	563
		_RADIO_Init    		CODE           	388E	0000	495
		_RADIO_SetSpreadingFactor		CODE           	7DFC	0000	11
		_RADIO_WriteConfiguration		CODE           	0D12	0000	1281
		_RADIO_RxFSKTimeout		CODE           	7506	0000	63
		_RADIO_SetPABoost		CODE           	7E2E	0000	11
		_RADIO_WriteFSKBitRate		CODE           	69C2	0000	105
		_RADIO_WriteMode		CODE           	50BC	0000	255
		_RADIO_Reset   		CODE           	7228	0000	71
		_RADIO_GetStatus		CODE           	7E70	0000	7
		_RADIO_RxDone  		CODE           	565E	0000	231
		_RADIO_WriteFSKFrequencyDeviation		CODE           	6958	0000	107
		_RADIO_GetPacketSnr		CODE           	7E6A	0000	7
		_RADIO_SetModulation		CODE           	7DCA	0000	11
		_RADIO_RegisterWrite		CODE           	7ABA	0000	33
		_RADIO_ReadRandom		CODE           	5E3C	0000	169
		_RADIO_ReleaseData		CODE           	7E64	0000	7
		_RADIO_FSKPacketSent		CODE           	4914	0000	305
		_RADIO_RegisterRead		CODE           	78EA	0000	41
		_RADIO_SetBandwidth		CODE           	7E24	0000	11
		_RADIO_ReceiveStop		CODE           	7A34	0000	35
		_RADIO_DIO0    		CODE           	61F0	0000	145
		_RADIO_DIO1    		CODE           	7148	0000	79
		_RADIO_DIO2    		CODE           	6F58	0000	87
		_RADIO_DIO3    		CODE           	79F0	0000	35
		_RADIO_DIO4    		CODE           	75E4	0000	51
		_RADIO_DIO5    		CODE           	7872	0000	41
		_RADIO_FHSSChangeChannel		CODE           	7448	0000	65
		_RADIO_TxDone  		CODE           	4B72	0000	297
		_RADIO_SetFrequencyHopPeriod		CODE           	7DD4	0000	11
		_RADIO_FSKPayloadReady		CODE           	5CDA	0000	183
		_RADIO_SetLoRaSyncWord		CODE           	7E38	0000	11
		_RADIO_SetIQInverted		CODE           	7E10	0000	11
		_RADIO_RxTimeout		CODE           	767A	0000	49
		_RADIO_WritePower		CODE           	52AE	0000	241
		_RADIO_SetOutputPower		CODE           	7E06	0000	11
		_RADIO_WatchdogTimeout		CODE           	71E0	0000	73
		_RADIO_SetChannelFrequency		CODE           	630C	0000	139
		_RADIO_Transmit		CODE           	2E28	0000	571
		_RADIO_UnhandledInterrupt		CODE           	7616	0000	51
		_RADIO_SetCRC  		CODE           	7E1A	0000	11
		_RADIO_WriteFrequency		CODE           	539E	0000	241

mcc_generated_files/LoRaWAN/radio_driver_SX1276.c estimated size: 6222

mcc_generated_files/ext_int.c
		_INT1_SetInterruptHandler		CODE           	7DC0	0000	11
		_EXT_INT_Initialize		CODE           	781E	0000	43
		_INT2_SetInterruptHandler		CODE           	7DB6	0000	11
		_INT1_DefaultInterruptHandler		CODE           	7EB4	0000	3
		_INT1_CallBack 		CODE           	7B7A	0000	33
		_INT2_DefaultInterruptHandler		CODE           	7EB2	0000	3
		_INT2_CallBack 		CODE           	7B5A	0000	33
		_INT1_ISR      		CODE           	7E5C	0000	9
		_INT2_ISR      		CODE           	7E54	0000	9

mcc_generated_files/ext_int.c estimated size: 155

mcc_generated_files/LoRaWAN/tmr_lora_addons.c
		_TMR_ISR_Lora_Init		CODE           	7D1C	0000	17
		_TMR_ISR_lora  		CODE           	6FAE	0000	87

mcc_generated_files/LoRaWAN/tmr_lora_addons.c estimated size: 104

shared
		_spreadingFactor		MEDIUMCONST    	FF1F	0000	15
		_maxPayloadSize		MEDIUMCONST    	FF3B	0000	15
		_DefaultChannels915		MEDIUMCONST    	FF69	0000	145
		_rxWindowSize  		MEDIUMCONST    	FF49	0000	15
		i2_TMR_SwapTimer		CODE           	73C2	0000	69
		i2_TMR1_ReadTimer		CODE           	7B1A	0000	33
		_macEndDevCmdReplyLen		MEDIUMCONST    	FF62	0000	8
		__initialization		CODE           	5F88	0000	157
		_txPower915    		MEDIUMCONST    	FF57	0000	12
		i2_TMR1_WriteTimer		CODE           	7BF4	0000	29
		_rxWindowOffset		MEDIUMCONST    	FF2D	0000	15
		_STable        		MEDIUMCONST    	FE1F	0000	257
		i2_SwTimersInterrupt		CODE           	4FBC	0000	257
		i2_TMR_GetDeltaTime		CODE           	40EC	0000	369

shared estimated size: 1396

mcc_generated_files/mcc.c
		_OSCILLATOR_Initialize		CODE           	7D7A	0000	15
		_SYSTEM_Initialize		CODE           	7B9A	0000	31

mcc_generated_files/mcc.c estimated size: 46

mcc_generated_files/tmr1.c
		_TMR1_Initialize		CODE           	77C6	0000	45
		_TMR1_SetInterruptHandler		CODE           	7DA2	0000	11
		_TMR1_DefaultInterruptHandler		CODE           	7EAE	0000	3
		_TMR1_CallBack 		CODE           	7AFA	0000	33
		_TMR1_WriteTimer		CODE           	7ADA	0000	33
		_TMR1_ReadTimer		CODE           	7A78	0000	35
		_TMR1_ISR      		CODE           	7CE4	0000	21

mcc_generated_files/tmr1.c estimated size: 181

C:\Program Files (x86)\Microchip\xc8\v1.45\sources\common\awdiv.c
		___awdiv       		CODE           	6396	0000	135

C:\Program Files (x86)\Microchip\xc8\v1.45\sources\common\awdiv.c estimated size: 135

mcc_generated_files/LoRaWAN/AES.c
		_AESEncode     		CODE           	2282	0000	843
		_EncKeySchedule		CODE           	2B84	0000	677
		_EncodeShiftRow		CODE           	43C8	0000	357

mcc_generated_files/LoRaWAN/AES.c estimated size: 1877

C:\Program Files (x86)\Microchip\xc8\v1.45\sources\common\lldiv.c
		___lldiv       		CODE           	6526	0000	133

C:\Program Files (x86)\Microchip\xc8\v1.45\sources\common\lldiv.c estimated size: 133

mcc_generated_files/spi2.c
		_SPI2_Exchange8bit		CODE           	7D0A	0000	19
		_SPI2_Initialize		CODE           	7D6C	0000	15

mcc_generated_files/spi2.c estimated size: 34

main.c
		_RxData        		CODE           	7EAC	0000	3
		_main          		CODE           	6796	0000	115
		_RxJoinResponse		CODE           	7EAA	0000	3

main.c estimated size: 121

C:\Program Files (x86)\Microchip\xc8\v1.45\sources\common\memset.c
		_memset        		CODE           	773A	0000	49

C:\Program Files (x86)\Microchip\xc8\v1.45\sources\common\memset.c estimated size: 49

