Microchip MPLAB XC8 Compiler V1.45 ()

Linker command line:

--edf=C:\Program Files (x86)\Microchip\xc8\v1.45\dat\en_msgs.txt -cs \
  -h+dist/Standalone/production\PICoRa_Mote.X.production.sym \
  --cmf=dist/Standalone/production\PICoRa_Mote.X.production.cmf -z \
  -Q18LF45K50 -oC:\Users\NATTAPAK\AppData\Local\Temp\s8ik.2 \
  -Mdist/Standalone/production/PICoRa_Mote.X.production.map -E1 -ver=XC8 \
  --acfsm=1493 -ASTACK=0580h-07ffh -pstack=STACK -ACODE=00h-07FFFh \
  -ACONST=00h-07FFFh -ASMALLCONST=0800h-08FFhx120 \
  -AMEDIUMCONST=0800h-07FFFh -ACOMRAM=01h-05Fh -AABS1=00h-07FFh \
  -ABIGRAM=01h-07FFh -ARAM=060h-0FFh,0100h-01FFhx7 -ABANK0=060h-0FFh \
  -ABANK1=0100h-01FFh -ABANK2=0200h-02FFh -ABANK3=0300h-03FFh \
  -ABANK4=0400h-04FFh -ABANK5=0500h-05FFh -ABANK6=0600h-06FFh \
  -ABANK7=0700h-07FFh -ASFR=0F53h-0F5Fh,0F60h-0FFFh \
  -preset_vec=00h,intcode=08h,intcodelo,powerup,init -pramtop=0800h \
  -psmallconst=SMALLCONST -pmediumconst=MEDIUMCONST -pconst=CONST \
  -AFARRAM=00h-00h -ACONFIG=0300000h-030000Dh -pconfig=CONFIG \
  -AIDLOC=0200000h-0200007h -pidloc=IDLOC -AEEDATA=0F00000h-0F000FFh \
  -peeprom_data=EEDATA \
  -prdata=COMRAM,nvrram=COMRAM,nvbit=COMRAM,rbss=COMRAM,rbit=COMRAM \
  -pfarbss=FARRAM,fardata=FARRAM,nvFARRAM=FARRAM \
  -pintsave_regs=BIGRAM,bigbss=BIGRAM,bigdata=BIGRAM -pbss=RAM \
  -pidata=CODE,irdata=CODE,ibigdata=CODE,ifardata=CODE -prparam=COMRAM \
  C:\Users\NATTAPAK\AppData\Local\Temp\s8ik.obj \
  dist/Standalone/production\PICoRa_Mote.X.production.obj 

Object code version is 3.11

Machine type is 18LF45K50

Call graph: (short form)




                Name                               Link     Load   Length Selector   Space Scale
C:\Users\NATTAPAK\AppData\Local\Temp\s8ik.obj
                init                                 E4       E4        4        4       0
                reset_vec                             0        0        4        0       0
                idloc                            200000   200000        8   200000       0
                config                           300000   300000        E   300000       0
dist/Standalone/production\PICoRa_Mote.X.production.obj
                intcode                               8        8       DC        4       0
                temp                                 5E       5E        1        1       1
                mediumconst                        75F4     75F4      A0C     3AFA       0
                text140                            57C4     57C4        4        4       0
                text139                            53C4     53C4       30        4       0
                text138                            5394     5394       30        4       0
                text137                            5746     5746        C        4       0
                text136                            55C4     55C4       1E        4       0
                text135                            57B2     57B2        6        4       0
                text134                            46EC     46EC       82        4       0
                text133                            5202     5202       38        4       0
                text132                            4DB6     4DB6       5A        4       0
                text131                            3676     3676       D4        4       0
                text130                            32F6     32F6       E2        4       0
                text129                            39AA     39AA       C4        4       0
                text128                            265E     265E      134        4       0
                text127                            4D5A     4D5A       5C        4       0
                text126                            3EC6     3EC6       B0        4       0
                text125                            4210     4210       94        4       0
                text124                            5154     5154       3C        4       0
                text123                            3BEA     3BEA       BA        4       0
                text122                            4BDA     4BDA       66        4       0
                text121                            4E10     4E10       56        4       0
                text120                            4CFE     4CFE       5C        4       0
                text119                            1DE6     1DE6      264        4       0
                text118                            28C4     28C4      12E        4       0
                text117                            4024     4024       A8        4       0
                text116                            5450     5450       2C        4       0
                text115                            3214     3214       E2        4       0
                text114                            3132     3132       E2        4       0
                text113                            4172     4172       9E        4       0
                text112                            2E6E     2E6E       F2        4       0
                text111                            45E6     45E6       84        4       0
                text110                            374A     374A       CE        4       0
                text109                            501A     501A       42        4       0
                text108                            54CC     54CC       28        4       0
                text107                            5422     5422       2E        4       0
                text106                            2B1E     2B1E      12C        4       0
                text105                            2792     2792      132        4       0
                text104                            5792     5792        8        4       0
                text102                            5674     5674       16        4       0
                text101                            5770     5770        A        4       0
                text100                            5618     5618       1A        4       0
                text99                             56DA     56DA       12        4       0
                text98                             51CA     51CA       38        4       0
                text97                             565E     565E       16        4       0
                text96                             4F00     4F00       4C        4       0
                text95                             57C0     57C0        4        4       0
                text94                             52D2     52D2       32        4       0
                text93                             57BC     57BC        4        4       0
                text92                             56C6     56C6       14        4       0
                text91                             57B8     57B8        4        4       0
                text90                             5584     5584       22        4       0
                text89                             5562     5562       22        4       0
                text88                             4FD8     4FD8       42        4       0
                text87                             17F2     17F2      33E        4       0
                text86                             1B30     1B30      2B6        4       0
                text85                             14A0     14A0      352        4       0
                text84                             3598     3598       DE        4       0
                text83                             23C6     23C6      154        4       0
                text82                             2F60     2F60       EA        4       0
                text81                             54A4     54A4       28        4       0
                text80                             47EE     47EE       7E        4       0
                text79                             5190     5190       3A        4       0
                text78                             4B74     4B74       66        4       0
                text77                             4F4C     4F4C       48        4       0
                text76                             4AA2     4AA2       6A        4       0
                text75                             50DA     50DA       3E        4       0
                text74                             572C     572C        E        4       0
                text73                             5364     5364       30        4       0
                text72                             4E66     4E66       4E        4       0
                text71                             505C     505C       40        4       0
                text70                             52A0     52A0       32        4       0
                text69                             486C     486C       78        4       0
                text68                             5648     5648       16        4       0
                text67                             55E2     55E2       1C        4       0
                text66                             56B2     56B2       14        4       0
                text65                             5632     5632       16        4       0
                text64                             466A     466A       82        4       0
                text63                             551A     551A       26        4       0
                text62                             55FE     55FE       1A        4       0
                text61                             4956     4956       72        4       0
                text60                             509C     509C       3E        4       0
                text59                             4A36     4A36       6C        4       0
                text58                             40CC     40CC       A6        4       0
                text57                             38E4     38E4       C6        4       0
                text56                             526E     526E       32        4       0
                text55                             304A     304A       E8        4       0
                text54                             4B0C     4B0C       68        4       0
                text53                             4C40     4C40       60        4       0
                text52                             4450     4450       8A        4       0
                text51                             3818     3818       CC        4       0
                text50                             48E4     48E4       72        4       0
                text49                             523A     523A       34        4       0
                text48                             5334     5334       30        4       0
                text47                             29F2     29F2      12C        4       0
                text46                             3B2C     3B2C       BE        4       0
                text45                             251A     251A      144        4       0
                text44                             57AC     57AC        6        4       0
                text43                             57A6     57A6        6        4       0
                text42                             3CA4     3CA4       B8        4       0
                text41                             5540     5540       22        4       0
                text40                             34B8     34B8       E0        4       0
                text39                             49C8     49C8       6E        4       0
                text38                             3E12     3E12       B4        4       0
                text37                             5766     5766        A        4       0
                text36                             571C     571C       10        4       0
                text35                             55A6     55A6       1E        4       0
                text34                             578A     578A        8        4       0
                text33                             3F76     3F76       AE        4       0
                text32                             4F94     4F94       44        4       0
                text31                             2D62     2D62      10C        4       0
                text30                             57A0     57A0        6        4       0
                text29                             575C     575C        A        4       0
                text28                             5118     5118       3C        4       0
                text27                             4EB4     4EB4       4C        4       0
                text26                             44DA     44DA       88        4       0
                text25                              FEA      FEA      4B6        4       0
                text24                             2264     2264      162        4       0
                text23                             5752     5752        A        4       0
                text22                             4562     4562       84        4       0
                text21                             54F4     54F4       26        4       0
                text20                             5782     5782        8        4       0
                text19                             570C     570C       10        4       0
                text18                             56FC     56FC       10        4       0
                text17                             56EC     56EC       10        4       0
                text16                             569E     569E       14        4       0
                text15                             476E     476E       80        4       0
                text14                             547C     547C       28        4       0
                text13                             568A     568A       14        4       0
                text12                             5304     5304       30        4       0
                text11                             33D8     33D8       E0        4       0
                text10                             3D5C     3D5C       B6        4       0
                text9                              4CA0     4CA0       5E        4       0
                text8                              42A4     42A4       92        4       0
                text7                              573A     573A        C        4       0
                text6                              579A     579A        6        4       0
                text5                              43C6     43C6       8A        4       0
                text4                              53F4     53F4       2E        4       0
                text3                              3A6E     3A6E       BE        4       0
                text2                                E8       E8      F02        4       0
                text1                              204A     204A      21A        4       0
                text0                              2C4A     2C4A      118        4       0
                cstackCOMRAM                          1        1       31        1       1
                cstackBANK0                          60       60       5C       60       1
                bssBANK2                            200      200       C0      200       1
                dataBANK1                           1F0      1F0        2      100       1
                bssBANK1                            100      100       F0      100       1
                dataBANK0                            F8       F8        8       60       1
                bssBANK0                             BC       BC       3C       60       1
                dataCOMRAM                           5B       5B        2        1       1
                bssCOMRAM                            32       32       29        1       1
                bitbssCOMRAM                        2E8       5D        1        1       1     8
                cinit                              4336     4336       90        4       0
                idataBANK1                         57CA     57CA        2        4       0
                idataBANK0                         577A     577A        8        4       0
                idataCOMRAM                        57C8     57C8        2        4       0

TOTAL           Name                               Link     Load   Length     Space
        CLASS   STACK          

        CLASS   CODE           
                intcode                               8        8       DC         0
                init                                 E4       E4        4         0
                reset_vec                             0        0        4         0
                text140                            57C4     57C4        4         0
                text139                            53C4     53C4       30         0
                text138                            5394     5394       30         0
                text137                            5746     5746        C         0
                text136                            55C4     55C4       1E         0
                text135                            57B2     57B2        6         0
                text134                            46EC     46EC       82         0
                text133                            5202     5202       38         0
                text132                            4DB6     4DB6       5A         0
                text131                            3676     3676       D4         0
                text130                            32F6     32F6       E2         0
                text129                            39AA     39AA       C4         0
                text128                            265E     265E      134         0
                text127                            4D5A     4D5A       5C         0
                text126                            3EC6     3EC6       B0         0
                text125                            4210     4210       94         0
                text124                            5154     5154       3C         0
                text123                            3BEA     3BEA       BA         0
                text122                            4BDA     4BDA       66         0
                text121                            4E10     4E10       56         0
                text120                            4CFE     4CFE       5C         0
                text119                            1DE6     1DE6      264         0
                text118                            28C4     28C4      12E         0
                text117                            4024     4024       A8         0
                text116                            5450     5450       2C         0
                text115                            3214     3214       E2         0
                text114                            3132     3132       E2         0
                text113                            4172     4172       9E         0
                text112                            2E6E     2E6E       F2         0
                text111                            45E6     45E6       84         0
                text110                            374A     374A       CE         0
                text109                            501A     501A       42         0
                text108                            54CC     54CC       28         0
                text107                            5422     5422       2E         0
                text106                            2B1E     2B1E      12C         0
                text105                            2792     2792      132         0
                text104                            5792     5792        8         0
                text102                            5674     5674       16         0
                text101                            5770     5770        A         0
                text100                            5618     5618       1A         0
                text99                             56DA     56DA       12         0
                text98                             51CA     51CA       38         0
                text97                             565E     565E       16         0
                text96                             4F00     4F00       4C         0
                text95                             57C0     57C0        4         0
                text94                             52D2     52D2       32         0
                text93                             57BC     57BC        4         0
                text92                             56C6     56C6       14         0
                text91                             57B8     57B8        4         0
                text90                             5584     5584       22         0
                text89                             5562     5562       22         0
                text88                             4FD8     4FD8       42         0
                text87                             17F2     17F2      33E         0
                text86                             1B30     1B30      2B6         0
                text85                             14A0     14A0      352         0
                text84                             3598     3598       DE         0
                text83                             23C6     23C6      154         0
                text82                             2F60     2F60       EA         0
                text81                             54A4     54A4       28         0
                text80                             47EE     47EE       7E         0
                text79                             5190     5190       3A         0
                text78                             4B74     4B74       66         0
                text77                             4F4C     4F4C       48         0
                text76                             4AA2     4AA2       6A         0
                text75                             50DA     50DA       3E         0
                text74                             572C     572C        E         0
                text73                             5364     5364       30         0
                text72                             4E66     4E66       4E         0
                text71                             505C     505C       40         0
                text70                             52A0     52A0       32         0
                text69                             486C     486C       78         0
                text68                             5648     5648       16         0
                text67                             55E2     55E2       1C         0
                text66                             56B2     56B2       14         0
                text65                             5632     5632       16         0
                text64                             466A     466A       82         0
                text63                             551A     551A       26         0
                text62                             55FE     55FE       1A         0
                text61                             4956     4956       72         0
                text60                             509C     509C       3E         0
                text59                             4A36     4A36       6C         0
                text58                             40CC     40CC       A6         0
                text57                             38E4     38E4       C6         0
                text56                             526E     526E       32         0
                text55                             304A     304A       E8         0
                text54                             4B0C     4B0C       68         0
                text53                             4C40     4C40       60         0
                text52                             4450     4450       8A         0
                text51                             3818     3818       CC         0
                text50                             48E4     48E4       72         0
                text49                             523A     523A       34         0
                text48                             5334     5334       30         0
                text47                             29F2     29F2      12C         0
                text46                             3B2C     3B2C       BE         0
                text45                             251A     251A      144         0
                text44                             57AC     57AC        6         0
                text43                             57A6     57A6        6         0
                text42                             3CA4     3CA4       B8         0
                text41                             5540     5540       22         0
                text40                             34B8     34B8       E0         0
                text39                             49C8     49C8       6E         0
                text38                             3E12     3E12       B4         0
                text37                             5766     5766        A         0
                text36                             571C     571C       10         0
                text35                             55A6     55A6       1E         0
                text34                             578A     578A        8         0
                text33                             3F76     3F76       AE         0
                text32                             4F94     4F94       44         0
                text31                             2D62     2D62      10C         0
                text30                             57A0     57A0        6         0
                text29                             575C     575C        A         0
                text28                             5118     5118       3C         0
                text27                             4EB4     4EB4       4C         0
                text26                             44DA     44DA       88         0
                text25                              FEA      FEA      4B6         0
                text24                             2264     2264      162         0
                text23                             5752     5752        A         0
                text22                             4562     4562       84         0
                text21                             54F4     54F4       26         0
                text20                             5782     5782        8         0
                text19                             570C     570C       10         0
                text18                             56FC     56FC       10         0
                text17                             56EC     56EC       10         0
                text16                             569E     569E       14         0
                text15                             476E     476E       80         0
                text14                             547C     547C       28         0
                text13                             568A     568A       14         0
                text12                             5304     5304       30         0
                text11                             33D8     33D8       E0         0
                text10                             3D5C     3D5C       B6         0
                text9                              4CA0     4CA0       5E         0
                text8                              42A4     42A4       92         0
                text7                              573A     573A        C         0
                text6                              579A     579A        6         0
                text5                              43C6     43C6       8A         0
                text4                              53F4     53F4       2E         0
                text3                              3A6E     3A6E       BE         0
                text2                                E8       E8      F02         0
                text1                              204A     204A      21A         0
                text0                              2C4A     2C4A      118         0
                cinit                              4336     4336       90         0
                idataBANK1                         57CA     57CA        2         0
                idataBANK0                         577A     577A        8         0
                idataCOMRAM                        57C8     57C8        2         0

        CLASS   CONST          

        CLASS   SMALLCONST     

        CLASS   MEDIUMCONST    
                mediumconst                        75F4     75F4      A0C         0

        CLASS   COMRAM         
                temp                                 5E       5E        1         1
                cstackCOMRAM                          1        1       31         1
                dataCOMRAM                           5B       5B        2         1
                bssCOMRAM                            32       32       29         1
                bitbssCOMRAM                        2E8       5D        1         1

        CLASS   ABS1           
                abs_s1                              400      400       40         1
                abs_s1                              500      500       80         1

        CLASS   BIGRAM         

        CLASS   RAM            

        CLASS   BANK0          
                cstackBANK0                          60       60       5C         1
                dataBANK0                            F8       F8        8         1
                bssBANK0                             BC       BC       3C         1

        CLASS   BANK1          
                dataBANK1                           1F0      1F0        2         1
                bssBANK1                            100      100       F0         1

        CLASS   BANK2          
                bssBANK2                            200      200       C0         1

        CLASS   BANK3          

        CLASS   BANK4          

        CLASS   BANK5          

        CLASS   BANK6          

        CLASS   BANK7          

        CLASS   SFR            

        CLASS   FARRAM         

        CLASS   CONFIG         
                config                           300000   300000        E         0

        CLASS   IDLOC          
                idloc                            200000   200000        8         0

        CLASS   EEDATA         



SEGMENTS        Name                           Load    Length   Top    Selector   Space  Class

                reset_vec                      000000  000004  000004         0       0  CODE    
                cstackCOMRAM                   000001  00005E  00005F         1       1  COMRAM  
                intcode                        000008  0057C4  0057CC         4       0  CODE    
                cstackBANK0                    000060  0000A0  000100        60       1  BANK0   
                bssBANK1                       000100  0000F2  0001F2       100       1  BANK1   
                bssBANK2                       000200  0000C0  0002C0       200       1  BANK2   
                mediumconst                    0075F4  000A0C  008000      3AFA       0  MEDIUMCO
                idloc                          200000  000008  200008    200000       0  IDLOC   
                config                         300000  00000E  30000E    300000       0  CONFIG  


UNUSED ADDRESS RANGES

        Name                Unused          Largest block    Delta
        BANK1            0001F2-0001FF                E
        BANK2            0002C0-0002FF               40
        BANK3            000300-0003FF              100
        BANK4            000440-0004FF               C0
        BANK5            000580-0005FF               80
        BANK6            000600-0006FF              100
        BANK7            000700-0007FF              100
        BIGRAM           00005F-00005F                1
                         0001F2-0001FF                E
                         0002C0-0003FF              140
                         000440-0004FF               C0
                         000580-0007FF              280
        CODE             000004-000007                4
                         0057CC-0075F3             1E28
        COMRAM           00005F-00005F                1
        CONST            000004-000007                4
                         0057CC-0075F3             1E28
        EEDATA           F00000-F000FF              100
        MEDIUMCONST      0057CC-0075F3             1E28
        RAM              0001F2-0001FF                E
                         0002C0-0003FF               40
                         000440-0004FF               C0
                         000580-0007FF              100
        SFR              000F53-000FFF                D
        SMALLCONST       0057CC-0075F3              100
        STACK            000580-0007FF              280

                                  Symbol Table

?_USBTransferOnePacket                       cstackBANK0  000060
?___almod                                    cstackBANK0  000060
?___awmod                                    cstackBANK0  000060
?___fladd                                    cstackBANK0  000060
?___fldiv                                    cstackBANK0  00008D
?___flmul                                    cstackBANK0  000074
?___fltol                                    cstackBANK0  000060
?___lldiv                                    cstackCOMRAM 000001
?___lwmod                                    cstackBANK0  000060
?___wmul                                     cstackBANK0  000060
?___xxtofl                                   cstackBANK0  000060
?_moteApp_convertSensorValue                 cstackBANK0  000072
?_moteApp_getLightString                     cstackBANK0  000060
?_moteApp_getLightValue                      cstackBANK0  00006E
?_moteApp_getTempValue                       cstackBANK0  000063
?_strcmp                                     cstackBANK0  000060
?_strncmp                                    cstackBANK0  000060
?i2_USBTransferOnePacket                     cstackCOMRAM 000001
ADC_TempConversion@temp                      cstackBANK0  0000A7
ADC_TempConversion@tempRaw                   cstackBANK0  0000A6
ADC_TempConversion@val                       cstackBANK0  0000A8
CDCTxService@byte_to_send                    cstackBANK0  00006B
CDCTxService@i                               cstackBANK0  00006A
DATAEE_ReadByte@bAdd                         cstackBANK0  000060
DATAEE_WriteByte@GIEBitValue                 cstackBANK0  000062
DATAEE_WriteByte@bAdd                        cstackBANK0  000061
DATAEE_WriteByte@bData                       cstackBANK0  000060
EUSART_FlushBuffer@index                     cstackBANK0  000060
EUSART_Read@readValue                        cstackBANK0  000060
EUSART_Write@txData                          cstackBANK0  000060
MOTEapp_SetDataRateSetting@dr                cstackBANK0  000064
MOTEapp_TimerBasedTask@timerTask             cstackBANK0  000060
MOTEapp_getModuleResponse@bufferByte         cstackBANK0  000062
MOTEapp_getModuleResponse@terminatorReceived cstackBANK0  000061
MOTEapp_handlerState@state                   cstackBANK0  000060
Set_Column_Address@address                   cstackBANK0  000061
Set_Page_Address@address                     cstackBANK0  000061
TMR2_ReadTimer@readVal                       cstackBANK0  000060
USART_mySetLineCodingHandler@dwBaud          cstackCOMRAM 00000E
USBConfigureEndpoint@EPNum                   cstackCOMRAM 000006
USBConfigureEndpoint@direction               cstackCOMRAM 000001
USBConfigureEndpoint@handle                  cstackCOMRAM 000007
USBCtrlEPService@setup_cnt                   cstackCOMRAM 00001E
USBCtrlTrfInHandler@lastDTS                  cstackCOMRAM 000012
USBCtrlTrfRxService@byteToRead               cstackCOMRAM 000013
USBCtrlTrfRxService@i                        cstackCOMRAM 000012
USBCtrlTrfTxService@byteToSend               cstackCOMRAM 000001
USBDeviceInit@i                              cstackBANK0  000068
USBDeviceTasks@i                             cstackCOMRAM 00001F
USBEnableEndpoint@ep                         cstackCOMRAM 00000C
USBEnableEndpoint@options                    cstackCOMRAM 000009
USBEnableEndpoint@p                          cstackCOMRAM 00000A
USBStdFeatureReqHandler@current_ep_data      cstackCOMRAM 000019
USBStdFeatureReqHandler@p                    cstackCOMRAM 00001A
USBStdFeatureReqHandler@pUEP                 cstackCOMRAM 000017
USBStdGetStatusHandler@p                     cstackCOMRAM 000002
USBStdSetCfgHandler@i                        cstackCOMRAM 000016
USBTransferOnePacket@data                    cstackBANK0  000061
USBTransferOnePacket@dir                     cstackBANK0  000060
USBTransferOnePacket@ep                      cstackBANK0  000064
USBTransferOnePacket@handle                  cstackBANK0  000065
USBTransferOnePacket@len                     cstackBANK0  000063
USBapp_CdcEmulatorInitialize@i               cstackCOMRAM 00000D
USBapp_Handler@buttonPress                   cstackBANK0  000077
USBapp_LEDUpdateStatus@ledCount              bssCOMRAM    00003E
USBapp_exitCDCState@usbState                 cstackBANK0  000060
USBapp_handlerState@state                    cstackBANK0  000060
USER_USB_CALLBACK_EVENT_HANDLER@event        cstackCOMRAM 00000E
USER_USB_CALLBACK_EVENT_HANDLER@pdata        cstackCOMRAM 000010
USER_USB_CALLBACK_EVENT_HANDLER@size         cstackCOMRAM 000012
_ACTCON                                      (abs)        000FB5
_ADCON0                                      (abs)        000FC2
_ADCON0bits                                  (abs)        000FC2
_ADCON1                                      (abs)        000FC1
_ADCON2                                      (abs)        000FC0
_ADC_Initialize                              text100      005618
_ADC_TempConversion                          text82       002F60
_ADRESH                                      (abs)        000FC4
_ADRESL                                      (abs)        000FC3
_ANSELAbits                                  (abs)        000F5B
_ANSELCbits                                  (abs)        000F5D
_BAUDCON                                     (abs)        000FB8
_BDT                                         (abs)        000400
_BaudRateGen                                 bssBANK1     000146
_BothEP0OutUOWNsSet                          bssCOMRAM    000047
_CDCDataInHandle                             bssCOMRAM    000032
_CDCDataOutHandle                            bssBANK0     0000D6
_CDCInitEP                                   text122      004BDA
_CDCTxService                                text45       00251A
_CDCTxService$6155                           cstackBANK0  000068
_CKE                                         (abs)        007E3E
_CKP                                         (abs)        007E34
_CM1CON0                                     (abs)        000F98
_CM1CON0bits                                 (abs)        000F98
_CM2CON1bits                                 (abs)        000F9A
_CMP1_ISR                                    text140      0057C4
_CMP1_Initialize                             text99       0056DA
_Contrast_level                              dataCOMRAM   00005B
_CtrlTrfData                                 (abs)        000438
_DATAEE_ReadByte                             text102      005674
_DATAEE_WriteByte                            text28       005118
_EEADR                                       (abs)        000FA9
_EECON1bits                                  (abs)        000FA6
_EECON2                                      (abs)        000FA7
_EEDATA                                      (abs)        000FA8
_EUSART_FlushBuffer                          text88       004FD8
_EUSART_Initialize                           text98       0051CA
_EUSART_Read                                 text79       005190
_EUSART_Receive_ISR                          text139      0053C4
_EUSART_Transmit_ISR                         text138      005394
_EUSART_Write                                text75       0050DA
_EndLine                                     text74       00572C
_GIE                                         (abs)        007F97
_INTCON3bits                                 (abs)        000FF0
_INTCONbits                                  (abs)        000FF2
_INTERRUPT_InterruptManager                  intcode      000008
_IOCCbits                                    (abs)        000F87
_IPR3bits                                    (abs)        000FA5
_LATAbits                                    (abs)        000F89
_LATBbits                                    (abs)        000F8A
_LATCbits                                    (abs)        000F8B
_LATD                                        (abs)        000F8C
_LATEbits                                    (abs)        000F8D
_LastRS232Out                                bssBANK0     0000E6
_MOTEapp_SetDataRateSetting                  text24       002264
_MOTEapp_TimerBasedTask                      text35       0055A6
_MOTEapp_getModuleResponse                   text78       004B74
_MOTEapp_handlerState                        text101      005770
_MOTEapp_setResponseReady                    text44       0057AC
_NextUSBOut                                  bssBANK0     0000E8
_OSCCON                                      (abs)        000FD3
_OSCCON2                                     (abs)        000FD2
_OSCCON2bits                                 (abs)        000FD2
_OSCILLATOR_Initialize                       text97       00565E
_OSCTUNE                                     (abs)        000F9B
_OledFont0                                   mediumconst  0075FD
_PEIE                                        (abs)        007F96
_PICoRa_Initialize                           text89       005562
_PICoRa_test_powerup                         text50       0048E4
_PIE1bits                                    (abs)        000F9D
_PIE2bits                                    (abs)        000FA0
_PIE3bits                                    (abs)        000FA3
_PIN_MANAGER_Initialize                      text96       004F00
_PIR1bits                                    (abs)        000F9E
_PIR2bits                                    (abs)        000FA1
_PIR3bits                                    (abs)        000FA4
_PORTAbits                                   (abs)        000F80
_PORTBbits                                   (abs)        000F81
_PORTCbits                                   (abs)        000F82
_PR2                                         (abs)        000FBB
_RCONbits                                    (abs)        000FD0
_RCREG                                       (abs)        000FAE
_RCSTA                                       (abs)        000FAB
_RCSTAbits                                   (abs)        000FAB
_RS232_Out_Data_Rdy                          bssBANK0     0000E7
_RS232cp                                     bssBANK0     0000E5
_RemoteWakeup                                bssCOMRAM    00004A
_SPBRG                                       (abs)        000FAF
_SPBRGH                                      (abs)        000FB0
_SSP1ADD                                     (abs)        000FC8
_SSP1CON1                                    (abs)        000FC6
_SSP1CON1bits                                (abs)        000FC6
_SSP1STAT                                    (abs)        000FC7
_SSP1STATbits                                (abs)        000FC7
_SSPBUF                                      (abs)        000FC9
_Set_Column_Address                          text67       0055E2
_Set_Page_Address                            text66       0056B2
_SetupPkt                                    (abs)        000430
_T1CON                                       (abs)        000FCD
_T1CONbits                                   (abs)        000FCD
_T1GCON                                      (abs)        000FCC
_T1GCONbits                                  (abs)        000FCC
_T2CON                                       (abs)        000FBA
_T2CONbits                                   (abs)        000FBA
_T3CON                                       (abs)        000FB1
_T3CONbits                                   (abs)        000FB1
_T3GCON                                      (abs)        000FB4
_T3GCONbits                                  (abs)        000FB4
_TABLAT                                      (abs)        000FF5
_TBLPTRH                                     (abs)        000FF7
_TBLPTRL                                     (abs)        000FF6
_TBLPTRU                                     (abs)        000FF8
_TMR1H                                       (abs)        000FCF
_TMR1L                                       (abs)        000FCE
_TMR1_ISR                                    text137      005746
_TMR1_Initialize                             text94       0052D2
_TMR1_StartTimer                             text95       0057C0
_TMR2                                        (abs)        000FBC
_TMR2_Initialize                             text92       0056C6
_TMR2_ReadTimer                              text23       005752
_TMR2_StartTimer                             text93       0057BC
_TMR3                                        (abs)        000FB2
_TMR3H                                       (abs)        000FB3
_TMR3L                                       (abs)        000FB2
_TMR3_ISR                                    text136      0055C4
_TMR3_Initialize                             text90       005584
_TMR3_StartTimer                             text91       0057B8
_TMRapp_ClearBitFlags                        text34       00578A
_TMRapp_Handler                              text31       002D62
_TMRapp_Tick                                 text135      0057B2
_TRISAbits                                   (abs)        000F92
_TRISBbits                                   (abs)        000F93
_TRISCbits                                   (abs)        000F94
_TRISD                                       (abs)        000F95
_TRISEbits                                   (abs)        000F96
_TXREG                                       (abs)        000FAD
_TXSTA                                       (abs)        000FAC
_TXSTAbits                                   (abs)        000FAC
_UADDR                                       (abs)        000F63
_UCFG                                        (abs)        000F62
_UCON                                        (abs)        000F60
_UCONbits                                    (abs)        000F60
_UEIE                                        (abs)        000F66
_UEIR                                        (abs)        000F67
_UEP0                                        (abs)        000F6A
_UEP0bits                                    (abs)        000F6A
_UEP1                                        (abs)        000F6B
_UIE                                         (abs)        000F64
_UIEbits                                     (abs)        000F64
_UIR                                         (abs)        000F65
_UIRbits                                     (abs)        000F65
_USART_mySetLineCodingHandler                text132      004DB6
_USBActiveConfiguration                      bssCOMRAM    00005A
_USBAlternateInterface                       bssCOMRAM    000057
_USBBusIsSuspended                           bssCOMRAM    000049
_USBCheckCDCRequest                          text126      003EC6
_USBCheckStdRequest                          text114      003132
_USBConfigureEndpoint                        text125      004210
_USBCtrlEPAllowDataStage                     text113      004172
_USBCtrlEPAllowStatusStage                   text129      0039AA
_USBCtrlEPService                            text110      00374A
_USBCtrlEPServiceComplete                    text112      002E6E
_USBCtrlTrfInHandler                         text130      0032F6
_USBCtrlTrfOutHandler                        text127      004D5A
_USBCtrlTrfRxService                         text128      00265E
_USBCtrlTrfSetupHandler                      text111      0045E6
_USBCtrlTrfTxService                         text131      003676
_USBDeferINDataStagePackets                  bssCOMRAM    000042
_USBDeferOUTDataStagePackets                 bssCOMRAM    000041
_USBDeferStatusStagePacket                   bssCOMRAM    000045
_USBDeviceAttach                             text49       00523A
_USBDeviceInit                               text47       0029F2
_USBDeviceState                              bssBANK0     0000EC
_USBDeviceTasks                              text105      002792
_USBEnableEndpoint                           text124      005154
_USBStallHandler                             text109      00501A
_USBStatusStageEnabledFlag1                  bssCOMRAM    000044
_USBStatusStageEnabledFlag2                  bssCOMRAM    000043
_USBStatusStageTimeoutCounter                bssCOMRAM    000046
_USBStdFeatureReqHandler                     text119      001DE6
_USBStdGetDscHandler                         text118      0028C4
_USBStdGetStatusHandler                      text117      004024
_USBStdSetCfgHandler                         text115      003214
_USBSuspend                                  text108      0054CC
_USBTransferOnePacket                        text46       003B2C
_USBWakeFromSuspend                          text107      005422
_USB_Buffer                                  bssBANK2     000280
_USB_CD_Ptr                                  mediumconst  0075FB
_USB_SD_Ptr                                  mediumconst  0075F5
_USBapp_CdcEmulatorInitialize                text121      004E10
_USBapp_DeviceCdcEmulatorHandler             text40       0034B8
_USBapp_Handler                              text38       003E12
_USBapp_exitCDC                              text30       0057A0
_USBapp_exitCDCState                         text29       00575C
_USBapp_getrxByteFlag                        text43       0057A6
_USBapp_handlerState                         text37       005766
_USBapp_setrxByteFlag                        text104      005792
_USER_USB_CALLBACK_EVENT_HANDLER             text120      004CFE
_USTAT                                       (abs)        000F61
_USTATcopy                                   bssCOMRAM    000059
_VREFCON0                                    (abs)        000F7D
_VREFCON0bits                                (abs)        000F7D
_WDTCONbits                                  (abs)        000FD1
__CFG_BOREN$SBORDIS                          (abs)        000000
__CFG_BORV$190                               (abs)        000000
__CFG_CCP2MX$RC1                             (abs)        000000
__CFG_CFGPLLEN$OFF                           (abs)        000000
__CFG_CP0$OFF                                (abs)        000000
__CFG_CP1$OFF                                (abs)        000000
__CFG_CP2$OFF                                (abs)        000000
__CFG_CP3$OFF                                (abs)        000000
__CFG_CPB$OFF                                (abs)        000000
__CFG_CPD$OFF                                (abs)        000000
__CFG_CPUDIV$NOCLKDIV                        (abs)        000000
__CFG_EBTR0$OFF                              (abs)        000000
__CFG_EBTR1$OFF                              (abs)        000000
__CFG_EBTR2$OFF                              (abs)        000000
__CFG_EBTR3$OFF                              (abs)        000000
__CFG_EBTRB$OFF                              (abs)        000000
__CFG_FCMEN$OFF                              (abs)        000000
__CFG_FOSC$INTOSCIO                          (abs)        000000
__CFG_ICPRT$OFF                              (abs)        000000
__CFG_IESO$OFF                               (abs)        000000
__CFG_LS48MHZ$SYS48X8                        (abs)        000000
__CFG_LVP$OFF                                (abs)        000000
__CFG_MCLRE$ON                               (abs)        000000
__CFG_PBADEN$OFF                             (abs)        000000
__CFG_PCLKEN$OFF                             (abs)        000000
__CFG_PLLSEL$PLL3X                           (abs)        000000
__CFG_SDOMX$RB3                              (abs)        000000
__CFG_STVREN$ON                              (abs)        000000
__CFG_T3CMX$RC0                              (abs)        000000
__CFG_WDTEN$SWON                             (abs)        000000
__CFG_WDTPS$8192                             (abs)        000000
__CFG_WRT0$OFF                               (abs)        000000
__CFG_WRT1$OFF                               (abs)        000000
__CFG_WRT2$OFF                               (abs)        000000
__CFG_WRT3$OFF                               (abs)        000000
__CFG_WRTB$OFF                               (abs)        000000
__CFG_WRTC$OFF                               (abs)        000000
__CFG_WRTD$OFF                               (abs)        000000
__CFG_XINST$OFF                              (abs)        000000
__CFG_nLPBOR$ON                              (abs)        000000
__CFG_nPWRTEN$OFF                            (abs)        000000
__HRAM                                       (abs)        000000
__Habs1                                      abs1         000000
__Hbank0                                     bank0        000000
__Hbank1                                     bank1        000000
__Hbank2                                     bank2        000000
__Hbank3                                     bank3        000000
__Hbank4                                     bank4        000000
__Hbank5                                     bank5        000000
__Hbank6                                     bank6        000000
__Hbank7                                     bank7        000000
__Hbigbss                                    bigbss       000000
__Hbigdata                                   bigdata      000000
__Hbigram                                    bigram       000000
__HbitbssCOMRAM                              bitbssCOMRAM 000000
__Hbss                                       bss          000000
__HbssBANK0                                  bssBANK0     000000
__HbssBANK1                                  bssBANK1     000000
__HbssBANK2                                  bssBANK2     000000
__HbssCOMRAM                                 bssCOMRAM    000000
__Hcinit                                     cinit        000000
__Hclrtext                                   clrtext      000000
__Hcomram                                    comram       000000
__Hconfig                                    config       30000E
__Hconst                                     const        000000
__HcstackBANK0                               cstackBANK0  000000
__HcstackCOMRAM                              cstackCOMRAM 000000
__Hdata                                      data         000000
__HdataBANK0                                 dataBANK0    000000
__HdataBANK1                                 dataBANK1    000000
__HdataCOMRAM                                dataCOMRAM   000000
__Heeprom_data                               eeprom_data  000000
__Hfarbss                                    farbss       000000
__Hfardata                                   fardata      000000
__Hibigdata                                  ibigdata     000000
__Hidata                                     idata        000000
__HidataBANK0                                idataBANK0   000000
__HidataBANK1                                idataBANK1   000000
__HidataCOMRAM                               idataCOMRAM  000000
__Hidloc                                     idloc        200008
__Hifardata                                  ifardata     000000
__Hinit                                      init         0000E8
__Hintcode                                   intcode      0000E4
__Hintcode_body                              intcode_body 000000
__Hintcodelo                                 intcodelo    0000E4
__Hintentry                                  intentry     000000
__Hintret                                    intret       000000
__Hintsave_regs                              intsave_regs 000000
__Hirdata                                    irdata       000000
__Hmediumconst                               mediumconst  008000
__HnvFARRAM                                  nvFARRAM     000000
__Hnvbit                                     nvbit        000000
__Hnvrram                                    nvrram       000000
__Hparam                                     rparam       000000
__Hpowerup                                   powerup      0000E4
__Hram                                       ram          000000
__Hramtop                                    ramtop       000800
__Hrbit                                      rbit         000000
__Hrbss                                      rbss         000000
__Hrdata                                     rdata        000000
__Hreset_vec                                 reset_vec    000004
__Hrparam                                    rparam       000000
__Hsfr                                       sfr          000000
__Hsmallconst                                smallconst   000000
__Hspace_0                                   (abs)        30000E
__Hspace_1                                   (abs)        0002E9
__Hspace_2                                   (abs)        000000
__Hstack                                     stack        000000
__Hstruct                                    struct       000000
__Htemp                                      temp         00005F
__Htext                                      text         000000
__Htext0                                     text0        000000
__Htext1                                     text1        000000
__Htext10                                    text10       000000
__Htext100                                   text100      000000
__Htext101                                   text101      000000
__Htext102                                   text102      000000
__Htext104                                   text104      000000
__Htext105                                   text105      000000
__Htext106                                   text106      000000
__Htext107                                   text107      000000
__Htext108                                   text108      000000
__Htext109                                   text109      000000
__Htext11                                    text11       000000
__Htext110                                   text110      000000
__Htext111                                   text111      000000
__Htext112                                   text112      000000
__Htext113                                   text113      000000
__Htext114                                   text114      000000
__Htext115                                   text115      000000
__Htext116                                   text116      000000
__Htext117                                   text117      000000
__Htext118                                   text118      000000
__Htext119                                   text119      000000
__Htext12                                    text12       000000
__Htext120                                   text120      000000
__Htext121                                   text121      000000
__Htext122                                   text122      000000
__Htext123                                   text123      000000
__Htext124                                   text124      000000
__Htext125                                   text125      000000
__Htext126                                   text126      000000
__Htext127                                   text127      000000
__Htext128                                   text128      000000
__Htext129                                   text129      000000
__Htext13                                    text13       000000
__Htext130                                   text130      000000
__Htext131                                   text131      000000
__Htext132                                   text132      000000
__Htext133                                   text133      000000
__Htext134                                   text134      000000
__Htext135                                   text135      000000
__Htext136                                   text136      000000
__Htext137                                   text137      000000
__Htext138                                   text138      000000
__Htext139                                   text139      000000
__Htext14                                    text14       000000
__Htext140                                   text140      000000
__Htext141                                   text141      000000
__Htext15                                    text15       000000
__Htext16                                    text16       000000
__Htext17                                    text17       000000
__Htext18                                    text18       000000
__Htext19                                    text19       000000
__Htext2                                     text2        000000
__Htext20                                    text20       000000
__Htext21                                    text21       000000
__Htext22                                    text22       000000
__Htext23                                    text23       000000
__Htext24                                    text24       000000
__Htext25                                    text25       000000
__Htext26                                    text26       000000
__Htext27                                    text27       000000
__Htext28                                    text28       000000
__Htext29                                    text29       000000
__Htext3                                     text3        000000
__Htext30                                    text30       000000
__Htext31                                    text31       000000
__Htext32                                    text32       000000
__Htext33                                    text33       000000
__Htext34                                    text34       000000
__Htext35                                    text35       000000
__Htext36                                    text36       000000
__Htext37                                    text37       000000
__Htext38                                    text38       000000
__Htext39                                    text39       000000
__Htext4                                     text4        000000
__Htext40                                    text40       000000
__Htext41                                    text41       000000
__Htext42                                    text42       000000
__Htext43                                    text43       000000
__Htext44                                    text44       000000
__Htext45                                    text45       000000
__Htext46                                    text46       000000
__Htext47                                    text47       000000
__Htext48                                    text48       000000
__Htext49                                    text49       000000
__Htext5                                     text5        000000
__Htext50                                    text50       000000
__Htext51                                    text51       000000
__Htext52                                    text52       000000
__Htext53                                    text53       000000
__Htext54                                    text54       000000
__Htext55                                    text55       000000
__Htext56                                    text56       000000
__Htext57                                    text57       000000
__Htext58                                    text58       000000
__Htext59                                    text59       000000
__Htext6                                     text6        000000
__Htext60                                    text60       000000
__Htext61                                    text61       000000
__Htext62                                    text62       000000
__Htext63                                    text63       000000
__Htext64                                    text64       000000
__Htext65                                    text65       000000
__Htext66                                    text66       000000
__Htext67                                    text67       000000
__Htext68                                    text68       000000
__Htext69                                    text69       000000
__Htext7                                     text7        000000
__Htext70                                    text70       000000
__Htext71                                    text71       000000
__Htext72                                    text72       000000
__Htext73                                    text73       000000
__Htext74                                    text74       000000
__Htext75                                    text75       000000
__Htext76                                    text76       000000
__Htext77                                    text77       000000
__Htext78                                    text78       000000
__Htext79                                    text79       000000
__Htext8                                     text8        000000
__Htext80                                    text80       000000
__Htext81                                    text81       000000
__Htext82                                    text82       000000
__Htext83                                    text83       000000
__Htext84                                    text84       000000
__Htext85                                    text85       000000
__Htext86                                    text86       000000
__Htext87                                    text87       000000
__Htext88                                    text88       000000
__Htext89                                    text89       000000
__Htext9                                     text9        000000
__Htext90                                    text90       000000
__Htext91                                    text91       000000
__Htext92                                    text92       000000
__Htext93                                    text93       000000
__Htext94                                    text94       000000
__Htext95                                    text95       000000
__Htext96                                    text96       000000
__Htext97                                    text97       000000
__Htext98                                    text98       000000
__Htext99                                    text99       000000
__LRAM                                       (abs)        000001
__Labs1                                      abs1         000000
__Lbank0                                     bank0        000000
__Lbank1                                     bank1        000000
__Lbank2                                     bank2        000000
__Lbank3                                     bank3        000000
__Lbank4                                     bank4        000000
__Lbank5                                     bank5        000000
__Lbank6                                     bank6        000000
__Lbank7                                     bank7        000000
__Lbigbss                                    bigbss       000000
__Lbigdata                                   bigdata      000000
__Lbigram                                    bigram       000000
__LbitbssCOMRAM                              bitbssCOMRAM 000000
__Lbss                                       bss          000000
__LbssBANK0                                  bssBANK0     000000
__LbssBANK1                                  bssBANK1     000000
__LbssBANK2                                  bssBANK2     000000
__LbssCOMRAM                                 bssCOMRAM    000000
__Lcinit                                     cinit        000000
__Lclrtext                                   clrtext      000000
__Lcomram                                    comram       000000
__Lconfig                                    config       300000
__Lconst                                     const        000000
__LcstackBANK0                               cstackBANK0  000000
__LcstackCOMRAM                              cstackCOMRAM 000000
__Ldata                                      data         000000
__LdataBANK0                                 dataBANK0    000000
__LdataBANK1                                 dataBANK1    000000
__LdataCOMRAM                                dataCOMRAM   000000
__Leeprom_data                               eeprom_data  000000
__Lfarbss                                    farbss       000000
__Lfardata                                   fardata      000000
__Libigdata                                  ibigdata     000000
__Lidata                                     idata        000000
__LidataBANK0                                idataBANK0   000000
__LidataBANK1                                idataBANK1   000000
__LidataCOMRAM                               idataCOMRAM  000000
__Lidloc                                     idloc        200000
__Lifardata                                  ifardata     000000
__Linit                                      init         0000E4
__Lintcode                                   intcode      000008
__Lintcode_body                              intcode_body 000000
__Lintcodelo                                 intcodelo    0000E4
__Lintentry                                  intentry     000000
__Lintret                                    intret       000000
__Lintsave_regs                              intsave_regs 000000
__Lirdata                                    irdata       000000
__Lmediumconst                               mediumconst  0075F4
__LnvFARRAM                                  nvFARRAM     000000
__Lnvbit                                     nvbit        000000
__Lnvrram                                    nvrram       000000
__Lparam                                     rparam       000000
__Lpowerup                                   powerup      0000E4
__Lram                                       ram          000000
__Lramtop                                    ramtop       000800
__Lrbit                                      rbit         000000
__Lrbss                                      rbss         000000
__Lrdata                                     rdata        000000
__Lreset_vec                                 reset_vec    000000
__Lrparam                                    rparam       000000
__Lsfr                                       sfr          000000
__Lsmallconst                                smallconst   000000
__Lspace_0                                   (abs)        000000
__Lspace_1                                   (abs)        000000
__Lspace_2                                   (abs)        000000
__Lstack                                     stack        000000
__Lstruct                                    struct       000000
__Ltemp                                      temp         00005E
__Ltext                                      text         000000
__Ltext0                                     text0        000000
__Ltext1                                     text1        000000
__Ltext10                                    text10       000000
__Ltext100                                   text100      000000
__Ltext101                                   text101      000000
__Ltext102                                   text102      000000
__Ltext104                                   text104      000000
__Ltext105                                   text105      000000
__Ltext106                                   text106      000000
__Ltext107                                   text107      000000
__Ltext108                                   text108      000000
__Ltext109                                   text109      000000
__Ltext11                                    text11       000000
__Ltext110                                   text110      000000
__Ltext111                                   text111      000000
__Ltext112                                   text112      000000
__Ltext113                                   text113      000000
__Ltext114                                   text114      000000
__Ltext115                                   text115      000000
__Ltext116                                   text116      000000
__Ltext117                                   text117      000000
__Ltext118                                   text118      000000
__Ltext119                                   text119      000000
__Ltext12                                    text12       000000
__Ltext120                                   text120      000000
__Ltext121                                   text121      000000
__Ltext122                                   text122      000000
__Ltext123                                   text123      000000
__Ltext124                                   text124      000000
__Ltext125                                   text125      000000
__Ltext126                                   text126      000000
__Ltext127                                   text127      000000
__Ltext128                                   text128      000000
__Ltext129                                   text129      000000
__Ltext13                                    text13       000000
__Ltext130                                   text130      000000
__Ltext131                                   text131      000000
__Ltext132                                   text132      000000
__Ltext133                                   text133      000000
__Ltext134                                   text134      000000
__Ltext135                                   text135      000000
__Ltext136                                   text136      000000
__Ltext137                                   text137      000000
__Ltext138                                   text138      000000
__Ltext139                                   text139      000000
__Ltext14                                    text14       000000
__Ltext140                                   text140      000000
__Ltext141                                   text141      000000
__Ltext15                                    text15       000000
__Ltext16                                    text16       000000
__Ltext17                                    text17       000000
__Ltext18                                    text18       000000
__Ltext19                                    text19       000000
__Ltext2                                     text2        000000
__Ltext20                                    text20       000000
__Ltext21                                    text21       000000
__Ltext22                                    text22       000000
__Ltext23                                    text23       000000
__Ltext24                                    text24       000000
__Ltext25                                    text25       000000
__Ltext26                                    text26       000000
__Ltext27                                    text27       000000
__Ltext28                                    text28       000000
__Ltext29                                    text29       000000
__Ltext3                                     text3        000000
__Ltext30                                    text30       000000
__Ltext31                                    text31       000000
__Ltext32                                    text32       000000
__Ltext33                                    text33       000000
__Ltext34                                    text34       000000
__Ltext35                                    text35       000000
__Ltext36                                    text36       000000
__Ltext37                                    text37       000000
__Ltext38                                    text38       000000
__Ltext39                                    text39       000000
__Ltext4                                     text4        000000
__Ltext40                                    text40       000000
__Ltext41                                    text41       000000
__Ltext42                                    text42       000000
__Ltext43                                    text43       000000
__Ltext44                                    text44       000000
__Ltext45                                    text45       000000
__Ltext46                                    text46       000000
__Ltext47                                    text47       000000
__Ltext48                                    text48       000000
__Ltext49                                    text49       000000
__Ltext5                                     text5        000000
__Ltext50                                    text50       000000
__Ltext51                                    text51       000000
__Ltext52                                    text52       000000
__Ltext53                                    text53       000000
__Ltext54                                    text54       000000
__Ltext55                                    text55       000000
__Ltext56                                    text56       000000
__Ltext57                                    text57       000000
__Ltext58                                    text58       000000
__Ltext59                                    text59       000000
__Ltext6                                     text6        000000
__Ltext60                                    text60       000000
__Ltext61                                    text61       000000
__Ltext62                                    text62       000000
__Ltext63                                    text63       000000
__Ltext64                                    text64       000000
__Ltext65                                    text65       000000
__Ltext66                                    text66       000000
__Ltext67                                    text67       000000
__Ltext68                                    text68       000000
__Ltext69                                    text69       000000
__Ltext7                                     text7        000000
__Ltext70                                    text70       000000
__Ltext71                                    text71       000000
__Ltext72                                    text72       000000
__Ltext73                                    text73       000000
__Ltext74                                    text74       000000
__Ltext75                                    text75       000000
__Ltext76                                    text76       000000
__Ltext77                                    text77       000000
__Ltext78                                    text78       000000
__Ltext79                                    text79       000000
[...]
      Params:         0       0       0       0       0       0       0       0       0
      Locals:         0       0       0       0       0       0       0       0       0
      Temps:          0       0       0       0       0       0       0       0       0
      Totals:         0       0       0       0       0       0       0       0       0
Total ram usage:        0 bytes
 Hardware stack levels used:    1
 This function calls:
		Nothing
 This function is called by:
		_USBapp_CdcEmulatorInitialize
		_USART_mySetLineCodingHandler
 This function uses a non-reentrant model


 *************** function ___lldiv *****************
 Defined at:
		line 8 in file "C:\Program Files (x86)\Microchip\xc8\v1.45\sources\common\lldiv.c"
 Parameters:    Size  Location     Type
  dividend        4    0[COMRAM] unsigned long 
  divisor         4    4[COMRAM] unsigned long 
 Auto vars:     Size  Location     Type
  quotient        4    8[COMRAM] unsigned long 
  counter         1   12[COMRAM] unsigned char 
 Return value:  Size  Location     Type
                  4    0[COMRAM] unsigned long 
 Registers used:
		wreg, status,2, status,0
 Tracked objects:
		On entry : 
		On exit  : 
		Unchanged: 
 Data sizes:     COMRAM   BANK0   BANK1   BANK2   BANK3   BANK4   BANK5   BANK6   BANK7
      Params:         8       0       0       0       0       0       0       0       0
      Locals:         5       0       0       0       0       0       0       0       0
      Temps:          0       0       0       0       0       0       0       0       0
      Totals:        13       0       0       0       0       0       0       0       0
Total ram usage:       13 bytes
 Hardware stack levels used:    1
 This function calls:
		Nothing
 This function is called by:
		_USART_mySetLineCodingHandler
 This function uses a non-reentrant model


 *************** function _TMRapp_Tick *****************
 Defined at:
		line 45 in file "../Includes/Drivers/TMRapp.c"
 Parameters:    Size  Location     Type
		None
 Auto vars:     Size  Location     Type
		None
 Return value:  Size  Location     Type
                  1    wreg      void 
 Registers used:
		None
 Tracked objects:
		On entry : 
		On exit  : 
		Unchanged: 
 Data sizes:     COMRAM   BANK0   BANK1   BANK2   BANK3   BANK4   BANK5   BANK6   BANK7
      Params:         0       0       0       0       0       0       0       0       0
      Locals:         0       0       0       0       0       0       0       0       0
      Temps:          0       0       0       0       0       0       0       0       0
      Totals:         0       0       0       0       0       0       0       0       0
Total ram usage:        0 bytes
 Hardware stack levels used:    1
 This function calls:
		Nothing
 This function is called by:
		_INTERRUPT_InterruptManager
 This function uses a non-reentrant model


 *************** function _TMR3_ISR *****************
 Defined at:
		line 161 in file "../Includes/MccGenerated/tmr3.c"
 Parameters:    Size  Location     Type
		None
 Auto vars:     Size  Location     Type
		None
 Return value:  Size  Location     Type
                  1    wreg      void 
 Registers used:
		wreg, status,2
 Tracked objects:
		On entry : 
		On exit  : 
		Unchanged: 
 Data sizes:     COMRAM   BANK0   BANK1   BANK2   BANK3   BANK4   BANK5   BANK6   BANK7
      Params:         0       0       0       0       0       0       0       0       0
      Locals:         0       0       0       0       0       0       0       0       0
      Temps:          0       0       0       0       0       0       0       0       0
      Totals:         0       0       0       0       0       0       0       0       0
Total ram usage:        0 bytes
 Hardware stack levels used:    1
 This function calls:
		Nothing
 This function is called by:
		_INTERRUPT_InterruptManager
 This function uses a non-reentrant model


 *************** function _TMR1_ISR *****************
 Defined at:
		line 152 in file "../Includes/MccGenerated/tmr1.c"
 Parameters:    Size  Location     Type
		None
 Auto vars:     Size  Location     Type
		None
 Return value:  Size  Location     Type
                  1    wreg      void 
 Registers used:
		wreg, status,2
 Tracked objects:
		On entry : 
		On exit  : 
		Unchanged: 
 Data sizes:     COMRAM   BANK0   BANK1   BANK2   BANK3   BANK4   BANK5   BANK6   BANK7
      Params:         0       0       0       0       0       0       0       0       0
      Locals:         0       0       0       0       0       0       0       0       0
      Temps:          0       0       0       0       0       0       0       0       0
      Totals:         0       0       0       0       0       0       0       0       0
Total ram usage:        0 bytes
 Hardware stack levels used:    1
 This function calls:
		Nothing
 This function is called by:
		_INTERRUPT_InterruptManager
 This function uses a non-reentrant model


 *************** function _EUSART_Transmit_ISR *****************
 Defined at:
		line 162 in file "../Includes/MccGenerated/eusart.c"
 Parameters:    Size  Location     Type
		None
 Auto vars:     Size  Location     Type
		None
 Return value:  Size  Location     Type
                  1    wreg      void 
 Registers used:
		wreg, fsr2l, fsr2h, status,2, status,0, prodl, prodh
 Tracked objects:
		On entry : 
		On exit  : 
		Unchanged: 
 Data sizes:     COMRAM   BANK0   BANK1   BANK2   BANK3   BANK4   BANK5   BANK6   BANK7
      Params:         0       0       0       0       0       0       0       0       0
      Locals:         0       0       0       0       0       0       0       0       0
      Temps:          0       0       0       0       0       0       0       0       0
      Totals:         0       0       0       0       0       0       0       0       0
Total ram usage:        0 bytes
 Hardware stack levels used:    1
 This function calls:
		Nothing
 This function is called by:
		_INTERRUPT_InterruptManager
 This function uses a non-reentrant model


 *************** function _EUSART_Receive_ISR *****************
 Defined at:
		line 181 in file "../Includes/MccGenerated/eusart.c"
 Parameters:    Size  Location     Type
		None
 Auto vars:     Size  Location     Type
		None
 Return value:  Size  Location     Type
                  1    wreg      void 
 Registers used:
		wreg, fsr2l, fsr2h, status,2, status,0, prodl, prodh
 Tracked objects:
		On entry : 
		On exit  : 
		Unchanged: 
 Data sizes:     COMRAM   BANK0   BANK1   BANK2   BANK3   BANK4   BANK5   BANK6   BANK7
      Params:         0       0       0       0       0       0       0       0       0
      Locals:         0       0       0       0       0       0       0       0       0
      Temps:          0       0       0       0       0       0       0       0       0
      Totals:         0       0       0       0       0       0       0       0       0
Total ram usage:        0 bytes
 Hardware stack levels used:    1
 This function calls:
		Nothing
 This function is called by:
		_INTERRUPT_InterruptManager
 This function uses a non-reentrant model


 *************** function _CMP1_ISR *****************
 Defined at:
		line 95 in file "../Includes/MccGenerated/cmp1.c"
 Parameters:    Size  Location     Type
		None
 Auto vars:     Size  Location     Type
		None
 Return value:  Size  Location     Type
                  1    wreg      void 
 Registers used:
		None
 Tracked objects:
		On entry : 
		On exit  : 
		Unchanged: 
 Data sizes:     COMRAM   BANK0   BANK1   BANK2   BANK3   BANK4   BANK5   BANK6   BANK7
      Params:         0       0       0       0       0       0       0       0       0
      Locals:         0       0       0       0       0       0       0       0       0
      Temps:          0       0       0       0       0       0       0       0       0
      Totals:         0       0       0       0       0       0       0       0       0
Total ram usage:        0 bytes
 Hardware stack levels used:    1
 This function calls:
		Nothing
 This function is called by:
		_INTERRUPT_InterruptManager
 This function uses a non-reentrant model



MODULE INFORMATION

Module		Function		Class		Link	Load	Size
C:\Program Files (x86)\Microchip\xc8\v1.45\sources\common\sprcdiv.c
		___fldiv       		CODE           	1B30	0000	695

C:\Program Files (x86)\Microchip\xc8\v1.45\sources\common\sprcdiv.c estimated size: 695

../Includes/MccGenerated/cmp1.c
		_CMP1_ISR      		CODE           	57C4	0000	5
		_CMP1_Initialize		CODE           	56DA	0000	19

../Includes/MccGenerated/cmp1.c estimated size: 24

../Includes/MccGenerated/pin_manager.c
		_PIN_MANAGER_Initialize		CODE           	4F00	0000	77

../Includes/MccGenerated/pin_manager.c estimated size: 77

C:\Program Files (x86)\Microchip\xc8\v1.45\sources\common\lbdiv.c
		___lbdiv       		CODE           	509C	0000	63

C:\Program Files (x86)\Microchip\xc8\v1.45\sources\common\lbdiv.c estimated size: 63

C:\Program Files (x86)\Microchip\xc8\v1.45\sources\common\Umul16.c
		___wmul        		CODE           	54A4	0000	41

C:\Program Files (x86)\Microchip\xc8\v1.45\sources\common\Umul16.c estimated size: 41

../Includes/Usb/Framework/usb_device.c
		_USBCtrlTrfInHandler		CODE           	32F6	0000	227
		_USBTransferOnePacket		CODE           	3B2C	0000	191
		_USBDeviceAttach		CODE           	523A	0000	53
		_USBStdGetDscHandler		CODE           	28C4	0000	303
		_USBCtrlEPAllowDataStage		CODE           	4172	0000	159
		_USBStdFeatureReqHandler		CODE           	1DE6	0000	613
		_USBCtrlEPAllowStatusStage		CODE           	39AA	0000	197
		_USBCtrlTrfSetupHandler		CODE           	45E6	0000	133
		_USBCtrlTrfOutHandler		CODE           	4D5A	0000	93
		_USBCtrlEPServiceComplete		CODE           	2E6E	0000	243
		_USBSuspend    		CODE           	54CC	0000	41
		_USBStdSetCfgHandler		CODE           	3214	0000	227
		_USBStdGetStatusHandler		CODE           	4024	0000	169
		_USBWakeFromSuspend		CODE           	5422	0000	47
		_USBCtrlTrfRxService		CODE           	265E	0000	309
		_USBCtrlTrfTxService		CODE           	3676	0000	213
		_USBEnableEndpoint		CODE           	5154	0000	61
		_USBConfigureEndpoint		CODE           	4210	0000	149
		_USBDeviceInit 		CODE           	29F2	0000	301
		_USBCtrlEPService		CODE           	374A	0000	207
		_USBStallHandler		CODE           	501A	0000	67
		_USBDeviceTasks		CODE           	2792	0000	307
		_USBCheckStdRequest		CODE           	3132	0000	227

../Includes/Usb/Framework/usb_device.c estimated size: 4537

../Includes/Drivers/buttons.c
		_service_pushbutton		CODE           	49C8	0000	111

../Includes/Drivers/buttons.c estimated size: 111

../Includes/MccGenerated/interrupt_manager.c
		_INTERRUPT_InterruptManager		CODE           	0008	0000	221

../Includes/MccGenerated/interrupt_manager.c estimated size: 221

C:\Program Files (x86)\Microchip\xc8\v1.45\sources\common\memcpy.c
		_memcpy        		CODE           	4F4C	0000	73

C:\Program Files (x86)\Microchip\xc8\v1.45\sources\common\memcpy.c estimated size: 73

C:\Program Files (x86)\Microchip\xc8\v1.45\sources\common\sprcadd.c
		___fladd       		CODE           	17F2	0000	831

C:\Program Files (x86)\Microchip\xc8\v1.45\sources\common\sprcadd.c estimated size: 831

../Includes/Board/USBapp.c
		_USBapp_exitCDCState		CODE           	575C	0000	11
		_USBapp_DeviceCdcEmulatorHandler		CODE           	34B8	0000	225
		_USBapp_handlerState		CODE           	5766	0000	11
		_USART_mySetLineCodingHandler		CODE           	4DB6	0000	91
		_USBapp_exitCDC		CODE           	57A0	0000	7
		_USER_USB_CALLBACK_EVENT_HANDLER		CODE           	4CFE	0000	93
		_USBapp_getrxByteFlag		CODE           	57A6	0000	7
		_USBapp_setrxByteFlag		CODE           	5792	0000	9
		_USBapp_Handler		CODE           	3E12	0000	181
		_USBapp_CdcEmulatorInitialize		CODE           	4E10	0000	87

../Includes/Board/USBapp.c estimated size: 722

C:\Program Files (x86)\Microchip\xc8\v1.45\sources\common\lwmod.c
		___lwmod       		CODE           	4F94	0000	69

C:\Program Files (x86)\Microchip\xc8\v1.45\sources\common\lwmod.c estimated size: 69

C:\Program Files (x86)\Microchip\xc8\v1.45\sources\common\awmod.c
		___awmod       		CODE           	4956	0000	115

C:\Program Files (x86)\Microchip\xc8\v1.45\sources\common\awmod.c estimated size: 115

../Includes/MccGenerated/memory.c
		_DATAEE_WriteByte		CODE           	5118	0000	61
		_DATAEE_ReadByte		CODE           	5674	0000	23

../Includes/MccGenerated/memory.c estimated size: 84

../Includes/Drivers/SSD1306oLED.c
		_oled_displayOff		CODE           	5782	0000	9
		_Set_Column_Address		CODE           	55E2	0000	29
		_oled_powerControl		CODE           	56FC	0000	17
		_oled_putString		CODE           	4A36	0000	109
		_oled_clear    		CODE           	55FE	0000	27
		_oled_regulorResistorSelect		CODE           	56EC	0000	17
		_oled_clearRow 		CODE           	551A	0000	39
		_oled_initialDispayLine		CODE           	570C	0000	17
		_oled_writeCommand		CODE           	5648	0000	23
		_Set_Page_Address		CODE           	56B2	0000	21
		_oled_writeData		CODE           	5632	0000	23
		_oled_setDisplay		CODE           	547C	0000	41
		_oled_setContrastControlRegister		CODE           	569E	0000	21
		_oled_init     		CODE           	5304	0000	49
		_oled_devInit  		CODE           	476E	0000	129
		_oled_putint8  		CODE           	40CC	0000	167
		_oled_putChar  		CODE           	466A	0000	131
		_oled_setFont  		CODE           	568A	0000	21
		_oled_putUint8 		CODE           	43C6	0000	139

../Includes/Drivers/SSD1306oLED.c estimated size: 1029

../Includes/MccGenerated/tmr3.c
		_TMR3_ISR      		CODE           	55C4	0000	31
		_TMR3_Initialize		CODE           	5584	0000	35
		_TMR3_StartTimer		CODE           	57B8	0000	5

../Includes/MccGenerated/tmr3.c estimated size: 71

../Includes/Board/MOTEapp.c
		_moteRunningProcess		CODE           	00E8	0000	3843
		_moteApp_addToDataBuffer		CODE           	4CA0	0000	95
		_MOTEapp_setResponseReady		CODE           	57AC	0000	7
		_moteApp_getTempValue		CODE           	505C	0000	65
		_hexToStr      		CODE           	53F4	0000	47
		_moteApp_clearBuffers		CODE           	42A4	0000	147
		_sendDataCommand		CODE           	3A6E	0000	191
		_moteJoiningProcess		CODE           	0FEA	0000	1207
		_MOTEapp_TimerBasedTask		CODE           	55A6	0000	31
		_moteApp_getLightValue		CODE           	4E66	0000	79
		_moteApp_GoToSleep		CODE           	33D8	0000	225
		_EndLine       		CODE           	572C	0000	15
		_MOTEapp_handlerState		CODE           	5770	0000	11
		_moduleSleep   		CODE           	54F4	0000	39
		_MOTEapp_SetDataRateSetting		CODE           	2264	0000	355
		_sendCommand   		CODE           	5364	0000	49
		_moteApp_toggleLeds		CODE           	304A	0000	233
		_moteApp_delayms		CODE           	52A0	0000	51
		_moteApp_add8bToDataBuffer		CODE           	3D5C	0000	183
		_moteHandler   		CODE           	204A	0000	539
		_moteApp_clearCommand		CODE           	571C	0000	17
		_MOTEapp_getModuleResponse		CODE           	4B74	0000	103
		_moduleResync  		CODE           	4562	0000	133
		_moteApp_lightStringSize		CODE           	579A	0000	7
		_moteApp_testSensors		CODE           	38E4	0000	199
		_moteApp_setSensorsInput		CODE           	486C	0000	121
		_moteApp_getLightString		CODE           	573A	0000	13
		_moteApp_setLightString		CODE           	4AA2	0000	107
		_moteApp_convertSensorValue		CODE           	47EE	0000	127

../Includes/Board/MOTEapp.c estimated size: 8239

C:\Program Files (x86)\Microchip\xc8\v1.45\sources\common\almod.c
		___almod       		CODE           	3F76	0000	175

C:\Program Files (x86)\Microchip\xc8\v1.45\sources\common\almod.c estimated size: 175

../Includes/MccGenerated/tmr1.c
		_TMR1_Initialize		CODE           	52D2	0000	51
		_TMR1_StartTimer		CODE           	57C0	0000	5
		_TMR1_ISR      		CODE           	5746	0000	13

../Includes/MccGenerated/tmr1.c estimated size: 69

C:\Program Files (x86)\Microchip\xc8\v1.45\sources\common\fltol.c
		___fltol       		CODE           	3598	0000	223

C:\Program Files (x86)\Microchip\xc8\v1.45\sources\common\fltol.c estimated size: 223

../Includes/MccGenerated/adc.c
		_ADC_TempConversion		CODE           	2F60	0000	235
		_ADC_Initialize		CODE           	5618	0000	27

../Includes/MccGenerated/adc.c estimated size: 262

../Includes/Board/PICoRatestAll.c
		_test_comms    		CODE           	4B0C	0000	105
		_test_switch   		CODE           	3818	0000	205
		_test_oled     		CODE           	4450	0000	139
		_test_leds     		CODE           	4C40	0000	97
		_PICoRa_test_powerup		CODE           	48E4	0000	115
		_delayms       		CODE           	526E	0000	51

../Includes/Board/PICoRatestAll.c estimated size: 712

shared
		_configDescriptor1		MEDIUMCONST    	78FD	0000	68
		_USB_CD_Ptr    		MEDIUMCONST    	75FB	0000	3
		_sd001         		MEDIUMCONST    	7974	0000	53
		_OledFont0     		MEDIUMCONST    	75FD	0000	769
		_sd002         		MEDIUMCONST    	7940	0000	53
		i2_EUSART_Initialize		CODE           	5202	0000	57
		i2_USBDeviceInit		CODE           	2B1E	0000	301
		__initialization		CODE           	4336	0000	131
		_device_dsc    		MEDIUMCONST    	79A8	0000	19
		_USB_SD_Ptr    		MEDIUMCONST    	75F5	0000	7
		i2_memset      		CODE           	5450	0000	45
		_sd000         		MEDIUMCONST    	79BA	0000	5
		i2_USBTransferOnePacket		CODE           	3BEA	0000	187

shared estimated size: 1698

../Includes/MccGenerated/eusart.c
		_EUSART_Read   		CODE           	5190	0000	59
		_EUSART_Write  		CODE           	50DA	0000	63
		_EUSART_Transmit_ISR		CODE           	5394	0000	49
		_EUSART_Initialize		CODE           	51CA	0000	57
		_EUSART_Receive_ISR		CODE           	53C4	0000	49
		_EUSART_FlushBuffer		CODE           	4FD8	0000	67

../Includes/MccGenerated/eusart.c estimated size: 344

../Includes/Drivers/TMRapp.c
		_TMRapp_ClearBitFlags		CODE           	578A	0000	9
		_TMRapp_Tick   		CODE           	57B2	0000	7
		_TMRapp_Handler		CODE           	2D62	0000	269

../Includes/Drivers/TMRapp.c estimated size: 285

C:\Program Files (x86)\Microchip\xc8\v1.45\sources\common\lldiv.c
		___lldiv       		CODE           	46EC	0000	131

C:\Program Files (x86)\Microchip\xc8\v1.45\sources\common\lldiv.c estimated size: 131

C:\Program Files (x86)\Microchip\xc8\v1.45\sources\common\xxtofl.c
		___xxtofl      		CODE           	23C6	0000	341

C:\Program Files (x86)\Microchip\xc8\v1.45\sources\common\xxtofl.c estimated size: 341

../Includes/MccGenerated/mcc.c
		_PICoRa_Initialize		CODE           	5562	0000	35
		_OSCILLATOR_Initialize		CODE           	565E	0000	23

../Includes/MccGenerated/mcc.c estimated size: 58

main.c
		_main          		CODE           	2C4A	0000	281

main.c estimated size: 281

../Includes/Usb/Framework/usb_device_cdc.c
		_CDCTxService  		CODE           	251A	0000	325
		_CDCInitEP     		CODE           	4BDA	0000	103
		_putUSBUSART   		CODE           	5540	0000	35
		_getsUSBUSART  		CODE           	3CA4	0000	185
		_USBCheckCDCRequest		CODE           	3EC6	0000	177

../Includes/Usb/Framework/usb_device_cdc.c estimated size: 825

C:\Program Files (x86)\Microchip\xc8\v1.45\sources\common\strcmp.c
		_strcmp        		CODE           	4EB4	0000	77

C:\Program Files (x86)\Microchip\xc8\v1.45\sources\common\strcmp.c estimated size: 77

C:\Program Files (x86)\Microchip\xc8\v1.45\sources\common\strncmp.c
		_strncmp       		CODE           	44DA	0000	137

C:\Program Files (x86)\Microchip\xc8\v1.45\sources\common\strncmp.c estimated size: 137

C:\Program Files (x86)\Microchip\xc8\v1.45\sources\common\sprcmul.c
		___flmul       		CODE           	14A0	0000	851

C:\Program Files (x86)\Microchip\xc8\v1.45\sources\common\sprcmul.c estimated size: 851

C:\Program Files (x86)\Microchip\xc8\v1.45\sources\common\memset.c
		_memset        		CODE           	5334	0000	49

C:\Program Files (x86)\Microchip\xc8\v1.45\sources\common\memset.c estimated size: 49

../Includes/MccGenerated/tmr2.c
		_TMR2_Initialize		CODE           	56C6	0000	21
		_TMR2_StartTimer		CODE           	57BC	0000	5
		_TMR2_ReadTimer		CODE           	5752	0000	11

../Includes/MccGenerated/tmr2.c estimated size: 37

