Microchip MPLAB XC8 Compiler V1.45 ()

Linker command line:

-W-3 --edf=C:\Program Files (x86)\Microchip\xc8\v1.45\dat\en_msgs.txt -cs \
  -h+dist/default/production\LoRaNode.X.production.sym \
  --cmf=dist/default/production\LoRaNode.X.production.cmf -z -w9 \
  --disl=596:off --norlf -Q18LF46K22 \
  -oC:\Users\NATTAPAK\AppData\Local\Temp\sbb0.2 \
  -Mdist/default/production/LoRaNode.X.production.map -E1 -ver=XC8 \
  -ACODE=00h-0FFFFh -ACONST=00h-0FFFFh -ASMALLCONST=01000h-010FFhx240 \
  -AMEDIUMCONST=01000h-0FFFFh -ACOMRAM=01h-05Fh -AABS1=00h-0F37h \
  -ABIGRAM=01h-0F37h -ARAM=060h-0FFh,0100h-01FFhx14,0F00h-0F37h \
  -ABANK0=060h-0FFh -ABANK1=0100h-01FFh -ABANK2=0200h-02FFh \
  -ABANK3=0300h-03FFh -ABANK4=0400h-04FFh -ABANK5=0500h-05FFh \
  -ABANK6=0600h-06FFh -ABANK7=0700h-07FFh -ABANK8=0800h-08FFh \
  -ABANK9=0900h-09FFh -ABANK10=0A00h-0AFFh -ABANK11=0B00h-0BFFh \
  -ABANK12=0C00h-0CFFh -ABANK13=0D00h-0DFFh -ABANK14=0E00h-0EFFh \
  -ABANK15=0F00h-0F37h -ASFR=0F38h-0F5Fh,0F60h-0FFFh \
  -preset_vec=00h,intcode,intcodelo,powerup,init -pramtop=01000h \
  -psmallconst=SMALLCONST -pmediumconst=MEDIUMCONST -pconst=CONST \
  -AFARRAM=00h-00h -ACONFIG=0300000h-030000Dh -pconfig=CONFIG \
  -AIDLOC=0200000h-0200007h -pidloc=IDLOC -AEEDATA=0F00000h-0F003FFh \
  -peeprom_data=EEDATA \
  -prdata=COMRAM,nvrram=COMRAM,nvbit=COMRAM,rbss=COMRAM,rbit=COMRAM \
  -pfarbss=FARRAM,fardata=FARRAM,nvFARRAM=FARRAM \
  -pintsave_regs=BIGRAM,bigbss=BIGRAM,bigdata=BIGRAM -pbss=RAM \
  -pidata=CODE,irdata=CODE,ibigdata=CODE,ifardata=CODE \
  C:\Users\NATTAPAK\AppData\Local\Temp\sbb0.obj \
  dist/default/production\LoRaNode.X.production.obj 

Object code version is 3.11

Machine type is 18LF46K22

Call graph: (short form)




                Name                               Link     Load   Length Selector   Space Scale
C:\Users\NATTAPAK\AppData\Local\Temp\sbb0.obj
                init                                 76       76        4        0       0
dist/default/production\LoRaNode.X.production.obj
                intcode                               0        0       76        0       0
                temp                                 48       48        C        1       1
                mediumconst                        FDC0     FDC0      240     7EE0       0
                text219                            7AA0     7AA0        2     3D50       0
                text218                            7ACC     7ACC        6     3D66       0
                text217                            7DD6     7DD6       20     3EEB       0
                text216                            7AF0     7AF0        8     3D78       0
                text215                            7AA2     7AA2        2     3D51       0
                text214                            7AD2     7AD2        6     3D69       0
                text213                            7DF6     7DF6       20     3EFB       0
                text212                            7AF8     7AF8        8     3D7C       0
                text211                            7AA4     7AA4        2     3D52       0
                text210                            7AD8     7AD8        6     3D6C       0
                text209                            7E16     7E16       20     3F0B       0
                text208                            7B08     7B08        A     3D84       0
                text207                            7E36     7E36       20     3F1B       0
                text206                            B76A     B76A      16C     5BB5       0
                text205                            A960     A960      100     54B0       0
                text204                            7D7E     7D7E       1C     3EBF       0
                text203                            85FA     85FA       44     42FD       0
                text202                            89FC     89FC       56     44FE       0
                text201                            7AA6     7AA6        2     3D53       0
                text200                            7E56     7E56       20     3F2B       0
                text199                            7C98     7C98       14     3E4C       0
                text197                            7D9A     7D9A       1E     3ECD       0
                text196                            838C     838C       32     41C6       0
                text195                            8AFE     8AFE       58     457F       0
                text194                            88B8     88B8       50     445C       0
                text193                            90A8     90A8       6E     4854       0
                text192                            9116     9116       6E     488B       0
                text191                            96F0     96F0       8C     4B78       0
                text190                            8958     8958       52     44AC       0
                text189                            8D24     8D24       60     4692       0
                text188                            829C     829C       30     414E       0
                text187                            863E     863E       44     431F       0
                text186                            8682     8682       44     4341       0
                text185                            7ED6     7ED6       22     3F6B       0
                text184                            BD50     BD50      198     5EA8       0
                text183                            AA60     AA60      102     5530       0
                text182                            7E76     7E76       20     3F3B       0
                text181                            8820     8820       4A     4410       0
                text180                            980C     980C       96     4C06       0
                text179                            98A2     98A2       96     4C51       0
                text178                            809E     809E       28     404F       0
                text177                            9452     9452       84     4A29       0
                text176                            B4A8     B4A8      15E     5A54       0
                text175                            7AB4     7AB4        4     3D5A       0
                text174                            7AB8     7AB8        4     3D5C       0
                text173                            7D30     7D30       1A     3E98       0
                text172                            82CC     82CC       30     4166       0
                text171                            8792     8792       46     43C9       0
                text170                            7ABC     7ABC        4     3D5E       0
                text169                            7AC0     7AC0        4     3D60       0
                text168                            7C74     7C74       12     3E3A       0
                text167                            7BBE     7BBE        E     3DDF       0
                text166                            7E96     7E96       20     3F4B       0
                text165                            8F6E     8F6E       68     47B7       0
                text164                            A58E     A58E       F0     52C7       0
                text163                            7BB2     7BB2        C     3DD9       0
                text162                            80C6     80C6       28     4063       0
                text161                            A862     A862       FE     5431       0
                text160                            86C6     86C6       44     4363       0
                text159                            C0C0     C0C0      1EE     6060       0
                text158                            7B12     7B12        A     3D89       0
                text157                            7B1C     7B1C        A     3D8E       0
                text156                            89AA     89AA       52     44D5       0
                text155                            A4A4     A4A4       EA     5252       0
                text154                            BA42     BA42      17E     5D21       0
                text153                            9A76     9A76       A8     4D3B       0
                text152                            A1FA     A1FA       DE     50FD       0
                text151                            7C04     7C04       10     3E02       0
                text150                            8D84     8D84       60     46C2       0
                text149                            CD14     CD14      2A4     668A       0
                text148                            B606     B606      164     5B03       0
                text147                            D87A     D87A      34A     6C3D       0
                text146                            8486     8486       36     4243       0
                text145                            8E44     8E44       62     4722       0
                text144                            B35C     B35C      14C     59AE       0
                text143                            DBC4     DBC4      3AA     6DE2       0
                text142                            8EA6     8EA6       62     4753       0
                text141                            870A     870A       44     4385       0
                text140                            8BB0     8BB0       5C     45D8       0
                text139                            7EF8     7EF8       22     3F7C       0
                text138                            BBC0     BBC0      190     5DE0       0
                text137                            8FD6     8FD6       68     47EB       0
                text136                            903E     903E       6A     481F       0
                text135                            A67E     A67E       F0     533F       0
                text134                            EC34     EC34      500     761A       0
                text133                            CADA     CADA      23A     656D       0
                text132                            7B26     7B26        A     3D93       0
                text131                            7B30     7B30        A     3D98       0
                text130                            9666     9666       8A     4B33       0
                text129                            7B3A     7B3A        A     3D9D       0
                text128                            7B44     7B44        A     3DA2       0
                text127                            7B4E     7B4E        A     3DA7       0
                text126                            AB62     AB62      108     55B1       0
                text125                            C2AE     C2AE      1F0     6157       0
                text124                            7D4A     7D4A       1A     3EA5       0
                text123                            99D2     99D2       A4     4CE9       0
                text122                            7CAC     7CAC       14     3E56       0
                text121                            7ADE     7ADE        6     3D6F       0
                text120                            7AA8     7AA8        2     3D54       0
                text119                            CFB8     CFB8      2C2     67DC       0
                text118                            8538     8538       40     429C       0
                text117                            B0EE     B0EE      130     5877       0
                text116                            8C68     8C68       5E     4634       0
                text115                            93D0     93D0       82     49E8       0
                text114                            9B1E     9B1E       AC     4D8F       0
                text113                            955A     955A       86     4AAD       0
                text112                            8B56     8B56       5A     45AB       0
                text111                            9EB4     9EB4       CA     4F5A       0
                text110                            A76E     A76E       F4     53B7       0
                text109                            95E0     95E0       86     4AF0       0
                text108                            BEE8     BEE8      1D8     5F74       0
                text107                            A124     A124       D6     5092       0
                text106                            7AE4     7AE4        6     3D72       0
                text105                            E31E     E31E      462     718F       0
                text104                            DF6E     DF6E      3B0     6FB7       0
                text103                            8DE4     8DE4       60     46F2       0
                text102                            7F1A     7F1A       22     3F8D       0
                text101                            9F7E     9F7E       D2     4FBF       0
                text100                            7B58     7B58        A     3DAC       0
                text99                             8052     8052       26     4029       0
                text98                             7D64     7D64       1A     3EB2       0
                text97                             7FE6     7FE6       24     3FF3       0
                text96                             874E     874E       44     43A7       0
                text95                             9D38     9D38       BA     4E9C       0
                text94                             7B62     7B62        A     3DB1       0
                text93                             7B6C     7B6C        A     3DB6       0
                text92                             7EB6     7EB6       20     3F5B       0
                text91                             7D00     7D00       18     3E80       0
                text90                             E780     E780      4B4     73C0       0
                text89                             83BE     83BE       32     41DF       0
                text88                             81BA     81BA       2C     40DD       0
                text87                             800A     800A       24     4005       0
                text86                             94D6     94D6       84     4A6B       0
                text85                             82FC     82FC       30     417E       0
                text84                             C49E     C49E      1F6     624F       0
                text83                             7CD4     7CD4       16     3E6A       0
                text82                             7DB8     7DB8       1E     3EDC       0
                text81                             9184     9184       70     48C2       0
                text80                             7D18     7D18       18     3E8C       0
                text79                             C694     C694      214     634A       0
                text78                             80EE     80EE       28     4077       0
                text77                             85B8     85B8       42     42DC       0
                text76                             8116     8116       28     408B       0
                text75                             D27A     D27A      2F6     693D       0
                text74                             7AAA     7AAA        2     3D55       0
                text73                             832C     832C       30     4196       0
                text72                             7B76     7B76        A     3DBB       0
                text71                             7B80     7B80        A     3DC0       0
                text70                             8C0C     8C0C       5C     4606       0
                text69                             8166     8166       2A     40B3       0
                text68                             C8A8     C8A8      232     6454       0
                text67                             7AEA     7AEA        6     3D75       0
                text66                             7C86     7C86       12     3E43       0
                text65                             7CC0     7CC0       14     3E60       0
                text64                             92DA     92DA       7A     496D       0
                text63                             9354     9354       7C     49AA       0
                text62                             7AAC     7AAC        2     3D56       0
                text61                             7AAE     7AAE        2     3D57       0
                text60                             7F3C     7F3C       22     3F9E       0
                text59                             91F4     91F4       72     48FA       0
                text58                             F134     F134      C8C     789A       0
                text57                             AFC0     AFC0      12E     57E0       0
                text56                             8CC6     8CC6       5E     4663       0
                text55                             9BCA     9BCA       B6     4DE5       0
                text54                             8F08     8F08       66     4784       0
                text53                             A2D8     A2D8       E6     516C       0
                text52                             AE98     AE98      128     574C       0
                text51                             83F0     83F0       32     41F8       0
                text50                             977C     977C       90     4BBE       0
                text49                             8578     8578       40     42BC       0
                text48                             835C     835C       30     41AE       0
                text47                             886A     886A       4E     4435       0
                text46                             8A52     8A52       56     4529       0
                text45                             7F5E     7F5E       22     3FAF       0
                text44                             8422     8422       32     4211       0
                text43                             813E     813E       28     409F       0
                text42                             8908     8908       50     4484       0
                text41                             8454     8454       32     422A       0
                text40                             9266     9266       74     4933       0
                text39                             9C80     9C80       B8     4E40       0
                text38                             A050     A050       D4     5028       0
                text37                             B8D6     B8D6      16C     5C6B       0
                text36                             AD80     AD80      118     56C0       0
                text35                             8078     8078       26     403C       0
                text34                             B21E     B21E      13E     590F       0
                text33                             9938     9938       9A     4C9C       0
                text32                             84BC     84BC       3E     425E       0
                text31                             87D8     87D8       48     43EC       0
                text30                             A3BE     A3BE       E6     51DF       0
                text29                             84FA     84FA       3E     427D       0
                text28                             8212     8212       2E     4109       0
                text27                             8240     8240       2E     4120       0
                text26                             826E     826E       2E     4137       0
                text25                             7CEA     7CEA       16     3E75       0
                text24                             7B8A     7B8A        A     3DC5       0
                text23                             7B94     7B94        A     3DCA       0
                text22                             8190     8190       2A     40C8       0
                text21                             7AC4     7AC4        4     3D62       0
                text20                             7C14     7C14       10     3E0A       0
                text19                             7C24     7C24       10     3E12       0
                text18                             7B9E     7B9E        A     3DCF       0
                text17                             7C34     7C34       10     3E1A       0
                text16                             7AB0     7AB0        2     3D58       0
                text15                             7AB2     7AB2        2     3D59       0
                text14                             7C44     7C44       10     3E22       0
                text13                             7B00     7B00        8     3D80       0
                text12                             7BA8     7BA8        A     3DD4       0
                text11                             7C54     7C54       10     3E2A       0
                text10                             7F80     7F80       22     3FC0       0
                text9                              7BCC     7BCC        E     3DE6       0
                text8                              8AA8     8AA8       56     4554       0
                text7                              7BDA     7BDA        E     3DED       0
                text6                              81E6     81E6       2C     40F3       0
                text5                              7FA2     7FA2       22     3FD1       0
                text4                              7FC4     7FC4       22     3FE2       0
                text3                              7BE8     7BE8        E     3DF4       0
                text2                              7BF6     7BF6        E     3DFB       0
                text1                              D570     D570      30A     6AB8       0
                text0                              AC6A     AC6A      116     5635       0
                cstackCOMRAM                          1        1       3B        1       1
                cstackBANK0                          60       60       9B       60       1
                cstackBANK1                         100      100       70      100       1
                bssBIGRAM                           490      490      21E      490       1
                bssBANK4                            400      400       90      400       1
                bssBANK3                            300      300       A0      300       1
                dataBANK2                           2E7      2E7       10      200       1
                bssBANK2                            200      200       E7      200       1
                dataBANK1                           1CD      1CD       24      100       1
                bssBANK1                            170      170       5D      100       1
                bssBANK0                             FB       FB        5       60       1
                dataCOMRAM                           54       54        4        1       1
                bssCOMRAM                            3C       3C        C        1       1
                cinit                              9DF2     9DF2       C2     4EF9       0
                idataBANK2                         7C64     7C64       10     7C64       0
                idataBANK1                         802E     802E       24     802E       0
                idataCOMRAM                        7AC8     7AC8        4     7AC8       0

TOTAL           Name                               Link     Load   Length     Space
        CLASS   CODE           
                intcode                               0        0       76         0
                init                                 76       76        4         0
                text219                            7AA0     7AA0        2         0
                text218                            7ACC     7ACC        6         0
                text217                            7DD6     7DD6       20         0
                text216                            7AF0     7AF0        8         0
                text215                            7AA2     7AA2        2         0
                text214                            7AD2     7AD2        6         0
                text213                            7DF6     7DF6       20         0
                text212                            7AF8     7AF8        8         0
                text211                            7AA4     7AA4        2         0
                text210                            7AD8     7AD8        6         0
                text209                            7E16     7E16       20         0
                text208                            7B08     7B08        A         0
                text207                            7E36     7E36       20         0
                text206                            B76A     B76A      16C         0
                text205                            A960     A960      100         0
                text204                            7D7E     7D7E       1C         0
                text203                            85FA     85FA       44         0
                text202                            89FC     89FC       56         0
                text201                            7AA6     7AA6        2         0
                text200                            7E56     7E56       20         0
                text199                            7C98     7C98       14         0
                text197                            7D9A     7D9A       1E         0
                text196                            838C     838C       32         0
                text195                            8AFE     8AFE       58         0
                text194                            88B8     88B8       50         0
                text193                            90A8     90A8       6E         0
                text192                            9116     9116       6E         0
                text191                            96F0     96F0       8C         0
                text190                            8958     8958       52         0
                text189                            8D24     8D24       60         0
                text188                            829C     829C       30         0
                text187                            863E     863E       44         0
                text186                            8682     8682       44         0
                text185                            7ED6     7ED6       22         0
                text184                            BD50     BD50      198         0
                text183                            AA60     AA60      102         0
                text182                            7E76     7E76       20         0
                text181                            8820     8820       4A         0
                text180                            980C     980C       96         0
                text179                            98A2     98A2       96         0
                text178                            809E     809E       28         0
                text177                            9452     9452       84         0
                text176                            B4A8     B4A8      15E         0
                text175                            7AB4     7AB4        4         0
                text174                            7AB8     7AB8        4         0
                text173                            7D30     7D30       1A         0
                text172                            82CC     82CC       30         0
                text171                            8792     8792       46         0
                text170                            7ABC     7ABC        4         0
                text169                            7AC0     7AC0        4         0
                text168                            7C74     7C74       12         0
                text167                            7BBE     7BBE        E         0
                text166                            7E96     7E96       20         0
                text165                            8F6E     8F6E       68         0
                text164                            A58E     A58E       F0         0
                text163                            7BB2     7BB2        C         0
                text162                            80C6     80C6       28         0
                text161                            A862     A862       FE         0
                text160                            86C6     86C6       44         0
                text159                            C0C0     C0C0      1EE         0
                text158                            7B12     7B12        A         0
                text157                            7B1C     7B1C        A         0
                text156                            89AA     89AA       52         0
                text155                            A4A4     A4A4       EA         0
                text154                            BA42     BA42      17E         0
                text153                            9A76     9A76       A8         0
                text152                            A1FA     A1FA       DE         0
                text151                            7C04     7C04       10         0
                text150                            8D84     8D84       60         0
                text149                            CD14     CD14      2A4         0
                text148                            B606     B606      164         0
                text147                            D87A     D87A      34A         0
                text146                            8486     8486       36         0
                text145                            8E44     8E44       62         0
                text144                            B35C     B35C      14C         0
                text143                            DBC4     DBC4      3AA         0
                text142                            8EA6     8EA6       62         0
                text141                            870A     870A       44         0
                text140                            8BB0     8BB0       5C         0
                text139                            7EF8     7EF8       22         0
                text138                            BBC0     BBC0      190         0
                text137                            8FD6     8FD6       68         0
                text136                            903E     903E       6A         0
                text135                            A67E     A67E       F0         0
                text134                            EC34     EC34      500         0
                text133                            CADA     CADA      23A         0
                text132                            7B26     7B26        A         0
                text131                            7B30     7B30        A         0
                text130                            9666     9666       8A         0
                text129                            7B3A     7B3A        A         0
                text128                            7B44     7B44        A         0
                text127                            7B4E     7B4E        A         0
                text126                            AB62     AB62      108         0
                text125                            C2AE     C2AE      1F0         0
                text124                            7D4A     7D4A       1A         0
                text123                            99D2     99D2       A4         0
                text122                            7CAC     7CAC       14         0
                text121                            7ADE     7ADE        6         0
                text120                            7AA8     7AA8        2         0
                text119                            CFB8     CFB8      2C2         0
                text118                            8538     8538       40         0
                text117                            B0EE     B0EE      130         0
                text116                            8C68     8C68       5E         0
                text115                            93D0     93D0       82         0
                text114                            9B1E     9B1E       AC         0
                text113                            955A     955A       86         0
                text112                            8B56     8B56       5A         0
                text111                            9EB4     9EB4       CA         0
                text110                            A76E     A76E       F4         0
                text109                            95E0     95E0       86         0
                text108                            BEE8     BEE8      1D8         0
                text107                            A124     A124       D6         0
                text106                            7AE4     7AE4        6         0
                text105                            E31E     E31E      462         0
                text104                            DF6E     DF6E      3B0         0
                text103                            8DE4     8DE4       60         0
                text102                            7F1A     7F1A       22         0
                text101                            9F7E     9F7E       D2         0
                text100                            7B58     7B58        A         0
                text99                             8052     8052       26         0
                text98                             7D64     7D64       1A         0
                text97                             7FE6     7FE6       24         0
                text96                             874E     874E       44         0
                text95                             9D38     9D38       BA         0
                text94                             7B62     7B62        A         0
                text93                             7B6C     7B6C        A         0
                text92                             7EB6     7EB6       20         0
                text91                             7D00     7D00       18         0
                text90                             E780     E780      4B4         0
                text89                             83BE     83BE       32         0
                text88                             81BA     81BA       2C         0
                text87                             800A     800A       24         0
                text86                             94D6     94D6       84         0
                text85                             82FC     82FC       30         0
                text84                             C49E     C49E      1F6         0
                text83                             7CD4     7CD4       16         0
                text82                             7DB8     7DB8       1E         0
                text81                             9184     9184       70         0
                text80                             7D18     7D18       18         0
                text79                             C694     C694      214         0
                text78                             80EE     80EE       28         0
                text77                             85B8     85B8       42         0
                text76                             8116     8116       28         0
                text75                             D27A     D27A      2F6         0
                text74                             7AAA     7AAA        2         0
                text73                             832C     832C       30         0
                text72                             7B76     7B76        A         0
                text71                             7B80     7B80        A         0
                text70                             8C0C     8C0C       5C         0
                text69                             8166     8166       2A         0
                text68                             C8A8     C8A8      232         0
                text67                             7AEA     7AEA        6         0
                text66                             7C86     7C86       12         0
                text65                             7CC0     7CC0       14         0
                text64                             92DA     92DA       7A         0
                text63                             9354     9354       7C         0
                text62                             7AAC     7AAC        2         0
                text61                             7AAE     7AAE        2         0
                text60                             7F3C     7F3C       22         0
                text59                             91F4     91F4       72         0
                text58                             F134     F134      C8C         0
                text57                             AFC0     AFC0      12E         0
                text56                             8CC6     8CC6       5E         0
                text55                             9BCA     9BCA       B6         0
                text54                             8F08     8F08       66         0
                text53                             A2D8     A2D8       E6         0
                text52                             AE98     AE98      128         0
                text51                             83F0     83F0       32         0
                text50                             977C     977C       90         0
                text49                             8578     8578       40         0
                text48                             835C     835C       30         0
                text47                             886A     886A       4E         0
                text46                             8A52     8A52       56         0
                text45                             7F5E     7F5E       22         0
                text44                             8422     8422       32         0
                text43                             813E     813E       28         0
                text42                             8908     8908       50         0
                text41                             8454     8454       32         0
                text40                             9266     9266       74         0
                text39                             9C80     9C80       B8         0
                text38                             A050     A050       D4         0
                text37                             B8D6     B8D6      16C         0
                text36                             AD80     AD80      118         0
                text35                             8078     8078       26         0
                text34                             B21E     B21E      13E         0
                text33                             9938     9938       9A         0
                text32                             84BC     84BC       3E         0
                text31                             87D8     87D8       48         0
                text30                             A3BE     A3BE       E6         0
                text29                             84FA     84FA       3E         0
                text28                             8212     8212       2E         0
                text27                             8240     8240       2E         0
                text26                             826E     826E       2E         0
                text25                             7CEA     7CEA       16         0
                text24                             7B8A     7B8A        A         0
                text23                             7B94     7B94        A         0
                text22                             8190     8190       2A         0
                text21                             7AC4     7AC4        4         0
                text20                             7C14     7C14       10         0
                text19                             7C24     7C24       10         0
                text18                             7B9E     7B9E        A         0
                text17                             7C34     7C34       10         0
                text16                             7AB0     7AB0        2         0
                text15                             7AB2     7AB2        2         0
                text14                             7C44     7C44       10         0
                text13                             7B00     7B00        8         0
                text12                             7BA8     7BA8        A         0
                text11                             7C54     7C54       10         0
                text10                             7F80     7F80       22         0
                text9                              7BCC     7BCC        E         0
                text8                              8AA8     8AA8       56         0
                text7                              7BDA     7BDA        E         0
                text6                              81E6     81E6       2C         0
                text5                              7FA2     7FA2       22         0
                text4                              7FC4     7FC4       22         0
                text3                              7BE8     7BE8        E         0
                text2                              7BF6     7BF6        E         0
                text1                              D570     D570      30A         0
                text0                              AC6A     AC6A      116         0
                cinit                              9DF2     9DF2       C2         0
                idataBANK2                         7C64     7C64       10         0
                idataBANK1                         802E     802E       24         0
                idataCOMRAM                        7AC8     7AC8        4         0

        CLASS   CONST          

        CLASS   SMALLCONST     

        CLASS   MEDIUMCONST    
                mediumconst                        FDC0     FDC0      240         0

        CLASS   COMRAM         
                temp                                 48       48        C         1
                cstackCOMRAM                          1        1       3B         1
                dataCOMRAM                           54       54        4         1
                bssCOMRAM                            3C       3C        C         1

        CLASS   ABS1           

        CLASS   BIGRAM         
                bssBIGRAM                           490      490      21E         1

        CLASS   RAM            

        CLASS   BANK0          
                cstackBANK0                          60       60       9B         1
                bssBANK0                             FB       FB        5         1

        CLASS   BANK1          
                cstackBANK1                         100      100       70         1
                dataBANK1                           1CD      1CD       24         1
                bssBANK1                            170      170       5D         1

        CLASS   BANK2          
                dataBANK2                           2E7      2E7       10         1
                bssBANK2                            200      200       E7         1

        CLASS   BANK3          
                bssBANK3                            300      300       A0         1

        CLASS   BANK4          
                bssBANK4                            400      400       90         1

        CLASS   BANK5          

        CLASS   BANK6          

        CLASS   BANK7          

        CLASS   BANK8          

        CLASS   BANK9          

        CLASS   BANK10         

        CLASS   BANK11         

        CLASS   BANK12         

        CLASS   BANK13         

        CLASS   BANK14         

        CLASS   BANK15         

        CLASS   SFR            

        CLASS   FARRAM         

        CLASS   CONFIG         

        CLASS   IDLOC          

        CLASS   EEDATA         

        CLASS   STACK          



SEGMENTS        Name                           Load    Length   Top    Selector   Space  Class

                reset_vec                      000000  00007A  00007A         0       0  CODE    
                cstackCOMRAM                   000001  000057  000058         1       1  COMRAM  
                cstackBANK0                    000060  0000A0  000100        60       1  BANK0   
                cstackBANK1                    000100  0000F1  0001F1       100       1  BANK1   
                bssBANK2                       000200  0000F7  0002F7       200       1  BANK2   
                bssBANK3                       000300  0000A0  0003A0       300       1  BANK3   
                bssBANK4                       000400  000090  000490       400       1  BANK4   
                bssBIGRAM                      000490  00021E  0006AE       490       1  BIGRAM  
                text219                        007AA0  000002  007AA2      3D50       0  CODE    
                text215                        007AA2  000002  007AA4      3D51       0  CODE    
                text211                        007AA4  000002  007AA6      3D52       0  CODE    
                text201                        007AA6  000002  007AA8      3D53       0  CODE    
                text120                        007AA8  000002  007AAA      3D54       0  CODE    
                text74                         007AAA  000002  007AAC      3D55       0  CODE    
                text62                         007AAC  000002  007AAE      3D56       0  CODE    
                text61                         007AAE  000002  007AB0      3D57       0  CODE    
                text16                         007AB0  000002  007AB2      3D58       0  CODE    
                text15                         007AB2  000002  007AB4      3D59       0  CODE    
                text175                        007AB4  000004  007AB8      3D5A       0  CODE    
                text174                        007AB8  000004  007ABC      3D5C       0  CODE    
                text170                        007ABC  000004  007AC0      3D5E       0  CODE    
                text169                        007AC0  000004  007AC4      3D60       0  CODE    
                text21                         007AC4  000004  007AC8      3D62       0  CODE    
                idataCOMRAM                    007AC8  000004  007ACC      7AC8       0  CODE    
                text218                        007ACC  000006  007AD2      3D66       0  CODE    
                text214                        007AD2  000006  007AD8      3D69       0  CODE    
                text210                        007AD8  000006  007ADE      3D6C       0  CODE    
                text121                        007ADE  000006  007AE4      3D6F       0  CODE    
                text106                        007AE4  000006  007AEA      3D72       0  CODE    
                text67                         007AEA  000006  007AF0      3D75       0  CODE    
                text216                        007AF0  000008  007AF8      3D78       0  CODE    
                text212                        007AF8  000008  007B00      3D7C       0  CODE    
                text13                         007B00  000008  007B08      3D80       0  CODE    
                text208                        007B08  00000A  007B12      3D84       0  CODE    
                text158                        007B12  00000A  007B1C      3D89       0  CODE    
                text157                        007B1C  00000A  007B26      3D8E       0  CODE    
                text132                        007B26  00000A  007B30      3D93       0  CODE    
                text131                        007B30  00000A  007B3A      3D98       0  CODE    
                text129                        007B3A  00000A  007B44      3D9D       0  CODE    
                text128                        007B44  00000A  007B4E      3DA2       0  CODE    
                text127                        007B4E  00000A  007B58      3DA7       0  CODE    
                text100                        007B58  00000A  007B62      3DAC       0  CODE    
                text94                         007B62  00000A  007B6C      3DB1       0  CODE    
                text93                         007B6C  00000A  007B76      3DB6       0  CODE    
                text72                         007B76  00000A  007B80      3DBB       0  CODE    
                text71                         007B80  00000A  007B8A      3DC0       0  CODE    
                text24                         007B8A  00000A  007B94      3DC5       0  CODE    
                text23                         007B94  00000A  007B9E      3DCA       0  CODE    
                text18                         007B9E  00000A  007BA8      3DCF       0  CODE    
                text12                         007BA8  00000A  007BB2      3DD4       0  CODE    
                text163                        007BB2  00000C  007BBE      3DD9       0  CODE    
                text167                        007BBE  00000E  007BCC      3DDF       0  CODE    
                text9                          007BCC  00000E  007BDA      3DE6       0  CODE    
                text7                          007BDA  00000E  007BE8      3DED       0  CODE    
                text3                          007BE8  00000E  007BF6      3DF4       0  CODE    
                text2                          007BF6  00000E  007C04      3DFB       0  CODE    
                text151                        007C04  000010  007C14      3E02       0  CODE    
                text20                         007C14  000010  007C24      3E0A       0  CODE    
                text19                         007C24  000010  007C34      3E12       0  CODE    
                text17                         007C34  000010  007C44      3E1A       0  CODE    
                text14                         007C44  000010  007C54      3E22       0  CODE    
                text11                         007C54  000010  007C64      3E2A       0  CODE    
                idataBANK2                     007C64  000010  007C74      7C64       0  CODE    
                text168                        007C74  000012  007C86      3E3A       0  CODE    
                text66                         007C86  000012  007C98      3E43       0  CODE    
                text199                        007C98  000014  007CAC      3E4C       0  CODE    
                text122                        007CAC  000014  007CC0      3E56       0  CODE    
                text65                         007CC0  000014  007CD4      3E60       0  CODE    
                text83                         007CD4  000016  007CEA      3E6A       0  CODE    
                text25                         007CEA  000016  007D00      3E75       0  CODE    
                text91                         007D00  000018  007D18      3E80       0  CODE    
                text80                         007D18  000018  007D30      3E8C       0  CODE    
                text173                        007D30  00001A  007D4A      3E98       0  CODE    
                text124                        007D4A  00001A  007D64      3EA5       0  CODE    
                text98                         007D64  00001A  007D7E      3EB2       0  CODE    
                text204                        007D7E  00001C  007D9A      3EBF       0  CODE    
                text197                        007D9A  00001E  007DB8      3ECD       0  CODE    
                text82                         007DB8  00001E  007DD6      3EDC       0  CODE    
                text217                        007DD6  000020  007DF6      3EEB       0  CODE    
                text213                        007DF6  000020  007E16      3EFB       0  CODE    
                text209                        007E16  000020  007E36      3F0B       0  CODE    
                text207                        007E36  000020  007E56      3F1B       0  CODE    
                text200                        007E56  000020  007E76      3F2B       0  CODE    
                text182                        007E76  000020  007E96      3F3B       0  CODE    
                text166                        007E96  000020  007EB6      3F4B       0  CODE    
                text92                         007EB6  000020  007ED6      3F5B       0  CODE    
                text185                        007ED6  000022  007EF8      3F6B       0  CODE    
                text139                        007EF8  000022  007F1A      3F7C       0  CODE    
                text102                        007F1A  000022  007F3C      3F8D       0  CODE    
                text60                         007F3C  000022  007F5E      3F9E       0  CODE    
                text45                         007F5E  000022  007F80      3FAF       0  CODE    
                text10                         007F80  000022  007FA2      3FC0       0  CODE    
                text5                          007FA2  000022  007FC4      3FD1       0  CODE    
                text4                          007FC4  000022  007FE6      3FE2       0  CODE    
                text97                         007FE6  000024  00800A      3FF3       0  CODE    
                text87                         00800A  000024  00802E      4005       0  CODE    
                idataBANK1                     00802E  000024  008052      802E       0  CODE    
                text99                         008052  000026  008078      4029       0  CODE    
                text35                         008078  000026  00809E      403C       0  CODE    
                text178                        00809E  000028  0080C6      404F       0  CODE    
                text162                        0080C6  000028  0080EE      4063       0  CODE    
                text78                         0080EE  000028  008116      4077       0  CODE    
                text76                         008116  000028  00813E      408B       0  CODE    
                text43                         00813E  000028  008166      409F       0  CODE    
                text69                         008166  00002A  008190      40B3       0  CODE    
                text22                         008190  00002A  0081BA      40C8       0  CODE    
                text88                         0081BA  00002C  0081E6      40DD       0  CODE    
                text6                          0081E6  00002C  008212      40F3       0  CODE    
                text28                         008212  00002E  008240      4109       0  CODE    
                text27                         008240  00002E  00826E      4120       0  CODE    
                text26                         00826E  00002E  00829C      4137       0  CODE    
                text188                        00829C  000030  0082CC      414E       0  CODE    
                text172                        0082CC  000030  0082FC      4166       0  CODE    
                text85                         0082FC  000030  00832C      417E       0  CODE    
                text73                         00832C  000030  00835C      4196       0  CODE    
                text48                         00835C  000030  00838C      41AE       0  CODE    
                text196                        00838C  000032  0083BE      41C6       0  CODE    
                text89                         0083BE  000032  0083F0      41DF       0  CODE    
                text51                         0083F0  000032  008422      41F8       0  CODE    
                text44                         008422  000032  008454      4211       0  CODE    
                text41                         008454  000032  008486      422A       0  CODE    
                text146                        008486  000036  0084BC      4243       0  CODE    
                text32                         0084BC  00003E  0084FA      425E       0  CODE    
                text29                         0084FA  00003E  008538      427D       0  CODE    
                text118                        008538  000040  008578      429C       0  CODE    
                text49                         008578  000040  0085B8      42BC       0  CODE    
                text77                         0085B8  000042  0085FA      42DC       0  CODE    
                text203                        0085FA  000044  00863E      42FD       0  CODE    
                text187                        00863E  000044  008682      431F       0  CODE    
                text186                        008682  000044  0086C6      4341       0  CODE    
                text160                        0086C6  000044  00870A      4363       0  CODE    
                text141                        00870A  000044  00874E      4385       0  CODE    
                text96                         00874E  000044  008792      43A7       0  CODE    
                text171                        008792  000046  0087D8      43C9       0  CODE    
                text31                         0087D8  000048  008820      43EC       0  CODE    
                text181                        008820  00004A  00886A      4410       0  CODE    
                text47                         00886A  00004E  0088B8      4435       0  CODE    
                text194                        0088B8  000050  008908      445C       0  CODE    
                text42                         008908  000050  008958      4484       0  CODE    
                text190                        008958  000052  0089AA      44AC       0  CODE    
                text156                        0089AA  000052  0089FC      44D5       0  CODE    
                text202                        0089FC  000056  008A52      44FE       0  CODE    
                text46                         008A52  000056  008AA8      4529       0  CODE    
                text8                          008AA8  000056  008AFE      4554       0  CODE    
                text195                        008AFE  000058  008B56      457F       0  CODE    
                text112                        008B56  00005A  008BB0      45AB       0  CODE    
                text140                        008BB0  00005C  008C0C      45D8       0  CODE    
                text70                         008C0C  00005C  008C68      4606       0  CODE    
                text116                        008C68  00005E  008CC6      4634       0  CODE    
                text56                         008CC6  00005E  008D24      4663       0  CODE    
                text189                        008D24  000060  008D84      4692       0  CODE    
                text150                        008D84  000060  008DE4      46C2       0  CODE    
                text103                        008DE4  000060  008E44      46F2       0  CODE    
                text145                        008E44  000062  008EA6      4722       0  CODE    
                text142                        008EA6  000062  008F08      4753       0  CODE    
                text54                         008F08  000066  008F6E      4784       0  CODE    
                text165                        008F6E  000068  008FD6      47B7       0  CODE    
                text137                        008FD6  000068  00903E      47EB       0  CODE    
                text136                        00903E  00006A  0090A8      481F       0  CODE    
                text193                        0090A8  00006E  009116      4854       0  CODE    
                text192                        009116  00006E  009184      488B       0  CODE    
                text81                         009184  000070  0091F4      48C2       0  CODE    
                text59                         0091F4  000072  009266      48FA       0  CODE    
                text40                         009266  000074  0092DA      4933       0  CODE    
                text64                         0092DA  00007A  009354      496D       0  CODE    
                text63                         009354  00007C  0093D0      49AA       0  CODE    
                text115                        0093D0  000082  009452      49E8       0  CODE    
                text177                        009452  000084  0094D6      4A29       0  CODE    
                text86                         0094D6  000084  00955A      4A6B       0  CODE    
                text113                        00955A  000086  0095E0      4AAD       0  CODE    
                text109                        0095E0  000086  009666      4AF0       0  CODE    
                text130                        009666  00008A  0096F0      4B33       0  CODE    
                text191                        0096F0  00008C  00977C      4B78       0  CODE    
                text50                         00977C  000090  00980C      4BBE       0  CODE    
                text180                        00980C  000096  0098A2      4C06       0  CODE    
                text179                        0098A2  000096  009938      4C51       0  CODE    
                text33                         009938  00009A  0099D2      4C9C       0  CODE    
                text123                        0099D2  0000A4  009A76      4CE9       0  CODE    
                text153                        009A76  0000A8  009B1E      4D3B       0  CODE    
                text114                        009B1E  0000AC  009BCA      4D8F       0  CODE    
                text55                         009BCA  0000B6  009C80      4DE5       0  CODE    
                text39                         009C80  0000B8  009D38      4E40       0  CODE    
                text95                         009D38  0000BA  009DF2      4E9C       0  CODE    
                cinit                          009DF2  0000C2  009EB4      4EF9       0  CODE    
                text111                        009EB4  0000CA  009F7E      4F5A       0  CODE    
                text101                        009F7E  0000D2  00A050      4FBF       0  CODE    
                text38                         00A050  0000D4  00A124      5028       0  CODE    
                text107                        00A124  0000D6  00A1FA      5092       0  CODE    
                text152                        00A1FA  0000DE  00A2D8      50FD       0  CODE    
                text53                         00A2D8  0000E6  00A3BE      516C       0  CODE    
                text30                         00A3BE  0000E6  00A4A4      51DF       0  CODE    
                text155                        00A4A4  0000EA  00A58E      5252       0  CODE    
                text164                        00A58E  0000F0  00A67E      52C7       0  CODE    
                text135                        00A67E  0000F0  00A76E      533F       0  CODE    
                text110                        00A76E  0000F4  00A862      53B7       0  CODE    
                text161                        00A862  0000FE  00A960      5431       0  CODE    
                text205                        00A960  000100  00AA60      54B0       0  CODE    
                text183                        00AA60  000102  00AB62      5530       0  CODE    
                text126                        00AB62  000108  00AC6A      55B1       0  CODE    
                text0                          00AC6A  000116  00AD80      5635       0  CODE    
                text36                         00AD80  000118  00AE98      56C0       0  CODE    
                text52                         00AE98  000128  00AFC0      574C       0  CODE    
                text57                         00AFC0  00012E  00B0EE      57E0       0  CODE    
                text117                        00B0EE  000130  00B21E      5877       0  CODE    
                text34                         00B21E  00013E  00B35C      590F       0  CODE    
                text144                        00B35C  00014C  00B4A8      59AE       0  CODE    
                text176                        00B4A8  00015E  00B606      5A54       0  CODE    
                text148                        00B606  000164  00B76A      5B03       0  CODE    
                text206                        00B76A  00016C  00B8D6      5BB5       0  CODE    
                text37                         00B8D6  00016C  00BA42      5C6B       0  CODE    
                text154                        00BA42  00017E  00BBC0      5D21       0  CODE    
                text138                        00BBC0  000190  00BD50      5DE0       0  CODE    
                text184                        00BD50  000198  00BEE8      5EA8       0  CODE    
                text108                        00BEE8  0001D8  00C0C0      5F74       0  CODE    
                text159                        00C0C0  0001EE  00C2AE      6060       0  CODE    
                text125                        00C2AE  0001F0  00C49E      6157       0  CODE    
                text84                         00C49E  0001F6  00C694      624F       0  CODE    
                text79                         00C694  000214  00C8A8      634A       0  CODE    
                text68                         00C8A8  000232  00CADA      6454       0  CODE    
                text133                        00CADA  00023A  00CD14      656D       0  CODE    
                text149                        00CD14  0002A4  00CFB8      668A       0  CODE    
                text119                        00CFB8  0002C2  00D27A      67DC       0  CODE    
                text75                         00D27A  0002F6  00D570      693D       0  CODE    
                text1                          00D570  00030A  00D87A      6AB8       0  CODE    
                text147                        00D87A  00034A  00DBC4      6C3D       0  CODE    
                text143                        00DBC4  0003AA  00DF6E      6DE2       0  CODE    
                text104                        00DF6E  0003B0  00E31E      6FB7       0  CODE    
                text105                        00E31E  000462  00E780      718F       0  CODE    
                text90                         00E780  0004B4  00EC34      73C0       0  CODE    
                text134                        00EC34  000500  00F134      761A       0  CODE    
                text58                         00F134  000C8C  00FDC0      789A       0  CODE    
                mediumconst                    00FDC0  000240  010000      7EE0       0  MEDIUMCO


UNUSED ADDRESS RANGES

        Name                Unused          Largest block    Delta
        BANK1            001F1-001FF               F
        BANK10           00A00-00AFF             100
        BANK11           00B00-00BFF             100
        BANK12           00C00-00CFF             100
        BANK13           00D00-00DFF             100
        BANK14           00E00-00EFF             100
        BANK15           00F00-00F37              38
        BANK2            002F7-002FF               9
        BANK3            003A0-003FF              60
        BANK6            006AE-006FF              52
        BANK7            00700-007FF             100
        BANK8            00800-008FF             100
        BANK9            00900-009FF             100
        BIGRAM           00058-0005F               8
                         001F1-001FF               F
                         002F7-002FF               9
                         003A0-003FF              60
                         006AE-00F37             88A
        CODE             0007A-07A9F            7A26
        COMRAM           00058-0005F               8
        CONFIG           300000-30000D               E
        CONST            0007A-07A9F            7A26
        EEDATA           F00000-F003FF             400
        IDLOC            200000-200007               8
        MEDIUMCONST      01000-07A9F            6AA0
        RAM              001F1-001FF               F
                         002F7-002FF               9
                         003A0-003FF              60
                         006AE-00F37             100
        SFR              00F38-00FFF              28
        SMALLCONST       01000-07A9F             100

                                  Symbol Table

_DIO5_ISR_Lora                                       (abs)        00000
_INT0_SetInterruptHandler                                              
_INTERRUPT_InterruptManager                          intcode      00000
__CFG_BOREN$SBORDIS                                  (abs)        00000
__CFG_BORV$190                                       (abs)        00000
__CFG_CCP2MX$PORTC1                                  (abs)        00000
__CFG_CCP3MX$PORTB5                                  (abs)        00000
__CFG_CP0$OFF                                        (abs)        00000
__CFG_CP1$OFF                                        (abs)        00000
__CFG_CP2$OFF                                        (abs)        00000
__CFG_CP3$OFF                                        (abs)        00000
__CFG_CPB$OFF                                        (abs)        00000
__CFG_CPD$OFF                                        (abs)        00000
__CFG_DEBUG$OFF                                      (abs)        00000
__CFG_EBTR0$OFF                                      (abs)        00000
__CFG_EBTR1$OFF                                      (abs)        00000
__CFG_EBTR2$OFF                                      (abs)        00000
__CFG_EBTR3$OFF                                      (abs)        00000
__CFG_EBTRB$OFF                                      (abs)        00000
__CFG_FCMEN$OFF                                      (abs)        00000
__CFG_FOSC$INTIO67                                   (abs)        00000
__CFG_HFOFST$ON                                      (abs)        00000
__CFG_IESO$OFF                                       (abs)        00000
__CFG_LVP$ON                                         (abs)        00000
__CFG_MCLRE$EXTMCLR                                  (abs)        00000
__CFG_P2BMX$PORTD2                                   (abs)        00000
__CFG_PBADEN$ON                                      (abs)        00000
__CFG_PLLCFG$OFF                                     (abs)        00000
__CFG_PRICLKEN$ON                                    (abs)        00000
__CFG_PWRTEN$OFF                                     (abs)        00000
__CFG_STVREN$ON                                      (abs)        00000
__CFG_T3CMX$PORTC0                                   (abs)        00000
__CFG_WDTEN$OFF                                      (abs)        00000
__CFG_WDTPS$32768                                    (abs)        00000
__CFG_WRT0$OFF                                       (abs)        00000
__CFG_WRT1$OFF                                       (abs)        00000
__CFG_WRT2$OFF                                       (abs)        00000
__CFG_WRT3$OFF                                       (abs)        00000
__CFG_WRTB$OFF                                       (abs)        00000
__CFG_WRTC$OFF                                       (abs)        00000
__CFG_WRTD$OFF                                       (abs)        00000
__CFG_XINST$OFF                                      (abs)        00000
__HRAM                                               (abs)        00000
__Habs1                                              abs1         00000
__Hbank0                                             bank0        00000
__Hbank1                                             bank1        00000
__Hbank10                                            bank10       00000
__Hbank11                                            bank11       00000
__Hbank12                                            bank12       00000
__Hbank13                                            bank13       00000
__Hbank14                                            bank14       00000
__Hbank15                                            bank15       00000
__Hbank2                                             bank2        00000
__Hbank3                                             bank3        00000
__Hbank4                                             bank4        00000
__Hbank5                                             bank5        00000
__Hbank6                                             bank6        00000
__Hbank7                                             bank7        00000
__Hbank8                                             bank8        00000
__Hbank9                                             bank9        00000
__Hbigbss                                            bigbss       00000
__Hbigdata                                           bigdata      00000
__Hbigram                                            bigram       00000
__Hbss                                               bss          00000
__HbssBANK0                                          bssBANK0     00000
__HbssBANK1                                          bssBANK1     00000
__HbssBANK2                                          bssBANK2     00000
__HbssBANK3                                          bssBANK3     00000
__HbssBANK4                                          bssBANK4     00000
__HbssBIGRAM                                         bssBIGRAM    00000
__HbssCOMRAM                                         bssCOMRAM    00000
__Hcinit                                             cinit        00000
__Hclrtext                                           clrtext      00000
__Hcomram                                            comram       00000
__Hconfig                                            config       00000
__Hconst                                             const        00000
__HcstackBANK0                                       cstackBANK0  00000
__HcstackBANK1                                       cstackBANK1  00000
__HcstackCOMRAM                                      cstackCOMRAM 00000
__Hdata                                              data         00000
__HdataBANK1                                         dataBANK1    00000
__HdataBANK2                                         dataBANK2    00000
__HdataCOMRAM                                        dataCOMRAM   00000
__Heeprom_data                                       eeprom_data  00000
__Hfarbss                                            farbss       00000
__Hfardata                                           fardata      00000
__Hibigdata                                          ibigdata     00000
__Hidata                                             idata        00000
__HidataBANK1                                        idataBANK1   00000
__HidataBANK2                                        idataBANK2   00000
__HidataCOMRAM                                       idataCOMRAM  00000
__Hidloc                                             idloc        00000
__Hifardata                                          ifardata     00000
__Hintcode_body                                      intcode_body 00000
__Hintentry                                          intentry     00000
__Hintret                                            intret       00000
__Hintsave_regs                                      intsave_regs 00000
__Hirdata                                            irdata       00000
__HnvFARRAM                                          nvFARRAM     00000
__Hnvbit                                             nvbit        00000
__Hnvrram                                            nvrram       00000
__Hparam                                             rparam       00000
__Hram                                               ram          00000
__Hrbit                                              rbit         00000
__Hrbss                                              rbss         00000
__Hrdata                                             rdata        00000
__Hreset_vec                                         reset_vec    00000
__Hrparam                                            rparam       00000
__Hsfr                                               sfr          00000
__Hsmallconst                                        smallconst   00000
__Hspace_2                                           (abs)        00000
__Hstack                                             stack        00000
__Hstruct                                            struct       00000
__Htext                                              text         00000
__Htext0                                             text0        00000
__Htext1                                             text1        00000
__Htext10                                            text10       00000
__Htext100                                           text100      00000
__Htext101                                           text101      00000
__Htext102                                           text102      00000
__Htext103                                           text103      00000
__Htext104                                           text104      00000
__Htext105                                           text105      00000
__Htext106                                           text106      00000
__Htext107                                           text107      00000
__Htext108                                           text108      00000
__Htext109                                           text109      00000
__Htext11                                            text11       00000
__Htext110                                           text110      00000
__Htext111                                           text111      00000
__Htext112                                           text112      00000
__Htext113                                           text113      00000
__Htext114                                           text114      00000
__Htext115                                           text115      00000
__Htext116                                           text116      00000
__Htext117                                           text117      00000
__Htext118                                           text118      00000
__Htext119                                           text119      00000
__Htext12                                            text12       00000
__Htext120                                           text120      00000
__Htext121                                           text121      00000
__Htext122                                           text122      00000
__Htext123                                           text123      00000
__Htext124                                           text124      00000
[...]
__ptext70                                            text70       08C0C
_CheckFlags                                          text116      08C68
__end_of_ConfigureRadio                              text70       08C68
__ptext116                                           text116      08C68
_LORAWAN_RxTimeout                                   text56       08CC6
__end_of_CheckFlags                                  text116      08CC6
__ptext56                                            text56       08CC6
__end_of_LORAWAN_RxTimeout                           text56       08D24
__ptext189                                           text189      08D24
_memcpy                                              text189      08D24
_LORAWAN_Init                                        text150      08D84
__end_of_memcpy                                      text189      08D84
__ptext150                                           text150      08D84
_LORAWAN_GetMaxPayloadSize                           text103      08DE4
__end_of_LORAWAN_Init                                text150      08DE4
__ptext103                                           text103      08DE4
_FillSubKey                                          text145      08E44
__end_of_LORAWAN_GetMaxPayloadSize                   text103      08E44
__ptext145                                           text145      08E44
_ComputeMic                                          text142      08EA6
__end_of_FillSubKey                                  text145      08EA6
__ptext142                                           text142      08EA6
___abdiv                                             text54       08F08
__end_of_ComputeMic                                  text142      08F08
__ptext54                                            text54       08F08
___llmod                                             text165      08F6E
__end_of___abdiv                                     text54       08F6E
__ptext165                                           text165      08F6E
_RADIO_WriteFSKBitRate                               text137      08FD6
__end_of___llmod                                     text165      08FD6
__ptext137                                           text137      08FD6
_RADIO_WriteFSKFrequencyDeviation                    text136      0903E
__end_of_RADIO_WriteFSKBitRate                       text137      0903E
__ptext136                                           text136      0903E
_GenerateUSFrequency2                                text193      090A8
__end_of_RADIO_WriteFSKFrequencyDeviation            text136      090A8
__ptext193                                           text193      090A8
_LORAWAN_GetFrequency                                text192      09116
__end_of_GenerateUSFrequency2                        text193      09116
__ptext192                                           text192      09116
_ValidateFrequency                                   text81       09184
__end_of_LORAWAN_GetFrequency                        text192      09184
__ptext81                                            text81       09184
_UpdateRetransmissionAckTimeoutState                 text59       091F4
__end_of_ValidateFrequency                           text81       091F4
__ptext59                                            text59       091F4
_UnconfirmedTransmissionCallback                     text40       09266
__end_of_UpdateRetransmissionAckTimeoutState         text59       09266
__ptext40                                            text40       09266
_LORAWAN_EnterContinuousReceive                      text64       092DA
__end_of_UnconfirmedTransmissionCallback             text40       092DA
__ptext64                                            text64       092DA
_SetReceptionNotOkState                              text63       09354
__end_of_LORAWAN_EnterContinuousReceive              text64       09354
__ptext63                                            text63       09354
_CheckMcastFlags                                     text115      093D0
__end_of_SetReceptionNotOkState                      text63       093D0
__ptext115                                           text115      093D0
___lldiv                                             text177      09452
__end_of_CheckMcastFlags                             text115      09452
__ptext177                                           text177      09452
_ValidateDataRange                                   text86       094D6
__end_of___lldiv                                     text177      094D6
__ptext86                                            text86       094D6
_ComputeSessionKeys                                  text113      0955A
__end_of_ValidateDataRange                           text86       0955A
__ptext113                                           text113      0955A
___awdiv                                             text109      095E0
__end_of_ComputeSessionKeys                          text113      095E0
__ptext109                                           text109      095E0
_RADIO_SetChannelFrequency                           text130      09666
__end_of___awdiv                                     text109      09666
__ptext130                                           text130      09666
_SwTimerCreate                                       text191      096F0
__end_of_RADIO_SetChannelFrequency                   text130      096F0
__ptext191                                           text191      096F0
_RADIO_DIO0                                          text50       0977C
__end_of_SwTimerCreate                               text191      0977C
__ptext50                                            text50       0977C
_TMR_OverrideRemaining                               text180      0980C
__end_of_RADIO_DIO0                                  text50       0980C
__ptext180                                           text180      0980C
_SwTimerStart                                        text179      098A2
__end_of_TMR_OverrideRemaining                       text180      098A2
__ptext179                                           text179      098A2
_TransmissionErrorCallback                           text33       09938
__end_of_SwTimerStart                                text179      09938
__ptext33                                            text33       09938
_LORAWAN_Join                                        text123      099D2
__end_of_TransmissionErrorCallback                   text33       099D2
__ptext123                                           text123      099D2
_RADIO_ReadRandom                                    text153      09A76
__end_of_LORAWAN_Join                                text123      09A76
__ptext153                                           text153      09A76
_PrepareSessionKeys                                  text114      09B1E
__end_of_RADIO_ReadRandom                            text153      09B1E
__ptext114                                           text114      09B1E
_RADIO_FSKPayloadReady                               text55       09BCA
__end_of_PrepareSessionKeys                          text114      09BCA
__ptext55                                            text55       09BCA
_LORAWAN_ReceiveWindow1Callback                      text39       09C80
__end_of_RADIO_FSKPayloadReady                       text55       09C80
__ptext39                                            text39       09C80
_EnableChannels                                      text95       09D38
__end_of_LORAWAN_ReceiveWindow1Callback              text39       09D38
__ptext95                                            text95       09D38
__end_of_EnableChannels                              text95       09DF2
__initialization                                     cinit        09DF2
__pcinit                                             cinit        09DF2
start_initialization                                 cinit        09DF2
__end_of__initialization                             cinit        09EAE
end_of_initialization                                cinit        09EAE
_CountfOptsLength                                    text111      09EB4
__ptext111                                           text111      09EB4
_LORAWAN_Send                                        text101      09F7E
__end_of_CountfOptsLength                            text111      09F7E
__ptext101                                           text101      09F7E
_LORAWAN_ReceiveWindow2Callback                      text38       0A050
__end_of_LORAWAN_Send                                text101      0A050
__ptext38                                            text38       0A050
_FindSmallestDataRate                                text107      0A124
__end_of_LORAWAN_ReceiveWindow2Callback              text38       0A124
__ptext107                                           text107      0A124
_SetCallbackSoftwareTimers                           text152      0A1FA
__end_of_FindSmallestDataRate                        text107      0A1FA
__ptext152                                           text152      0A1FA
_RADIO_RxDone                                        text53       0A2D8
__end_of_SetCallbackSoftwareTimers                   text152      0A2D8
__ptext53                                            text53       0A2D8
_SwTimersExecute                                     text30       0A3BE
__end_of_RADIO_RxDone                                text53       0A3BE
__ptext30                                            text30       0A3BE
_UpdateMinMaxChDataRate                              text155      0A4A4
__end_of_SwTimersExecute                             text30       0A4A4
__ptext155                                           text155      0A4A4
_RADIO_WriteFrequency                                text164      0A58E
__end_of_UpdateMinMaxChDataRate                      text155      0A58E
__ptext164                                           text164      0A58E
_RADIO_WritePower                                    text135      0A67E
__end_of_RADIO_WriteFrequency                        text164      0A67E
__ptext135                                           text135      0A67E
_AssembleEncryptionBlock                             text110      0A76E
__end_of_RADIO_WritePower                            text135      0A76E
__ptext110                                           text110      0A76E
_RADIO_WriteMode                                     text161      0A862
__end_of_AssembleEncryptionBlock                     text110      0A862
__ptext161                                           text161      0A862
__end_of_RADIO_WriteMode                             text161      0A960
__ptext205                                           text205      0A960
i2_SwTimersInterrupt                                 text205      0A960
_SwTimersInterrupt                                   text183      0AA60
__end_ofi2_SwTimersInterrupt                         text205      0AA60
__ptext183                                           text183      0AA60
_SearchAvailableChannel                              text126      0AB62
__end_of_SwTimersInterrupt                           text183      0AB62
__ptext126                                           text126      0AB62
__end_of_SearchAvailableChannel                      text126      0AC6A
__ptext0                                             text0        0AC6A
_main                                                text0        0AC6A
_AckRetransmissionCallback                           text36       0AD80
__end_of_main                                        text0        0AD80
__ptext36                                            text36       0AD80
_RADIO_TxDone                                        text52       0AE98
__end_of_AckRetransmissionCallback                   text36       0AE98
__ptext52                                            text52       0AE98
_Retransmissions                                     text57       0AFC0
__end_of_RADIO_TxDone                                text52       0AFC0
__ptext57                                            text57       0AFC0
_RADIO_FSKPacketSent                                 text117      0B0EE
__end_of_Retransmissions                             text57       0B0EE
__ptext117                                           text117      0B0EE
_UpdateJoinSuccessState                              text34       0B21E
__end_of_RADIO_FSKPacketSent                         text117      0B21E
__ptext34                                            text34       0B21E
_GenerateSubkey                                      text144      0B35C
__end_of_UpdateJoinSuccessState                      text34       0B35C
__ptext144                                           text144      0B35C
_LORAWAN_LinkCheckConfigure                          text176      0B4A8
__end_of_GenerateSubkey                              text144      0B4A8
__ptext176                                           text176      0B4A8
_EncodeShiftRow                                      text148      0B606
__end_of_LORAWAN_LinkCheckConfigure                  text176      0B606
__ptext148                                           text148      0B606
__end_of_EncodeShiftRow                              text148      0B76A
__ptext206                                           text206      0B76A
i2_TMR_GetDeltaTime                                  text206      0B76A
_LORAWAN_LinkCheckCallback                           text37       0B8D6
__end_ofi2_TMR_GetDeltaTime                          text206      0B8D6
__ptext37                                            text37       0B8D6
_LORAWAN_Reset                                       text154      0BA42
__end_of_LORAWAN_LinkCheckCallback                   text37       0BA42
__ptext154                                           text154      0BA42
_PrepareJoinRequestFrame                             text138      0BBC0
__end_of_LORAWAN_Reset                               text154      0BBC0
__ptext138                                           text138      0BBC0
_TMR_GetDeltaTime                                    text184      0BD50
__end_of_PrepareJoinRequestFrame                     text138      0BD50
__ptext184                                           text184      0BD50
_EncryptFRMPayload                                   text108      0BEE8
__end_of_TMR_GetDeltaTime                            text184      0BEE8
__ptext108                                           text108      0BEE8
_RADIO_Init                                          text159      0C0C0
__end_of_EncryptFRMPayload                           text108      0C0C0
__ptext159                                           text159      0C0C0
_SelectChannelForTransmission                        text125      0C2AE
__end_of_RADIO_Init                                  text159      0C2AE
__ptext125                                           text125      0C2AE
_ExecuteNewChannel                                   text84       0C49E
__end_of_SelectChannelForTransmission                text125      0C49E
__ptext84                                            text84       0C49E
_ExecuteRxParamSetupReq                              text79       0C694
__end_of_ExecuteNewChannel                           text84       0C694
__ptext79                                            text79       0C694
_RADIO_ReceiveStart                                  text68       0C8A8
__end_of_ExecuteRxParamSetupReq                      text79       0C8A8
__ptext68                                            text68       0C8A8
_RADIO_Transmit                                      text133      0CADA
__end_of_RADIO_ReceiveStart                          text68       0CADA
__ptext133                                           text133      0CADA
_EncKeySchedule                                      text149      0CD14
__end_of_RADIO_Transmit                              text133      0CD14
__ptext149                                           text149      0CD14
_LORAWAN_TxDone                                      text119      0CFB8
__end_of_EncKeySchedule                              text149      0CFB8
__ptext119                                           text119      0CFB8
_MacExecuteCommands                                  text75       0D27A
__end_of_LORAWAN_TxDone                              text119      0D27A
__ptext75                                            text75       0D27A
__end_of_MacExecuteCommands                          text75       0D570
__ptext1                                             text1        0D570
_printf                                              text1        0D570
_AESEncode                                           text147      0D87A
__end_of_printf                                      text1        0D87A
__ptext147                                           text147      0D87A
_AESCmac                                             text143      0DBC4
__end_of_AESEncode                                   text147      0DBC4
__ptext143                                           text143      0DBC4
_AssemblePacket                                      text104      0DF6E
__end_of_AESCmac                                     text143      0DF6E
__ptext104                                           text104      0DF6E
_IncludeMacCommandsResponse                          text105      0E31E
__end_of_AssemblePacket                              text104      0E31E
__ptext105                                           text105      0E31E
_ExecuteLinkAdr                                      text90       0E780
__end_of_IncludeMacCommandsResponse                  text105      0E780
__ptext90                                            text90       0E780
_RADIO_WriteConfiguration                            text134      0EC34
__end_of_ExecuteLinkAdr                              text90       0EC34
__ptext134                                           text134      0EC34
_LORAWAN_RxDone                                      text58       0F134
__end_of_RADIO_WriteConfiguration                    text134      0F134
__ptext58                                            text58       0F134
__Lmediumconst                                       mediumconst  0FDC0
__end_of_LORAWAN_RxDone                              text58       0FDC0
__mediumconst                                        mediumconst  0FDC0
__pmediumconst                                       mediumconst  0FDC0
_STable                                              mediumconst  0FDC1
__end_of_STable                                      mediumconst  0FEC1
_dpowers                                             mediumconst  0FEC1
__end_of_dpowers                                     mediumconst  0FEE9
_spreadingFactor                                     mediumconst  0FEE9
__end_of_spreadingFactor                             mediumconst  0FEF7
_rxWindowOffset                                      mediumconst  0FEF7
__end_of_rxWindowOffset                              mediumconst  0FF05
_maxPayloadSize                                      mediumconst  0FF05
__end_of_maxPayloadSize                              mediumconst  0FF13
_rxWindowSize                                        mediumconst  0FF13
__end_of_rxWindowSize                                mediumconst  0FF21
_txPower915                                          mediumconst  0FF21
__end_of_txPower915                                  mediumconst  0FF2C
_macEndDevCmdReplyLen                                mediumconst  0FF2C
_DefaultChannels915                                  mediumconst  0FF33
__end_of_macEndDevCmdReplyLen                        mediumconst  0FF33
__end_of_DefaultChannels915                          mediumconst  0FFC3
__Hmediumconst                                       mediumconst  10000
__Hspace_0                                           (abs)        10000
__S0                                                 (abs)        10000
